{
  "Entries": [
    {
      "RequestUri": "/subscriptions/b936ff46-de59-4b9d-806e-00df62b1bfad/providers/Microsoft.Compute/locations/centraluseuap/publishers/MicrosoftWindowsServer/artifacttypes/vmimage/offers/WindowsServer/skus/2012-R2-Datacenter/versions?$top=1&api-version=2019-03-01",
      "EncodedRequestUri": "L3N1YnNjcmlwdGlvbnMvYjkzNmZmNDYtZGU1OS00YjlkLTgwNmUtMDBkZjYyYjFiZmFkL3Byb3ZpZGVycy9NaWNyb3NvZnQuQ29tcHV0ZS9sb2NhdGlvbnMvY2VudHJhbHVzZXVhcC9wdWJsaXNoZXJzL01pY3Jvc29mdFdpbmRvd3NTZXJ2ZXIvYXJ0aWZhY3R0eXBlcy92bWltYWdlL29mZmVycy9XaW5kb3dzU2VydmVyL3NrdXMvMjAxMi1SMi1EYXRhY2VudGVyL3ZlcnNpb25zPyR0b3A9MSZhcGktdmVyc2lvbj0yMDE5LTAzLTAx",
      "RequestMethod": "GET",
      "RequestBody": "",
      "RequestHeaders": {
        "x-ms-client-request-id": [
          "2d91e9d8-0d23-4bfa-a28e-d71c731f10cd"
        ],
        "Accept-Language": [
          "en-US"
        ],
        "User-Agent": [
          "FxVersion/4.6.27414.06",
          "OSName/Windows",
          "OSVersion/Microsoft.Windows.10.0.14393.",
          "Microsoft.Azure.Management.Compute.ComputeManagementClient/27.1.0.0"
        ]
      },
      "ResponseHeaders": {
        "Cache-Control": [
          "no-cache"
        ],
        "Pragma": [
          "no-cache"
        ],
        "Strict-Transport-Security": [
          "max-age=31536000; includeSubDomains"
        ],
        "x-ms-served-by": [
          "0d9dba78-1e8a-4aa0-b19b-25d4fc064622_131849465354326519"
        ],
        "x-ms-request-id": [
          "883db71a-f527-4222-8ab5-a73531a6db03"
        ],
        "Server": [
          "Microsoft-HTTPAPI/2.0",
          "Microsoft-HTTPAPI/2.0"
        ],
        "x-ms-ratelimit-remaining-subscription-reads": [
          "11988"
        ],
        "x-ms-correlation-request-id": [
          "d542aad1-8454-44ab-bb7f-c4dcc3f42e0b"
        ],
        "x-ms-routing-request-id": [
          "WESTUS:20190708T225608Z:d542aad1-8454-44ab-bb7f-c4dcc3f42e0b"
        ],
        "X-Content-Type-Options": [
          "nosniff"
        ],
        "Date": [
          "Mon, 08 Jul 2019 22:56:08 GMT"
        ],
        "Content-Length": [
          "321"
        ],
        "Content-Type": [
          "application/json; charset=utf-8"
        ],
        "Expires": [
          "-1"
        ]
      },
      "ResponseBody": "[\r\n  {\r\n    \"location\": \"CentralUSEUAP\",\r\n    \"name\": \"4.127.20180315\",\r\n    \"id\": \"/Subscriptions/b936ff46-de59-4b9d-806e-00df62b1bfad/Providers/Microsoft.Compute/Locations/CentralUSEUAP/Publishers/MicrosoftWindowsServer/ArtifactTypes/VMImage/Offers/WindowsServer/Skus/2012-R2-Datacenter/Versions/4.127.20180315\"\r\n  }\r\n]",
      "StatusCode": 200
    },
    {
      "RequestUri": "/subscriptions/b936ff46-de59-4b9d-806e-00df62b1bfad/resourcegroups/crptestar6095?api-version=2017-05-10",
      "EncodedRequestUri": "L3N1YnNjcmlwdGlvbnMvYjkzNmZmNDYtZGU1OS00YjlkLTgwNmUtMDBkZjYyYjFiZmFkL3Jlc291cmNlZ3JvdXBzL2NycHRlc3RhcjYwOTU/YXBpLXZlcnNpb249MjAxNy0wNS0xMA==",
      "RequestMethod": "PUT",
      "RequestBody": "{\r\n  \"location\": \"centraluseuap\",\r\n  \"tags\": {\r\n    \"crptestar6095\": \"2019-07-08 22:56:08Z\"\r\n  }\r\n}",
      "RequestHeaders": {
        "x-ms-client-request-id": [
          "d27ae68d-c71f-430c-a111-d9e2d0b5ee84"
        ],
        "Accept-Language": [
          "en-US"
        ],
        "User-Agent": [
          "FxVersion/4.6.27414.06",
          "OSName/Windows",
          "OSVersion/Microsoft.Windows.10.0.14393.",
          "Microsoft.Azure.Management.ResourceManager.ResourceManagementClient/1.6.0.0"
        ],
        "Content-Type": [
          "application/json; charset=utf-8"
        ],
        "Content-Length": [
          "99"
        ]
      },
      "ResponseHeaders": {
        "Cache-Control": [
          "no-cache"
        ],
        "Pragma": [
          "no-cache"
        ],
        "x-ms-ratelimit-remaining-subscription-writes": [
          "1199"
        ],
        "x-ms-request-id": [
          "a03107be-6fad-48bc-ad61-e3788ce0d4c5"
        ],
        "x-ms-correlation-request-id": [
          "a03107be-6fad-48bc-ad61-e3788ce0d4c5"
        ],
        "x-ms-routing-request-id": [
          "WESTUS:20190708T225611Z:a03107be-6fad-48bc-ad61-e3788ce0d4c5"
        ],
        "Strict-Transport-Security": [
          "max-age=31536000; includeSubDomains"
        ],
        "X-Content-Type-Options": [
          "nosniff"
        ],
        "Date": [
          "Mon, 08 Jul 2019 22:56:10 GMT"
        ],
        "Content-Length": [
          "234"
        ],
        "Content-Type": [
          "application/json; charset=utf-8"
        ],
        "Expires": [
          "-1"
        ]
      },
      "ResponseBody": "{\r\n  \"id\": \"/subscriptions/b936ff46-de59-4b9d-806e-00df62b1bfad/resourceGroups/crptestar6095\",\r\n  \"name\": \"crptestar6095\",\r\n  \"location\": \"centraluseuap\",\r\n  \"tags\": {\r\n    \"crptestar6095\": \"2019-07-08 22:56:08Z\"\r\n  },\r\n  \"properties\": {\r\n    \"provisioningState\": \"Succeeded\"\r\n  }\r\n}",
      "StatusCode": 201
    },
    {
      "RequestUri": "/subscriptions/b936ff46-de59-4b9d-806e-00df62b1bfad/resourcegroups/crptestar6095?api-version=2017-05-10",
      "EncodedRequestUri": "L3N1YnNjcmlwdGlvbnMvYjkzNmZmNDYtZGU1OS00YjlkLTgwNmUtMDBkZjYyYjFiZmFkL3Jlc291cmNlZ3JvdXBzL2NycHRlc3RhcjYwOTU/YXBpLXZlcnNpb249MjAxNy0wNS0xMA==",
      "RequestMethod": "PUT",
      "RequestBody": "{\r\n  \"location\": \"centraluseuap\"\r\n}",
      "RequestHeaders": {
        "x-ms-client-request-id": [
          "74cb9d9d-4ea9-4ab5-bd79-e21500464f25"
        ],
        "Accept-Language": [
          "en-US"
        ],
        "User-Agent": [
          "FxVersion/4.6.27414.06",
          "OSName/Windows",
          "OSVersion/Microsoft.Windows.10.0.14393.",
          "Microsoft.Azure.Management.ResourceManager.ResourceManagementClient/1.6.0.0"
        ],
        "Content-Type": [
          "application/json; charset=utf-8"
        ],
        "Content-Length": [
          "35"
        ]
      },
      "ResponseHeaders": {
        "Cache-Control": [
          "no-cache"
        ],
        "Pragma": [
          "no-cache"
        ],
        "x-ms-ratelimit-remaining-subscription-writes": [
          "1198"
        ],
        "x-ms-request-id": [
          "4fbc4af9-6c45-4846-b3d8-27630a92860e"
        ],
        "x-ms-correlation-request-id": [
          "4fbc4af9-6c45-4846-b3d8-27630a92860e"
        ],
        "x-ms-routing-request-id": [
          "WESTUS:20190708T225642Z:4fbc4af9-6c45-4846-b3d8-27630a92860e"
        ],
        "Strict-Transport-Security": [
          "max-age=31536000; includeSubDomains"
        ],
        "X-Content-Type-Options": [
          "nosniff"
        ],
        "Date": [
          "Mon, 08 Jul 2019 22:56:42 GMT"
        ],
        "Content-Length": [
          "186"
        ],
        "Content-Type": [
          "application/json; charset=utf-8"
        ],
        "Expires": [
          "-1"
        ]
      },
      "ResponseBody": "{\r\n  \"id\": \"/subscriptions/b936ff46-de59-4b9d-806e-00df62b1bfad/resourceGroups/crptestar6095\",\r\n  \"name\": \"crptestar6095\",\r\n  \"location\": \"centraluseuap\",\r\n  \"properties\": {\r\n    \"provisioningState\": \"Succeeded\"\r\n  }\r\n}",
      "StatusCode": 200
    },
    {
      "RequestUri": "/subscriptions/b936ff46-de59-4b9d-806e-00df62b1bfad/resourceGroups/crptestar6095/providers/Microsoft.Storage/storageAccounts/crptestar322?api-version=2015-06-15",
      "EncodedRequestUri": "L3N1YnNjcmlwdGlvbnMvYjkzNmZmNDYtZGU1OS00YjlkLTgwNmUtMDBkZjYyYjFiZmFkL3Jlc291cmNlR3JvdXBzL2NycHRlc3RhcjYwOTUvcHJvdmlkZXJzL01pY3Jvc29mdC5TdG9yYWdlL3N0b3JhZ2VBY2NvdW50cy9jcnB0ZXN0YXIzMjI/YXBpLXZlcnNpb249MjAxNS0wNi0xNQ==",
      "RequestMethod": "PUT",
      "RequestBody": "{\r\n  \"location\": \"centraluseuap\",\r\n  \"properties\": {\r\n    \"accountType\": \"Standard_GRS\"\r\n  }\r\n}",
      "RequestHeaders": {
        "x-ms-client-request-id": [
          "6be0ba2f-d5d3-43a1-afc4-40b8c2785277"
        ],
        "Accept-Language": [
          "en-US"
        ],
        "User-Agent": [
          "FxVersion/4.6.27414.06",
          "OSName/Windows",
          "OSVersion/Microsoft.Windows.10.0.14393.",
          "Microsoft.Azure.Management.Storage.StorageManagementClient/4.0.0.0"
        ],
        "Content-Type": [
          "application/json; charset=utf-8"
        ],
        "Content-Length": [
          "95"
        ]
      },
      "ResponseHeaders": {
        "Cache-Control": [
          "no-cache"
        ],
        "Pragma": [
          "no-cache"
        ],
        "Location": [
          "https://management.azure.com/subscriptions/b936ff46-de59-4b9d-806e-00df62b1bfad/providers/Microsoft.Storage/locations/centraluseuap/asyncoperations/453ba098-673b-482f-af88-49dc6b39ddd3?monitor=true&api-version=2015-06-15"
        ],
        "Retry-After": [
          "17"
        ],
        "x-ms-request-id": [
          "453ba098-673b-482f-af88-49dc6b39ddd3"
        ],
        "Strict-Transport-Security": [
          "max-age=31536000; includeSubDomains"
        ],
        "Server": [
          "Microsoft-Azure-Storage-Resource-Provider/1.0,Microsoft-HTTPAPI/2.0 Microsoft-HTTPAPI/2.0"
        ],
        "x-ms-ratelimit-remaining-subscription-writes": [
          "1199"
        ],
        "x-ms-correlation-request-id": [
          "face0cc8-d777-407c-b627-5755e30cebb4"
        ],
        "x-ms-routing-request-id": [
          "WESTUS:20190708T225613Z:face0cc8-d777-407c-b627-5755e30cebb4"
        ],
        "X-Content-Type-Options": [
          "nosniff"
        ],
        "Date": [
          "Mon, 08 Jul 2019 22:56:13 GMT"
        ],
        "Content-Type": [
          "text/plain; charset=utf-8"
        ],
        "Expires": [
          "-1"
        ],
        "Content-Length": [
          "0"
        ]
      },
      "ResponseBody": "",
      "StatusCode": 202
    },
    {
      "RequestUri": "/subscriptions/b936ff46-de59-4b9d-806e-00df62b1bfad/providers/Microsoft.Storage/locations/centraluseuap/asyncoperations/453ba098-673b-482f-af88-49dc6b39ddd3?monitor=true&api-version=2015-06-15",
      "EncodedRequestUri": "L3N1YnNjcmlwdGlvbnMvYjkzNmZmNDYtZGU1OS00YjlkLTgwNmUtMDBkZjYyYjFiZmFkL3Byb3ZpZGVycy9NaWNyb3NvZnQuU3RvcmFnZS9sb2NhdGlvbnMvY2VudHJhbHVzZXVhcC9hc3luY29wZXJhdGlvbnMvNDUzYmEwOTgtNjczYi00ODJmLWFmODgtNDlkYzZiMzlkZGQzP21vbml0b3I9dHJ1ZSZhcGktdmVyc2lvbj0yMDE1LTA2LTE1",
      "RequestMethod": "GET",
      "RequestBody": "",
      "RequestHeaders": {
        "User-Agent": [
          "FxVersion/4.6.27414.06",
          "OSName/Windows",
          "OSVersion/Microsoft.Windows.10.0.14393.",
          "Microsoft.Azure.Management.Storage.StorageManagementClient/4.0.0.0"
        ]
      },
      "ResponseHeaders": {
        "Cache-Control": [
          "no-cache"
        ],
        "Pragma": [
          "no-cache"
        ],
        "x-ms-request-id": [
          "a88a117f-16c0-4a88-ad33-63bfe4a7287b"
        ],
        "Strict-Transport-Security": [
          "max-age=31536000; includeSubDomains"
        ],
        "Server": [
          "Microsoft-Azure-Storage-Resource-Provider/1.0,Microsoft-HTTPAPI/2.0 Microsoft-HTTPAPI/2.0"
        ],
        "x-ms-ratelimit-remaining-subscription-reads": [
          "11999"
        ],
        "x-ms-correlation-request-id": [
          "07ea3676-f7d1-4aa9-a05c-f8185644c0d5"
        ],
        "x-ms-routing-request-id": [
          "WESTUS:20190708T225630Z:07ea3676-f7d1-4aa9-a05c-f8185644c0d5"
        ],
        "X-Content-Type-Options": [
          "nosniff"
        ],
        "Date": [
          "Mon, 08 Jul 2019 22:56:29 GMT"
        ],
        "Content-Length": [
          "95"
        ],
        "Content-Type": [
          "application/json"
        ],
        "Expires": [
          "-1"
        ]
      },
      "ResponseBody": "{\r\n  \"location\": \"centraluseuap\",\r\n  \"properties\": {\r\n    \"accountType\": \"Standard_GRS\"\r\n  }\r\n}",
      "StatusCode": 200
    },
    {
      "RequestUri": "/subscriptions/b936ff46-de59-4b9d-806e-00df62b1bfad/resourceGroups/crptestar6095/providers/Microsoft.Storage/storageAccounts?api-version=2015-06-15",
      "EncodedRequestUri": "L3N1YnNjcmlwdGlvbnMvYjkzNmZmNDYtZGU1OS00YjlkLTgwNmUtMDBkZjYyYjFiZmFkL3Jlc291cmNlR3JvdXBzL2NycHRlc3RhcjYwOTUvcHJvdmlkZXJzL01pY3Jvc29mdC5TdG9yYWdlL3N0b3JhZ2VBY2NvdW50cz9hcGktdmVyc2lvbj0yMDE1LTA2LTE1",
      "RequestMethod": "GET",
      "RequestBody": "",
      "RequestHeaders": {
        "x-ms-client-request-id": [
          "4789a88b-c3cd-4933-8db0-b0cb0b8141b5"
        ],
        "Accept-Language": [
          "en-US"
        ],
        "User-Agent": [
          "FxVersion/4.6.27414.06",
          "OSName/Windows",
          "OSVersion/Microsoft.Windows.10.0.14393.",
          "Microsoft.Azure.Management.Storage.StorageManagementClient/4.0.0.0"
        ]
      },
      "ResponseHeaders": {
        "Cache-Control": [
          "no-cache"
        ],
        "Pragma": [
          "no-cache"
        ],
        "x-ms-request-id": [
          "afc3495a-623c-4b6f-87e1-50cf0e15b038"
        ],
        "Strict-Transport-Security": [
          "max-age=31536000; includeSubDomains"
        ],
        "Server": [
          "Microsoft-Azure-Storage-Resource-Provider/1.0,Microsoft-HTTPAPI/2.0 Microsoft-HTTPAPI/2.0"
        ],
        "x-ms-ratelimit-remaining-subscription-reads": [
          "11998"
        ],
        "x-ms-correlation-request-id": [
          "71e2e3cb-3c2c-4911-80bb-42af14b432cb"
        ],
        "x-ms-routing-request-id": [
          "WESTUS:20190708T225640Z:71e2e3cb-3c2c-4911-80bb-42af14b432cb"
        ],
        "X-Content-Type-Options": [
          "nosniff"
        ],
        "Date": [
          "Mon, 08 Jul 2019 22:56:40 GMT"
        ],
        "Content-Length": [
          "749"
        ],
        "Content-Type": [
          "application/json"
        ],
        "Expires": [
          "-1"
        ]
      },
      "ResponseBody": "{\r\n  \"value\": [\r\n    {\r\n      \"id\": \"/subscriptions/b936ff46-de59-4b9d-806e-00df62b1bfad/resourceGroups/crptestar6095/providers/Microsoft.Storage/storageAccounts/crptestar322\",\r\n      \"name\": \"crptestar322\",\r\n      \"type\": \"Microsoft.Storage/storageAccounts\",\r\n      \"location\": \"centraluseuap\",\r\n      \"tags\": {},\r\n      \"properties\": {\r\n        \"accountType\": \"Standard_GRS\",\r\n        \"provisioningState\": \"Succeeded\",\r\n        \"creationTime\": \"2019-07-08T22:56:12.9107062Z\",\r\n        \"primaryEndpoints\": {\r\n          \"blob\": \"https://crptestar322.blob.core.windows.net/\",\r\n          \"queue\": \"https://crptestar322.queue.core.windows.net/\",\r\n          \"table\": \"https://crptestar322.table.core.windows.net/\",\r\n          \"file\": \"https://crptestar322.file.core.windows.net/\"\r\n        },\r\n        \"primaryLocation\": \"centraluseuap\",\r\n        \"statusOfPrimary\": \"available\",\r\n        \"secondaryLocation\": \"eastus2euap\",\r\n        \"statusOfSecondary\": \"available\"\r\n      }\r\n    }\r\n  ]\r\n}",
      "StatusCode": 200
    },
    {
      "RequestUri": "/subscriptions/b936ff46-de59-4b9d-806e-00df62b1bfad/resourceGroups/crptestar6095/providers/Microsoft.Storage/storageAccounts/crptestar322?api-version=2015-06-15",
      "EncodedRequestUri": "L3N1YnNjcmlwdGlvbnMvYjkzNmZmNDYtZGU1OS00YjlkLTgwNmUtMDBkZjYyYjFiZmFkL3Jlc291cmNlR3JvdXBzL2NycHRlc3RhcjYwOTUvcHJvdmlkZXJzL01pY3Jvc29mdC5TdG9yYWdlL3N0b3JhZ2VBY2NvdW50cy9jcnB0ZXN0YXIzMjI/YXBpLXZlcnNpb249MjAxNS0wNi0xNQ==",
      "RequestMethod": "GET",
      "RequestBody": "",
      "RequestHeaders": {
        "x-ms-client-request-id": [
          "74e5f5c3-4150-4b08-bc8f-08d603c40307"
        ],
        "Accept-Language": [
          "en-US"
        ],
        "User-Agent": [
          "FxVersion/4.6.27414.06",
          "OSName/Windows",
          "OSVersion/Microsoft.Windows.10.0.14393.",
          "Microsoft.Azure.Management.Storage.StorageManagementClient/4.0.0.0"
        ]
      },
      "ResponseHeaders": {
        "Cache-Control": [
          "no-cache"
        ],
        "Pragma": [
          "no-cache"
        ],
        "x-ms-request-id": [
          "8be89794-a895-4388-ba4b-4379ff38e2c9"
        ],
        "Strict-Transport-Security": [
          "max-age=31536000; includeSubDomains"
        ],
        "Server": [
          "Microsoft-Azure-Storage-Resource-Provider/1.0,Microsoft-HTTPAPI/2.0 Microsoft-HTTPAPI/2.0"
        ],
        "x-ms-ratelimit-remaining-subscription-reads": [
          "11997"
        ],
        "x-ms-correlation-request-id": [
          "4810a830-9b21-4957-a020-0f656821da8a"
        ],
        "x-ms-routing-request-id": [
          "WESTUS:20190708T225641Z:4810a830-9b21-4957-a020-0f656821da8a"
        ],
        "X-Content-Type-Options": [
          "nosniff"
        ],
        "Date": [
          "Mon, 08 Jul 2019 22:56:40 GMT"
        ],
        "Content-Length": [
          "737"
        ],
        "Content-Type": [
          "application/json"
        ],
        "Expires": [
          "-1"
        ]
      },
      "ResponseBody": "{\r\n  \"id\": \"/subscriptions/b936ff46-de59-4b9d-806e-00df62b1bfad/resourceGroups/crptestar6095/providers/Microsoft.Storage/storageAccounts/crptestar322\",\r\n  \"name\": \"crptestar322\",\r\n  \"type\": \"Microsoft.Storage/storageAccounts\",\r\n  \"location\": \"centraluseuap\",\r\n  \"tags\": {},\r\n  \"properties\": {\r\n    \"accountType\": \"Standard_GRS\",\r\n    \"provisioningState\": \"Succeeded\",\r\n    \"creationTime\": \"2019-07-08T22:56:12.9107062Z\",\r\n    \"primaryEndpoints\": {\r\n      \"blob\": \"https://crptestar322.blob.core.windows.net/\",\r\n      \"queue\": \"https://crptestar322.queue.core.windows.net/\",\r\n      \"table\": \"https://crptestar322.table.core.windows.net/\",\r\n      \"file\": \"https://crptestar322.file.core.windows.net/\"\r\n    },\r\n    \"primaryLocation\": \"centraluseuap\",\r\n    \"statusOfPrimary\": \"available\",\r\n    \"secondaryLocation\": \"eastus2euap\",\r\n    \"statusOfSecondary\": \"available\"\r\n  }\r\n}",
      "StatusCode": 200
    },
    {
      "RequestUri": "/subscriptions/b936ff46-de59-4b9d-806e-00df62b1bfad/resourceGroups/crptestar6095/providers/Microsoft.Compute/virtualMachineScaleSets/VMScaleSetDoesNotExist?api-version=2019-03-01",
      "EncodedRequestUri": "L3N1YnNjcmlwdGlvbnMvYjkzNmZmNDYtZGU1OS00YjlkLTgwNmUtMDBkZjYyYjFiZmFkL3Jlc291cmNlR3JvdXBzL2NycHRlc3RhcjYwOTUvcHJvdmlkZXJzL01pY3Jvc29mdC5Db21wdXRlL3ZpcnR1YWxNYWNoaW5lU2NhbGVTZXRzL1ZNU2NhbGVTZXREb2VzTm90RXhpc3Q/YXBpLXZlcnNpb249MjAxOS0wMy0wMQ==",
      "RequestMethod": "DELETE",
      "RequestBody": "",
      "RequestHeaders": {
        "x-ms-client-request-id": [
          "e0452355-4592-4d0b-9bf9-7b77997cdfb0"
        ],
        "Accept-Language": [
          "en-US"
        ],
        "User-Agent": [
          "FxVersion/4.6.27414.06",
          "OSName/Windows",
          "OSVersion/Microsoft.Windows.10.0.14393.",
          "Microsoft.Azure.Management.Compute.ComputeManagementClient/27.1.0.0"
        ]
      },
      "ResponseHeaders": {
        "Cache-Control": [
          "no-cache"
        ],
        "Pragma": [
          "no-cache"
        ],
        "x-ms-ratelimit-remaining-subscription-deletes": [
          "14998"
        ],
        "x-ms-request-id": [
          "e95fa80f-5fb7-4be3-90d0-aad64218ab8c"
        ],
        "x-ms-correlation-request-id": [
          "e95fa80f-5fb7-4be3-90d0-aad64218ab8c"
        ],
        "x-ms-routing-request-id": [
          "WESTUS:20190708T225641Z:e95fa80f-5fb7-4be3-90d0-aad64218ab8c"
        ],
        "Strict-Transport-Security": [
          "max-age=31536000; includeSubDomains"
        ],
        "X-Content-Type-Options": [
          "nosniff"
        ],
        "Date": [
          "Mon, 08 Jul 2019 22:56:40 GMT"
        ],
        "Expires": [
          "-1"
        ]
      },
      "ResponseBody": "",
      "StatusCode": 204
    },
    {
      "RequestUri": "/subscriptions/b936ff46-de59-4b9d-806e-00df62b1bfad/resourceGroups/crptestar6095/providers/Microsoft.Network/publicIPAddresses/pip1559?api-version=2018-07-01",
      "EncodedRequestUri": "L3N1YnNjcmlwdGlvbnMvYjkzNmZmNDYtZGU1OS00YjlkLTgwNmUtMDBkZjYyYjFiZmFkL3Jlc291cmNlR3JvdXBzL2NycHRlc3RhcjYwOTUvcHJvdmlkZXJzL01pY3Jvc29mdC5OZXR3b3JrL3B1YmxpY0lQQWRkcmVzc2VzL3BpcDE1NTk/YXBpLXZlcnNpb249MjAxOC0wNy0wMQ==",
      "RequestMethod": "PUT",
      "RequestBody": "{\r\n  \"properties\": {\r\n    \"publicIPAllocationMethod\": \"Dynamic\",\r\n    \"dnsSettings\": {\r\n      \"domainNameLabel\": \"dn5963\"\r\n    }\r\n  },\r\n  \"location\": \"centraluseuap\",\r\n  \"tags\": {\r\n    \"key\": \"value\"\r\n  }\r\n}",
      "RequestHeaders": {
        "x-ms-client-request-id": [
          "a13d70ac-bce6-4fcb-9c63-f943e1c9aed1"
        ],
        "Accept-Language": [
          "en-US"
        ],
        "User-Agent": [
          "FxVersion/4.6.27414.06",
          "OSName/Windows",
          "OSVersion/Microsoft.Windows.10.0.14393.",
          "Microsoft.Azure.Management.Network.NetworkManagementClient/19.3.0.0"
        ],
        "Content-Type": [
          "application/json; charset=utf-8"
        ],
        "Content-Length": [
          "207"
        ]
      },
      "ResponseHeaders": {
        "Cache-Control": [
          "no-cache"
        ],
        "Pragma": [
          "no-cache"
        ],
        "Retry-After": [
          "1"
        ],
        "x-ms-request-id": [
          "5d9ed203-e73c-4362-a3eb-e57fd62a9096"
        ],
        "Azure-AsyncOperation": [
          "https://management.azure.com/subscriptions/b936ff46-de59-4b9d-806e-00df62b1bfad/providers/Microsoft.Network/locations/centraluseuap/operations/5d9ed203-e73c-4362-a3eb-e57fd62a9096?api-version=2018-07-01"
        ],
        "x-ms-correlation-request-id": [
          "bd219ab1-bae3-49d3-8d2f-e1144739b2d7"
        ],
        "Strict-Transport-Security": [
          "max-age=31536000; includeSubDomains"
        ],
        "Server": [
          "Microsoft-HTTPAPI/2.0",
          "Microsoft-HTTPAPI/2.0"
        ],
        "x-ms-ratelimit-remaining-subscription-writes": [
          "1199"
        ],
        "x-ms-routing-request-id": [
          "WESTUS:20190708T225644Z:bd219ab1-bae3-49d3-8d2f-e1144739b2d7"
        ],
        "X-Content-Type-Options": [
          "nosniff"
        ],
        "Date": [
          "Mon, 08 Jul 2019 22:56:43 GMT"
        ],
        "Content-Length": [
          "794"
        ],
        "Content-Type": [
          "application/json; charset=utf-8"
        ],
        "Expires": [
          "-1"
        ]
      },
      "ResponseBody": "{\r\n  \"name\": \"pip1559\",\r\n  \"id\": \"/subscriptions/b936ff46-de59-4b9d-806e-00df62b1bfad/resourceGroups/crptestar6095/providers/Microsoft.Network/publicIPAddresses/pip1559\",\r\n  \"etag\": \"W/\\\"476dc9d7-2173-4657-82b1-43e3ae94b8e4\\\"\",\r\n  \"location\": \"centraluseuap\",\r\n  \"tags\": {\r\n    \"key\": \"value\"\r\n  },\r\n  \"properties\": {\r\n    \"provisioningState\": \"Updating\",\r\n    \"resourceGuid\": \"363c9247-5ef5-4646-a94c-c9b0ed13aba3\",\r\n    \"publicIPAddressVersion\": \"IPv4\",\r\n    \"publicIPAllocationMethod\": \"Dynamic\",\r\n    \"idleTimeoutInMinutes\": 4,\r\n    \"dnsSettings\": {\r\n      \"domainNameLabel\": \"dn5963\",\r\n      \"fqdn\": \"dn5963.centraluseuap.cloudapp.azure.com\"\r\n    },\r\n    \"ipTags\": []\r\n  },\r\n  \"type\": \"Microsoft.Network/publicIPAddresses\",\r\n  \"sku\": {\r\n    \"name\": \"Basic\",\r\n    \"tier\": \"Regional\"\r\n  }\r\n}",
      "StatusCode": 201
    },
    {
      "RequestUri": "/subscriptions/b936ff46-de59-4b9d-806e-00df62b1bfad/providers/Microsoft.Network/locations/centraluseuap/operations/5d9ed203-e73c-4362-a3eb-e57fd62a9096?api-version=2018-07-01",
      "EncodedRequestUri": "L3N1YnNjcmlwdGlvbnMvYjkzNmZmNDYtZGU1OS00YjlkLTgwNmUtMDBkZjYyYjFiZmFkL3Byb3ZpZGVycy9NaWNyb3NvZnQuTmV0d29yay9sb2NhdGlvbnMvY2VudHJhbHVzZXVhcC9vcGVyYXRpb25zLzVkOWVkMjAzLWU3M2MtNDM2Mi1hM2ViLWU1N2ZkNjJhOTA5Nj9hcGktdmVyc2lvbj0yMDE4LTA3LTAx",
      "RequestMethod": "GET",
      "RequestBody": "",
      "RequestHeaders": {
        "User-Agent": [
          "FxVersion/4.6.27414.06",
          "OSName/Windows",
          "OSVersion/Microsoft.Windows.10.0.14393.",
          "Microsoft.Azure.Management.Network.NetworkManagementClient/19.3.0.0"
        ]
      },
      "ResponseHeaders": {
        "Cache-Control": [
          "no-cache"
        ],
        "Pragma": [
          "no-cache"
        ],
        "x-ms-request-id": [
          "cdd2dfc2-8769-4432-8975-40ca058df1e2"
        ],
        "x-ms-correlation-request-id": [
          "2f5fdcdf-f371-40eb-b7ec-8d0affaec267"
        ],
        "Strict-Transport-Security": [
          "max-age=31536000; includeSubDomains"
        ],
        "Server": [
          "Microsoft-HTTPAPI/2.0",
          "Microsoft-HTTPAPI/2.0"
        ],
        "x-ms-ratelimit-remaining-subscription-reads": [
          "11999"
        ],
        "x-ms-routing-request-id": [
          "WESTUS:20190708T225645Z:2f5fdcdf-f371-40eb-b7ec-8d0affaec267"
        ],
        "X-Content-Type-Options": [
          "nosniff"
        ],
        "Date": [
          "Mon, 08 Jul 2019 22:56:45 GMT"
        ],
        "Content-Length": [
          "29"
        ],
        "Content-Type": [
          "application/json; charset=utf-8"
        ],
        "Expires": [
          "-1"
        ]
      },
      "ResponseBody": "{\r\n  \"status\": \"Succeeded\"\r\n}",
      "StatusCode": 200
    },
    {
      "RequestUri": "/subscriptions/b936ff46-de59-4b9d-806e-00df62b1bfad/resourceGroups/crptestar6095/providers/Microsoft.Network/publicIPAddresses/pip1559?api-version=2018-07-01",
      "EncodedRequestUri": "L3N1YnNjcmlwdGlvbnMvYjkzNmZmNDYtZGU1OS00YjlkLTgwNmUtMDBkZjYyYjFiZmFkL3Jlc291cmNlR3JvdXBzL2NycHRlc3RhcjYwOTUvcHJvdmlkZXJzL01pY3Jvc29mdC5OZXR3b3JrL3B1YmxpY0lQQWRkcmVzc2VzL3BpcDE1NTk/YXBpLXZlcnNpb249MjAxOC0wNy0wMQ==",
      "RequestMethod": "GET",
      "RequestBody": "",
      "RequestHeaders": {
        "User-Agent": [
          "FxVersion/4.6.27414.06",
          "OSName/Windows",
          "OSVersion/Microsoft.Windows.10.0.14393.",
          "Microsoft.Azure.Management.Network.NetworkManagementClient/19.3.0.0"
        ]
      },
      "ResponseHeaders": {
        "Cache-Control": [
          "no-cache"
        ],
        "Pragma": [
          "no-cache"
        ],
        "ETag": [
          "W/\"8fdbdec8-37ca-4b7a-bc46-6b1d919aea04\""
        ],
        "x-ms-request-id": [
          "699223d3-a132-40aa-9057-d3e65648822a"
        ],
        "x-ms-correlation-request-id": [
          "90bc3f2c-093c-4248-89fb-35b1221a7451"
        ],
        "Strict-Transport-Security": [
          "max-age=31536000; includeSubDomains"
        ],
        "Server": [
          "Microsoft-HTTPAPI/2.0",
          "Microsoft-HTTPAPI/2.0"
        ],
        "x-ms-ratelimit-remaining-subscription-reads": [
          "11998"
        ],
        "x-ms-routing-request-id": [
          "WESTUS:20190708T225645Z:90bc3f2c-093c-4248-89fb-35b1221a7451"
        ],
        "X-Content-Type-Options": [
          "nosniff"
        ],
        "Date": [
          "Mon, 08 Jul 2019 22:56:45 GMT"
        ],
        "Content-Length": [
          "795"
        ],
        "Content-Type": [
          "application/json; charset=utf-8"
        ],
        "Expires": [
          "-1"
        ]
      },
      "ResponseBody": "{\r\n  \"name\": \"pip1559\",\r\n  \"id\": \"/subscriptions/b936ff46-de59-4b9d-806e-00df62b1bfad/resourceGroups/crptestar6095/providers/Microsoft.Network/publicIPAddresses/pip1559\",\r\n  \"etag\": \"W/\\\"8fdbdec8-37ca-4b7a-bc46-6b1d919aea04\\\"\",\r\n  \"location\": \"centraluseuap\",\r\n  \"tags\": {\r\n    \"key\": \"value\"\r\n  },\r\n  \"properties\": {\r\n    \"provisioningState\": \"Succeeded\",\r\n    \"resourceGuid\": \"363c9247-5ef5-4646-a94c-c9b0ed13aba3\",\r\n    \"publicIPAddressVersion\": \"IPv4\",\r\n    \"publicIPAllocationMethod\": \"Dynamic\",\r\n    \"idleTimeoutInMinutes\": 4,\r\n    \"dnsSettings\": {\r\n      \"domainNameLabel\": \"dn5963\",\r\n      \"fqdn\": \"dn5963.centraluseuap.cloudapp.azure.com\"\r\n    },\r\n    \"ipTags\": []\r\n  },\r\n  \"type\": \"Microsoft.Network/publicIPAddresses\",\r\n  \"sku\": {\r\n    \"name\": \"Basic\",\r\n    \"tier\": \"Regional\"\r\n  }\r\n}",
      "StatusCode": 200
    },
    {
      "RequestUri": "/subscriptions/b936ff46-de59-4b9d-806e-00df62b1bfad/resourceGroups/crptestar6095/providers/Microsoft.Network/publicIPAddresses/pip1559?api-version=2018-07-01",
      "EncodedRequestUri": "L3N1YnNjcmlwdGlvbnMvYjkzNmZmNDYtZGU1OS00YjlkLTgwNmUtMDBkZjYyYjFiZmFkL3Jlc291cmNlR3JvdXBzL2NycHRlc3RhcjYwOTUvcHJvdmlkZXJzL01pY3Jvc29mdC5OZXR3b3JrL3B1YmxpY0lQQWRkcmVzc2VzL3BpcDE1NTk/YXBpLXZlcnNpb249MjAxOC0wNy0wMQ==",
      "RequestMethod": "GET",
      "RequestBody": "",
      "RequestHeaders": {
        "x-ms-client-request-id": [
          "a033ade9-9fe5-4c3f-a49e-631cd69bc562"
        ],
        "Accept-Language": [
          "en-US"
        ],
        "User-Agent": [
          "FxVersion/4.6.27414.06",
          "OSName/Windows",
          "OSVersion/Microsoft.Windows.10.0.14393.",
          "Microsoft.Azure.Management.Network.NetworkManagementClient/19.3.0.0"
        ]
      },
      "ResponseHeaders": {
        "Cache-Control": [
          "no-cache"
        ],
        "Pragma": [
          "no-cache"
        ],
        "ETag": [
          "W/\"8fdbdec8-37ca-4b7a-bc46-6b1d919aea04\""
        ],
        "x-ms-request-id": [
          "d2eb3960-ded9-447a-9b60-b6ccc862199d"
        ],
        "x-ms-correlation-request-id": [
          "9c8246b7-54ef-419f-a5f2-d2f036a24b6b"
        ],
        "Strict-Transport-Security": [
          "max-age=31536000; includeSubDomains"
        ],
        "Server": [
          "Microsoft-HTTPAPI/2.0",
          "Microsoft-HTTPAPI/2.0"
        ],
        "x-ms-ratelimit-remaining-subscription-reads": [
          "11997"
        ],
        "x-ms-routing-request-id": [
          "WESTUS:20190708T225645Z:9c8246b7-54ef-419f-a5f2-d2f036a24b6b"
        ],
        "X-Content-Type-Options": [
          "nosniff"
        ],
        "Date": [
          "Mon, 08 Jul 2019 22:56:45 GMT"
        ],
        "Content-Length": [
          "795"
        ],
        "Content-Type": [
          "application/json; charset=utf-8"
        ],
        "Expires": [
          "-1"
        ]
      },
      "ResponseBody": "{\r\n  \"name\": \"pip1559\",\r\n  \"id\": \"/subscriptions/b936ff46-de59-4b9d-806e-00df62b1bfad/resourceGroups/crptestar6095/providers/Microsoft.Network/publicIPAddresses/pip1559\",\r\n  \"etag\": \"W/\\\"8fdbdec8-37ca-4b7a-bc46-6b1d919aea04\\\"\",\r\n  \"location\": \"centraluseuap\",\r\n  \"tags\": {\r\n    \"key\": \"value\"\r\n  },\r\n  \"properties\": {\r\n    \"provisioningState\": \"Succeeded\",\r\n    \"resourceGuid\": \"363c9247-5ef5-4646-a94c-c9b0ed13aba3\",\r\n    \"publicIPAddressVersion\": \"IPv4\",\r\n    \"publicIPAllocationMethod\": \"Dynamic\",\r\n    \"idleTimeoutInMinutes\": 4,\r\n    \"dnsSettings\": {\r\n      \"domainNameLabel\": \"dn5963\",\r\n      \"fqdn\": \"dn5963.centraluseuap.cloudapp.azure.com\"\r\n    },\r\n    \"ipTags\": []\r\n  },\r\n  \"type\": \"Microsoft.Network/publicIPAddresses\",\r\n  \"sku\": {\r\n    \"name\": \"Basic\",\r\n    \"tier\": \"Regional\"\r\n  }\r\n}",
      "StatusCode": 200
    },
    {
      "RequestUri": "/subscriptions/b936ff46-de59-4b9d-806e-00df62b1bfad/resourceGroups/crptestar6095/providers/Microsoft.Network/virtualNetworks/vn5673?api-version=2018-07-01",
      "EncodedRequestUri": "L3N1YnNjcmlwdGlvbnMvYjkzNmZmNDYtZGU1OS00YjlkLTgwNmUtMDBkZjYyYjFiZmFkL3Jlc291cmNlR3JvdXBzL2NycHRlc3RhcjYwOTUvcHJvdmlkZXJzL01pY3Jvc29mdC5OZXR3b3JrL3ZpcnR1YWxOZXR3b3Jrcy92bjU2NzM/YXBpLXZlcnNpb249MjAxOC0wNy0wMQ==",
      "RequestMethod": "PUT",
      "RequestBody": "{\r\n  \"properties\": {\r\n    \"addressSpace\": {\r\n      \"addressPrefixes\": [\r\n        \"10.0.0.0/16\"\r\n      ]\r\n    },\r\n    \"dhcpOptions\": {\r\n      \"dnsServers\": [\r\n        \"10.1.1.1\",\r\n        \"10.1.2.4\"\r\n      ]\r\n    },\r\n    \"subnets\": [\r\n      {\r\n        \"properties\": {\r\n          \"addressPrefix\": \"10.0.0.0/24\"\r\n        },\r\n        \"name\": \"sn1534\"\r\n      }\r\n    ]\r\n  },\r\n  \"location\": \"centraluseuap\"\r\n}",
      "RequestHeaders": {
        "x-ms-client-request-id": [
          "700f205c-f009-4a56-9742-5c89c7ae4247"
        ],
        "Accept-Language": [
          "en-US"
        ],
        "User-Agent": [
          "FxVersion/4.6.27414.06",
          "OSName/Windows",
          "OSVersion/Microsoft.Windows.10.0.14393.",
          "Microsoft.Azure.Management.Network.NetworkManagementClient/19.3.0.0"
        ],
        "Content-Type": [
          "application/json; charset=utf-8"
        ],
        "Content-Length": [
          "402"
        ]
      },
      "ResponseHeaders": {
        "Cache-Control": [
          "no-cache"
        ],
        "Pragma": [
          "no-cache"
        ],
        "Retry-After": [
          "3"
        ],
        "x-ms-request-id": [
          "911976f7-357c-478e-8074-7a42fefa14d5"
        ],
        "Azure-AsyncOperation": [
          "https://management.azure.com/subscriptions/b936ff46-de59-4b9d-806e-00df62b1bfad/providers/Microsoft.Network/locations/centraluseuap/operations/911976f7-357c-478e-8074-7a42fefa14d5?api-version=2018-07-01"
        ],
        "x-ms-correlation-request-id": [
          "12f4da44-18a4-48d9-9ac1-b9f74e61ef50"
        ],
        "Strict-Transport-Security": [
          "max-age=31536000; includeSubDomains"
        ],
        "Server": [
          "Microsoft-HTTPAPI/2.0",
          "Microsoft-HTTPAPI/2.0"
        ],
        "x-ms-ratelimit-remaining-subscription-writes": [
          "1198"
        ],
        "x-ms-routing-request-id": [
          "WESTUS:20190708T225647Z:12f4da44-18a4-48d9-9ac1-b9f74e61ef50"
        ],
        "X-Content-Type-Options": [
          "nosniff"
        ],
        "Date": [
          "Mon, 08 Jul 2019 22:56:46 GMT"
        ],
        "Content-Length": [
          "1240"
        ],
        "Content-Type": [
          "application/json; charset=utf-8"
        ],
        "Expires": [
          "-1"
        ]
      },
      "ResponseBody": "{\r\n  \"name\": \"vn5673\",\r\n  \"id\": \"/subscriptions/b936ff46-de59-4b9d-806e-00df62b1bfad/resourceGroups/crptestar6095/providers/Microsoft.Network/virtualNetworks/vn5673\",\r\n  \"etag\": \"W/\\\"90a66364-1195-493d-90f4-ee529b5ef2cd\\\"\",\r\n  \"type\": \"Microsoft.Network/virtualNetworks\",\r\n  \"location\": \"centraluseuap\",\r\n  \"properties\": {\r\n    \"provisioningState\": \"Updating\",\r\n    \"resourceGuid\": \"86aae12b-cfe9-4b71-8bfe-2939c5d908f6\",\r\n    \"addressSpace\": {\r\n      \"addressPrefixes\": [\r\n        \"10.0.0.0/16\"\r\n      ]\r\n    },\r\n    \"dhcpOptions\": {\r\n      \"dnsServers\": [\r\n        \"10.1.1.1\",\r\n        \"10.1.2.4\"\r\n      ]\r\n    },\r\n    \"subnets\": [\r\n      {\r\n        \"name\": \"sn1534\",\r\n        \"id\": \"/subscriptions/b936ff46-de59-4b9d-806e-00df62b1bfad/resourceGroups/crptestar6095/providers/Microsoft.Network/virtualNetworks/vn5673/subnets/sn1534\",\r\n        \"etag\": \"W/\\\"90a66364-1195-493d-90f4-ee529b5ef2cd\\\"\",\r\n        \"properties\": {\r\n          \"provisioningState\": \"Updating\",\r\n          \"addressPrefix\": \"10.0.0.0/24\",\r\n          \"delegations\": []\r\n        },\r\n        \"type\": \"Microsoft.Network/virtualNetworks/subnets\"\r\n      }\r\n    ],\r\n    \"virtualNetworkPeerings\": [],\r\n    \"enableDdosProtection\": false,\r\n    \"enableVmProtection\": false\r\n  }\r\n}",
      "StatusCode": 201
    },
    {
      "RequestUri": "/subscriptions/b936ff46-de59-4b9d-806e-00df62b1bfad/providers/Microsoft.Network/locations/centraluseuap/operations/911976f7-357c-478e-8074-7a42fefa14d5?api-version=2018-07-01",
      "EncodedRequestUri": "L3N1YnNjcmlwdGlvbnMvYjkzNmZmNDYtZGU1OS00YjlkLTgwNmUtMDBkZjYyYjFiZmFkL3Byb3ZpZGVycy9NaWNyb3NvZnQuTmV0d29yay9sb2NhdGlvbnMvY2VudHJhbHVzZXVhcC9vcGVyYXRpb25zLzkxMTk3NmY3LTM1N2MtNDc4ZS04MDc0LTdhNDJmZWZhMTRkNT9hcGktdmVyc2lvbj0yMDE4LTA3LTAx",
      "RequestMethod": "GET",
      "RequestBody": "",
      "RequestHeaders": {
        "User-Agent": [
          "FxVersion/4.6.27414.06",
          "OSName/Windows",
          "OSVersion/Microsoft.Windows.10.0.14393.",
          "Microsoft.Azure.Management.Network.NetworkManagementClient/19.3.0.0"
        ]
      },
      "ResponseHeaders": {
        "Cache-Control": [
          "no-cache"
        ],
        "Pragma": [
          "no-cache"
        ],
        "x-ms-request-id": [
          "ac7b8e0f-df56-4532-bd29-26f0b33b63d0"
        ],
        "x-ms-correlation-request-id": [
          "545cb42e-c8c0-4d3f-bad5-ee72e81bd4b7"
        ],
        "Strict-Transport-Security": [
          "max-age=31536000; includeSubDomains"
        ],
        "Server": [
          "Microsoft-HTTPAPI/2.0",
          "Microsoft-HTTPAPI/2.0"
        ],
        "x-ms-ratelimit-remaining-subscription-reads": [
          "11996"
        ],
        "x-ms-routing-request-id": [
          "WESTUS:20190708T225650Z:545cb42e-c8c0-4d3f-bad5-ee72e81bd4b7"
        ],
        "X-Content-Type-Options": [
          "nosniff"
        ],
        "Date": [
          "Mon, 08 Jul 2019 22:56:49 GMT"
        ],
        "Content-Length": [
          "29"
        ],
        "Content-Type": [
          "application/json; charset=utf-8"
        ],
        "Expires": [
          "-1"
        ]
      },
      "ResponseBody": "{\r\n  \"status\": \"Succeeded\"\r\n}",
      "StatusCode": 200
    },
    {
      "RequestUri": "/subscriptions/b936ff46-de59-4b9d-806e-00df62b1bfad/resourceGroups/crptestar6095/providers/Microsoft.Network/virtualNetworks/vn5673?api-version=2018-07-01",
      "EncodedRequestUri": "L3N1YnNjcmlwdGlvbnMvYjkzNmZmNDYtZGU1OS00YjlkLTgwNmUtMDBkZjYyYjFiZmFkL3Jlc291cmNlR3JvdXBzL2NycHRlc3RhcjYwOTUvcHJvdmlkZXJzL01pY3Jvc29mdC5OZXR3b3JrL3ZpcnR1YWxOZXR3b3Jrcy92bjU2NzM/YXBpLXZlcnNpb249MjAxOC0wNy0wMQ==",
      "RequestMethod": "GET",
      "RequestBody": "",
      "RequestHeaders": {
        "User-Agent": [
          "FxVersion/4.6.27414.06",
          "OSName/Windows",
          "OSVersion/Microsoft.Windows.10.0.14393.",
          "Microsoft.Azure.Management.Network.NetworkManagementClient/19.3.0.0"
        ]
      },
      "ResponseHeaders": {
        "Cache-Control": [
          "no-cache"
        ],
        "Pragma": [
          "no-cache"
        ],
        "ETag": [
          "W/\"73e6ba61-f651-4766-99e0-1f7b70bb1c06\""
        ],
        "x-ms-request-id": [
          "c8bf2f49-fcd5-473b-ac6d-658decb7842f"
        ],
        "x-ms-correlation-request-id": [
          "912d517c-df95-446e-b006-8db92ddcdb03"
        ],
        "Strict-Transport-Security": [
          "max-age=31536000; includeSubDomains"
        ],
        "Server": [
          "Microsoft-HTTPAPI/2.0",
          "Microsoft-HTTPAPI/2.0"
        ],
        "x-ms-ratelimit-remaining-subscription-reads": [
          "11995"
        ],
        "x-ms-routing-request-id": [
          "WESTUS:20190708T225650Z:912d517c-df95-446e-b006-8db92ddcdb03"
        ],
        "X-Content-Type-Options": [
          "nosniff"
        ],
        "Date": [
          "Mon, 08 Jul 2019 22:56:49 GMT"
        ],
        "Content-Length": [
          "1242"
        ],
        "Content-Type": [
          "application/json; charset=utf-8"
        ],
        "Expires": [
          "-1"
        ]
      },
      "ResponseBody": "{\r\n  \"name\": \"vn5673\",\r\n  \"id\": \"/subscriptions/b936ff46-de59-4b9d-806e-00df62b1bfad/resourceGroups/crptestar6095/providers/Microsoft.Network/virtualNetworks/vn5673\",\r\n  \"etag\": \"W/\\\"73e6ba61-f651-4766-99e0-1f7b70bb1c06\\\"\",\r\n  \"type\": \"Microsoft.Network/virtualNetworks\",\r\n  \"location\": \"centraluseuap\",\r\n  \"properties\": {\r\n    \"provisioningState\": \"Succeeded\",\r\n    \"resourceGuid\": \"86aae12b-cfe9-4b71-8bfe-2939c5d908f6\",\r\n    \"addressSpace\": {\r\n      \"addressPrefixes\": [\r\n        \"10.0.0.0/16\"\r\n      ]\r\n    },\r\n    \"dhcpOptions\": {\r\n      \"dnsServers\": [\r\n        \"10.1.1.1\",\r\n        \"10.1.2.4\"\r\n      ]\r\n    },\r\n    \"subnets\": [\r\n      {\r\n        \"name\": \"sn1534\",\r\n        \"id\": \"/subscriptions/b936ff46-de59-4b9d-806e-00df62b1bfad/resourceGroups/crptestar6095/providers/Microsoft.Network/virtualNetworks/vn5673/subnets/sn1534\",\r\n        \"etag\": \"W/\\\"73e6ba61-f651-4766-99e0-1f7b70bb1c06\\\"\",\r\n        \"properties\": {\r\n          \"provisioningState\": \"Succeeded\",\r\n          \"addressPrefix\": \"10.0.0.0/24\",\r\n          \"delegations\": []\r\n        },\r\n        \"type\": \"Microsoft.Network/virtualNetworks/subnets\"\r\n      }\r\n    ],\r\n    \"virtualNetworkPeerings\": [],\r\n    \"enableDdosProtection\": false,\r\n    \"enableVmProtection\": false\r\n  }\r\n}",
      "StatusCode": 200
    },
    {
      "RequestUri": "/subscriptions/b936ff46-de59-4b9d-806e-00df62b1bfad/resourceGroups/crptestar6095/providers/Microsoft.Network/virtualNetworks/vn5673/subnets/sn1534?api-version=2018-07-01",
      "EncodedRequestUri": "L3N1YnNjcmlwdGlvbnMvYjkzNmZmNDYtZGU1OS00YjlkLTgwNmUtMDBkZjYyYjFiZmFkL3Jlc291cmNlR3JvdXBzL2NycHRlc3RhcjYwOTUvcHJvdmlkZXJzL01pY3Jvc29mdC5OZXR3b3JrL3ZpcnR1YWxOZXR3b3Jrcy92bjU2NzMvc3VibmV0cy9zbjE1MzQ/YXBpLXZlcnNpb249MjAxOC0wNy0wMQ==",
      "RequestMethod": "GET",
      "RequestBody": "",
      "RequestHeaders": {
        "x-ms-client-request-id": [
          "37c104df-61bc-4ded-8d67-4f06370187c5"
        ],
        "Accept-Language": [
          "en-US"
        ],
        "User-Agent": [
          "FxVersion/4.6.27414.06",
          "OSName/Windows",
          "OSVersion/Microsoft.Windows.10.0.14393.",
          "Microsoft.Azure.Management.Network.NetworkManagementClient/19.3.0.0"
        ]
      },
      "ResponseHeaders": {
        "Cache-Control": [
          "no-cache"
        ],
        "Pragma": [
          "no-cache"
        ],
        "ETag": [
          "W/\"73e6ba61-f651-4766-99e0-1f7b70bb1c06\""
        ],
        "x-ms-request-id": [
          "98a09fac-f39d-47c1-b6b9-d57fd21c4386"
        ],
        "x-ms-correlation-request-id": [
          "aaa73162-a62d-4710-a5fa-7563dc0ee304"
        ],
        "Strict-Transport-Security": [
          "max-age=31536000; includeSubDomains"
        ],
        "Server": [
          "Microsoft-HTTPAPI/2.0",
          "Microsoft-HTTPAPI/2.0"
        ],
        "x-ms-ratelimit-remaining-subscription-reads": [
          "11994"
        ],
        "x-ms-routing-request-id": [
          "WESTUS:20190708T225650Z:aaa73162-a62d-4710-a5fa-7563dc0ee304"
        ],
        "X-Content-Type-Options": [
          "nosniff"
        ],
        "Date": [
          "Mon, 08 Jul 2019 22:56:49 GMT"
        ],
        "Content-Length": [
          "420"
        ],
        "Content-Type": [
          "application/json; charset=utf-8"
        ],
        "Expires": [
          "-1"
        ]
      },
      "ResponseBody": "{\r\n  \"name\": \"sn1534\",\r\n  \"id\": \"/subscriptions/b936ff46-de59-4b9d-806e-00df62b1bfad/resourceGroups/crptestar6095/providers/Microsoft.Network/virtualNetworks/vn5673/subnets/sn1534\",\r\n  \"etag\": \"W/\\\"73e6ba61-f651-4766-99e0-1f7b70bb1c06\\\"\",\r\n  \"properties\": {\r\n    \"provisioningState\": \"Succeeded\",\r\n    \"addressPrefix\": \"10.0.0.0/24\",\r\n    \"delegations\": []\r\n  },\r\n  \"type\": \"Microsoft.Network/virtualNetworks/subnets\"\r\n}",
      "StatusCode": 200
    },
    {
      "RequestUri": "/subscriptions/b936ff46-de59-4b9d-806e-00df62b1bfad/resourceGroups/crptestar6095/providers/Microsoft.Network/networkInterfaces/nic7957?api-version=2018-07-01",
      "EncodedRequestUri": "L3N1YnNjcmlwdGlvbnMvYjkzNmZmNDYtZGU1OS00YjlkLTgwNmUtMDBkZjYyYjFiZmFkL3Jlc291cmNlR3JvdXBzL2NycHRlc3RhcjYwOTUvcHJvdmlkZXJzL01pY3Jvc29mdC5OZXR3b3JrL25ldHdvcmtJbnRlcmZhY2VzL25pYzc5NTc/YXBpLXZlcnNpb249MjAxOC0wNy0wMQ==",
      "RequestMethod": "PUT",
      "RequestBody": "{\r\n  \"properties\": {\r\n    \"ipConfigurations\": [\r\n      {\r\n        \"properties\": {\r\n          \"privateIPAllocationMethod\": \"Dynamic\",\r\n          \"subnet\": {\r\n            \"properties\": {\r\n              \"addressPrefix\": \"10.0.0.0/24\",\r\n              \"provisioningState\": \"Succeeded\"\r\n            },\r\n            \"name\": \"sn1534\",\r\n            \"etag\": \"W/\\\"73e6ba61-f651-4766-99e0-1f7b70bb1c06\\\"\",\r\n            \"id\": \"/subscriptions/b936ff46-de59-4b9d-806e-00df62b1bfad/resourceGroups/crptestar6095/providers/Microsoft.Network/virtualNetworks/vn5673/subnets/sn1534\"\r\n          }\r\n        },\r\n        \"name\": \"ip2224\"\r\n      }\r\n    ]\r\n  },\r\n  \"location\": \"centraluseuap\",\r\n  \"tags\": {\r\n    \"key\": \"value\"\r\n  }\r\n}",
      "RequestHeaders": {
        "x-ms-client-request-id": [
          "cad6510a-ca8c-459e-8151-15e3961b8355"
        ],
        "Accept-Language": [
          "en-US"
        ],
        "User-Agent": [
          "FxVersion/4.6.27414.06",
          "OSName/Windows",
          "OSVersion/Microsoft.Windows.10.0.14393.",
          "Microsoft.Azure.Management.Network.NetworkManagementClient/19.3.0.0"
        ],
        "Content-Type": [
          "application/json; charset=utf-8"
        ],
        "Content-Length": [
          "707"
        ]
      },
      "ResponseHeaders": {
        "Cache-Control": [
          "no-cache"
        ],
        "Pragma": [
          "no-cache"
        ],
        "x-ms-request-id": [
          "21db911d-7249-400f-ac60-5c89900d3769"
        ],
        "Azure-AsyncOperation": [
          "https://management.azure.com/subscriptions/b936ff46-de59-4b9d-806e-00df62b1bfad/providers/Microsoft.Network/locations/centraluseuap/operations/21db911d-7249-400f-ac60-5c89900d3769?api-version=2018-07-01"
        ],
        "x-ms-correlation-request-id": [
          "6e7ba2d0-d6f9-4fab-b12d-c47a4a3a3e29"
        ],
        "Strict-Transport-Security": [
          "max-age=31536000; includeSubDomains"
        ],
        "Server": [
          "Microsoft-HTTPAPI/2.0",
          "Microsoft-HTTPAPI/2.0"
        ],
        "x-ms-ratelimit-remaining-subscription-writes": [
          "1197"
        ],
        "x-ms-routing-request-id": [
          "WESTUS:20190708T225651Z:6e7ba2d0-d6f9-4fab-b12d-c47a4a3a3e29"
        ],
        "X-Content-Type-Options": [
          "nosniff"
        ],
        "Date": [
          "Mon, 08 Jul 2019 22:56:50 GMT"
        ],
        "Content-Length": [
          "1575"
        ],
        "Content-Type": [
          "application/json; charset=utf-8"
        ],
        "Expires": [
          "-1"
        ]
      },
      "ResponseBody": "{\r\n  \"name\": \"nic7957\",\r\n  \"id\": \"/subscriptions/b936ff46-de59-4b9d-806e-00df62b1bfad/resourceGroups/crptestar6095/providers/Microsoft.Network/networkInterfaces/nic7957\",\r\n  \"etag\": \"W/\\\"92da76ce-d0c8-4fcc-96b6-066e05f0d58b\\\"\",\r\n  \"location\": \"centraluseuap\",\r\n  \"tags\": {\r\n    \"key\": \"value\"\r\n  },\r\n  \"properties\": {\r\n    \"provisioningState\": \"Succeeded\",\r\n    \"resourceGuid\": \"04827973-374e-4337-9d12-d141f30effea\",\r\n    \"ipConfigurations\": [\r\n      {\r\n        \"name\": \"ip2224\",\r\n        \"id\": \"/subscriptions/b936ff46-de59-4b9d-806e-00df62b1bfad/resourceGroups/crptestar6095/providers/Microsoft.Network/networkInterfaces/nic7957/ipConfigurations/ip2224\",\r\n        \"etag\": \"W/\\\"92da76ce-d0c8-4fcc-96b6-066e05f0d58b\\\"\",\r\n        \"type\": \"Microsoft.Network/networkInterfaces/ipConfigurations\",\r\n        \"properties\": {\r\n          \"provisioningState\": \"Succeeded\",\r\n          \"privateIPAddress\": \"10.0.0.4\",\r\n          \"privateIPAllocationMethod\": \"Dynamic\",\r\n          \"subnet\": {\r\n            \"id\": \"/subscriptions/b936ff46-de59-4b9d-806e-00df62b1bfad/resourceGroups/crptestar6095/providers/Microsoft.Network/virtualNetworks/vn5673/subnets/sn1534\"\r\n          },\r\n          \"primary\": true,\r\n          \"privateIPAddressVersion\": \"IPv4\"\r\n        }\r\n      }\r\n    ],\r\n    \"dnsSettings\": {\r\n      \"dnsServers\": [],\r\n      \"appliedDnsServers\": [],\r\n      \"internalDomainNameSuffix\": \"fpq0vbxjz3yuxc54fe22lwii4g.cdmx.internal.cloudapp.net\"\r\n    },\r\n    \"enableAcceleratedNetworking\": false,\r\n    \"enableIPForwarding\": false\r\n  },\r\n  \"type\": \"Microsoft.Network/networkInterfaces\"\r\n}",
      "StatusCode": 201
    },
    {
      "RequestUri": "/subscriptions/b936ff46-de59-4b9d-806e-00df62b1bfad/resourceGroups/crptestar6095/providers/Microsoft.Network/networkInterfaces/nic7957?api-version=2018-07-01",
      "EncodedRequestUri": "L3N1YnNjcmlwdGlvbnMvYjkzNmZmNDYtZGU1OS00YjlkLTgwNmUtMDBkZjYyYjFiZmFkL3Jlc291cmNlR3JvdXBzL2NycHRlc3RhcjYwOTUvcHJvdmlkZXJzL01pY3Jvc29mdC5OZXR3b3JrL25ldHdvcmtJbnRlcmZhY2VzL25pYzc5NTc/YXBpLXZlcnNpb249MjAxOC0wNy0wMQ==",
      "RequestMethod": "GET",
      "RequestBody": "",
      "RequestHeaders": {
        "User-Agent": [
          "FxVersion/4.6.27414.06",
          "OSName/Windows",
          "OSVersion/Microsoft.Windows.10.0.14393.",
          "Microsoft.Azure.Management.Network.NetworkManagementClient/19.3.0.0"
        ]
      },
      "ResponseHeaders": {
        "Cache-Control": [
          "no-cache"
        ],
        "Pragma": [
          "no-cache"
        ],
        "ETag": [
          "W/\"92da76ce-d0c8-4fcc-96b6-066e05f0d58b\""
        ],
        "x-ms-request-id": [
          "eb753018-fe88-43dc-828d-ebe963c08cd4"
        ],
        "x-ms-correlation-request-id": [
          "37f45aa4-9ab0-4c18-a0d8-7b333293b3e7"
        ],
        "Strict-Transport-Security": [
          "max-age=31536000; includeSubDomains"
        ],
        "Server": [
          "Microsoft-HTTPAPI/2.0",
          "Microsoft-HTTPAPI/2.0"
        ],
        "x-ms-ratelimit-remaining-subscription-reads": [
          "11993"
        ],
        "x-ms-routing-request-id": [
          "WESTUS:20190708T225651Z:37f45aa4-9ab0-4c18-a0d8-7b333293b3e7"
        ],
        "X-Content-Type-Options": [
          "nosniff"
        ],
        "Date": [
          "Mon, 08 Jul 2019 22:56:50 GMT"
        ],
        "Content-Length": [
          "1575"
        ],
        "Content-Type": [
          "application/json; charset=utf-8"
        ],
        "Expires": [
          "-1"
        ]
      },
      "ResponseBody": "{\r\n  \"name\": \"nic7957\",\r\n  \"id\": \"/subscriptions/b936ff46-de59-4b9d-806e-00df62b1bfad/resourceGroups/crptestar6095/providers/Microsoft.Network/networkInterfaces/nic7957\",\r\n  \"etag\": \"W/\\\"92da76ce-d0c8-4fcc-96b6-066e05f0d58b\\\"\",\r\n  \"location\": \"centraluseuap\",\r\n  \"tags\": {\r\n    \"key\": \"value\"\r\n  },\r\n  \"properties\": {\r\n    \"provisioningState\": \"Succeeded\",\r\n    \"resourceGuid\": \"04827973-374e-4337-9d12-d141f30effea\",\r\n    \"ipConfigurations\": [\r\n      {\r\n        \"name\": \"ip2224\",\r\n        \"id\": \"/subscriptions/b936ff46-de59-4b9d-806e-00df62b1bfad/resourceGroups/crptestar6095/providers/Microsoft.Network/networkInterfaces/nic7957/ipConfigurations/ip2224\",\r\n        \"etag\": \"W/\\\"92da76ce-d0c8-4fcc-96b6-066e05f0d58b\\\"\",\r\n        \"type\": \"Microsoft.Network/networkInterfaces/ipConfigurations\",\r\n        \"properties\": {\r\n          \"provisioningState\": \"Succeeded\",\r\n          \"privateIPAddress\": \"10.0.0.4\",\r\n          \"privateIPAllocationMethod\": \"Dynamic\",\r\n          \"subnet\": {\r\n            \"id\": \"/subscriptions/b936ff46-de59-4b9d-806e-00df62b1bfad/resourceGroups/crptestar6095/providers/Microsoft.Network/virtualNetworks/vn5673/subnets/sn1534\"\r\n          },\r\n          \"primary\": true,\r\n          \"privateIPAddressVersion\": \"IPv4\"\r\n        }\r\n      }\r\n    ],\r\n    \"dnsSettings\": {\r\n      \"dnsServers\": [],\r\n      \"appliedDnsServers\": [],\r\n      \"internalDomainNameSuffix\": \"fpq0vbxjz3yuxc54fe22lwii4g.cdmx.internal.cloudapp.net\"\r\n    },\r\n    \"enableAcceleratedNetworking\": false,\r\n    \"enableIPForwarding\": false\r\n  },\r\n  \"type\": \"Microsoft.Network/networkInterfaces\"\r\n}",
      "StatusCode": 200
    },
    {
      "RequestUri": "/subscriptions/b936ff46-de59-4b9d-806e-00df62b1bfad/resourceGroups/crptestar6095/providers/Microsoft.Network/networkInterfaces/nic7957?api-version=2018-07-01",
      "EncodedRequestUri": "L3N1YnNjcmlwdGlvbnMvYjkzNmZmNDYtZGU1OS00YjlkLTgwNmUtMDBkZjYyYjFiZmFkL3Jlc291cmNlR3JvdXBzL2NycHRlc3RhcjYwOTUvcHJvdmlkZXJzL01pY3Jvc29mdC5OZXR3b3JrL25ldHdvcmtJbnRlcmZhY2VzL25pYzc5NTc/YXBpLXZlcnNpb249MjAxOC0wNy0wMQ==",
      "RequestMethod": "GET",
      "RequestBody": "",
      "RequestHeaders": {
        "x-ms-client-request-id": [
          "adb2e9ea-18dd-4705-9d3b-a6dbe5fc5384"
        ],
        "Accept-Language": [
          "en-US"
        ],
        "User-Agent": [
          "FxVersion/4.6.27414.06",
          "OSName/Windows",
          "OSVersion/Microsoft.Windows.10.0.14393.",
          "Microsoft.Azure.Management.Network.NetworkManagementClient/19.3.0.0"
        ]
      },
      "ResponseHeaders": {
        "Cache-Control": [
          "no-cache"
        ],
        "Pragma": [
          "no-cache"
        ],
        "ETag": [
          "W/\"92da76ce-d0c8-4fcc-96b6-066e05f0d58b\""
        ],
        "x-ms-request-id": [
          "caf279fd-07a3-4758-b865-a06d54f9e90d"
        ],
        "x-ms-correlation-request-id": [
          "c3c8b68c-b252-4528-bcaa-465bb7219b23"
        ],
        "Strict-Transport-Security": [
          "max-age=31536000; includeSubDomains"
        ],
        "Server": [
          "Microsoft-HTTPAPI/2.0",
          "Microsoft-HTTPAPI/2.0"
        ],
        "x-ms-ratelimit-remaining-subscription-reads": [
          "11992"
        ],
        "x-ms-routing-request-id": [
          "WESTUS:20190708T225651Z:c3c8b68c-b252-4528-bcaa-465bb7219b23"
        ],
        "X-Content-Type-Options": [
          "nosniff"
        ],
        "Date": [
          "Mon, 08 Jul 2019 22:56:50 GMT"
        ],
        "Content-Length": [
          "1575"
        ],
        "Content-Type": [
          "application/json; charset=utf-8"
        ],
        "Expires": [
          "-1"
        ]
      },
      "ResponseBody": "{\r\n  \"name\": \"nic7957\",\r\n  \"id\": \"/subscriptions/b936ff46-de59-4b9d-806e-00df62b1bfad/resourceGroups/crptestar6095/providers/Microsoft.Network/networkInterfaces/nic7957\",\r\n  \"etag\": \"W/\\\"92da76ce-d0c8-4fcc-96b6-066e05f0d58b\\\"\",\r\n  \"location\": \"centraluseuap\",\r\n  \"tags\": {\r\n    \"key\": \"value\"\r\n  },\r\n  \"properties\": {\r\n    \"provisioningState\": \"Succeeded\",\r\n    \"resourceGuid\": \"04827973-374e-4337-9d12-d141f30effea\",\r\n    \"ipConfigurations\": [\r\n      {\r\n        \"name\": \"ip2224\",\r\n        \"id\": \"/subscriptions/b936ff46-de59-4b9d-806e-00df62b1bfad/resourceGroups/crptestar6095/providers/Microsoft.Network/networkInterfaces/nic7957/ipConfigurations/ip2224\",\r\n        \"etag\": \"W/\\\"92da76ce-d0c8-4fcc-96b6-066e05f0d58b\\\"\",\r\n        \"type\": \"Microsoft.Network/networkInterfaces/ipConfigurations\",\r\n        \"properties\": {\r\n          \"provisioningState\": \"Succeeded\",\r\n          \"privateIPAddress\": \"10.0.0.4\",\r\n          \"privateIPAllocationMethod\": \"Dynamic\",\r\n          \"subnet\": {\r\n            \"id\": \"/subscriptions/b936ff46-de59-4b9d-806e-00df62b1bfad/resourceGroups/crptestar6095/providers/Microsoft.Network/virtualNetworks/vn5673/subnets/sn1534\"\r\n          },\r\n          \"primary\": true,\r\n          \"privateIPAddressVersion\": \"IPv4\"\r\n        }\r\n      }\r\n    ],\r\n    \"dnsSettings\": {\r\n      \"dnsServers\": [],\r\n      \"appliedDnsServers\": [],\r\n      \"internalDomainNameSuffix\": \"fpq0vbxjz3yuxc54fe22lwii4g.cdmx.internal.cloudapp.net\"\r\n    },\r\n    \"enableAcceleratedNetworking\": false,\r\n    \"enableIPForwarding\": false\r\n  },\r\n  \"type\": \"Microsoft.Network/networkInterfaces\"\r\n}",
      "StatusCode": 200
    },
    {
      "RequestUri": "/subscriptions/b936ff46-de59-4b9d-806e-00df62b1bfad/resourceGroups/crptestar6095/providers/Microsoft.Compute/virtualMachineScaleSets/vmss3421?api-version=2019-03-01",
      "EncodedRequestUri": "L3N1YnNjcmlwdGlvbnMvYjkzNmZmNDYtZGU1OS00YjlkLTgwNmUtMDBkZjYyYjFiZmFkL3Jlc291cmNlR3JvdXBzL2NycHRlc3RhcjYwOTUvcHJvdmlkZXJzL01pY3Jvc29mdC5Db21wdXRlL3ZpcnR1YWxNYWNoaW5lU2NhbGVTZXRzL3Ztc3MzNDIxP2FwaS12ZXJzaW9uPTIwMTktMDMtMDE=",
      "RequestMethod": "PUT",
      "RequestBody": "{\r\n  \"sku\": {\r\n    \"name\": \"Standard_A1\",\r\n    \"tier\": \"Standard\",\r\n    \"capacity\": 2\r\n  },\r\n  \"properties\": {\r\n    \"upgradePolicy\": {\r\n      \"mode\": \"Automatic\"\r\n    },\r\n    \"virtualMachineProfile\": {\r\n      \"osProfile\": {\r\n        \"computerNamePrefix\": \"test\",\r\n        \"adminUsername\": \"Foo12\",\r\n        \"adminPassword\": \"[PLACEHOLDEr1]\",\r\n        \"customData\": \"Q3VzdG9tIGRhdGE=\"\r\n      },\r\n      \"storageProfile\": {\r\n        \"imageReference\": {\r\n          \"publisher\": \"MicrosoftWindowsServer\",\r\n          \"offer\": \"WindowsServer\",\r\n          \"sku\": \"2012-R2-Datacenter\",\r\n          \"version\": \"4.127.20180315\"\r\n        },\r\n        \"osDisk\": {\r\n          \"name\": \"test\",\r\n          \"caching\": \"None\",\r\n          \"createOption\": \"FromImage\",\r\n          \"vhdContainers\": [\r\n            \"https://crptestar322.blob.core.windows.net/crptestar7106\"\r\n          ]\r\n        }\r\n      },\r\n      \"networkProfile\": {\r\n        \"networkInterfaceConfigurations\": [\r\n          {\r\n            \"name\": \"vmsstestnetconfig300\",\r\n            \"properties\": {\r\n              \"primary\": true,\r\n              \"ipConfigurations\": [\r\n                {\r\n                  \"name\": \"vmsstestnetconfig6892\",\r\n                  \"properties\": {\r\n                    \"subnet\": {\r\n                      \"id\": \"/subscriptions/b936ff46-de59-4b9d-806e-00df62b1bfad/resourceGroups/crptestar6095/providers/Microsoft.Network/virtualNetworks/vn5673/subnets/sn1534\"\r\n                    },\r\n                    \"applicationGatewayBackendAddressPools\": []\r\n                  }\r\n                }\r\n              ]\r\n            }\r\n          }\r\n        ]\r\n      },\r\n      \"priority\": \"Low\",\r\n      \"billingProfile\": {\r\n        \"maxPrice\": 100.0\r\n      }\r\n    },\r\n    \"overprovision\": true\r\n  },\r\n  \"location\": \"centraluseuap\",\r\n  \"tags\": {\r\n    \"RG\": \"rg\",\r\n    \"testTag\": \"1\"\r\n  }\r\n}",
      "RequestHeaders": {
        "x-ms-client-request-id": [
          "e315e505-d3da-457d-b60a-f92ba0920cf4"
        ],
        "Accept-Language": [
          "en-US"
        ],
        "User-Agent": [
          "FxVersion/4.6.27414.06",
          "OSName/Windows",
          "OSVersion/Microsoft.Windows.10.0.14393.",
          "Microsoft.Azure.Management.Compute.ComputeManagementClient/27.1.0.0"
        ],
        "Content-Type": [
          "application/json; charset=utf-8"
        ],
        "Content-Length": [
          "1841"
        ]
      },
      "ResponseHeaders": {
        "Cache-Control": [
          "no-cache"
        ],
        "Pragma": [
          "no-cache"
        ],
        "Retry-After": [
          "10"
        ],
        "Azure-AsyncOperation": [
          "https://management.azure.com/subscriptions/b936ff46-de59-4b9d-806e-00df62b1bfad/providers/Microsoft.Compute/locations/CentralUSEUAP/operations/276257d6-09c2-48ba-a272-f175c90468e9?api-version=2019-03-01"
        ],
        "Azure-AsyncNotification": [
          "Enabled"
        ],
        "x-ms-ratelimit-remaining-resource": [
          "Microsoft.Compute/CreateVMScaleSet3Min;59,Microsoft.Compute/CreateVMScaleSet30Min;298,Microsoft.Compute/VMScaleSetBatchedVMRequests5Min;1968,Microsoft.Compute/VmssQueuedVMOperations;4796"
        ],
        "x-ms-request-charge": [
          "4"
        ],
        "Strict-Transport-Security": [
          "max-age=31536000; includeSubDomains"
        ],
        "x-ms-request-id": [
          "276257d6-09c2-48ba-a272-f175c90468e9"
        ],
        "Server": [
          "Microsoft-HTTPAPI/2.0",
          "Microsoft-HTTPAPI/2.0"
        ],
        "x-ms-ratelimit-remaining-subscription-writes": [
          "1199"
        ],
        "x-ms-correlation-request-id": [
          "de23a67a-855a-4abb-b40a-cc28ed0a6a25"
        ],
        "x-ms-routing-request-id": [
          "WESTUS:20190708T225653Z:de23a67a-855a-4abb-b40a-cc28ed0a6a25"
        ],
        "X-Content-Type-Options": [
          "nosniff"
        ],
        "Date": [
          "Mon, 08 Jul 2019 22:56:52 GMT"
        ],
        "Content-Length": [
          "2232"
        ],
        "Content-Type": [
          "application/json; charset=utf-8"
        ],
        "Expires": [
          "-1"
        ]
      },
      "ResponseBody": "{\r\n  \"name\": \"vmss3421\",\r\n  \"id\": \"/subscriptions/b936ff46-de59-4b9d-806e-00df62b1bfad/resourceGroups/crptestar6095/providers/Microsoft.Compute/virtualMachineScaleSets/vmss3421\",\r\n  \"type\": \"Microsoft.Compute/virtualMachineScaleSets\",\r\n  \"location\": \"centraluseuap\",\r\n  \"tags\": {\r\n    \"RG\": \"rg\",\r\n    \"testTag\": \"1\"\r\n  },\r\n  \"sku\": {\r\n    \"name\": \"Standard_A1\",\r\n    \"tier\": \"Standard\",\r\n    \"capacity\": 2\r\n  },\r\n  \"properties\": {\r\n    \"singlePlacementGroup\": true,\r\n    \"upgradePolicy\": {\r\n      \"mode\": \"Automatic\"\r\n    },\r\n    \"virtualMachineProfile\": {\r\n      \"osProfile\": {\r\n        \"computerNamePrefix\": \"test\",\r\n        \"adminUsername\": \"Foo12\",\r\n        \"windowsConfiguration\": {\r\n          \"provisionVMAgent\": true,\r\n          \"enableAutomaticUpdates\": true\r\n        },\r\n        \"secrets\": [],\r\n        \"allowExtensionOperations\": true,\r\n        \"requireGuestProvisionSignal\": true\r\n      },\r\n      \"storageProfile\": {\r\n        \"osDisk\": {\r\n          \"vhdContainers\": [\r\n            \"https://crptestar322.blob.core.windows.net/crptestar7106\"\r\n          ],\r\n          \"name\": \"test\",\r\n          \"createOption\": \"FromImage\",\r\n          \"caching\": \"None\"\r\n        },\r\n        \"imageReference\": {\r\n          \"publisher\": \"MicrosoftWindowsServer\",\r\n          \"offer\": \"WindowsServer\",\r\n          \"sku\": \"2012-R2-Datacenter\",\r\n          \"version\": \"4.127.20180315\"\r\n        }\r\n      },\r\n      \"networkProfile\": {\r\n        \"networkInterfaceConfigurations\": [\r\n          {\r\n            \"name\": \"vmsstestnetconfig300\",\r\n            \"properties\": {\r\n              \"primary\": true,\r\n              \"enableAcceleratedNetworking\": false,\r\n              \"dnsSettings\": {\r\n                \"dnsServers\": []\r\n              },\r\n              \"enableIPForwarding\": false,\r\n              \"ipConfigurations\": [\r\n                {\r\n                  \"name\": \"vmsstestnetconfig6892\",\r\n                  \"properties\": {\r\n                    \"subnet\": {\r\n                      \"id\": \"/subscriptions/b936ff46-de59-4b9d-806e-00df62b1bfad/resourceGroups/crptestar6095/providers/Microsoft.Network/virtualNetworks/vn5673/subnets/sn1534\"\r\n                    },\r\n                    \"privateIPAddressVersion\": \"IPv4\"\r\n                  }\r\n                }\r\n              ]\r\n            }\r\n          }\r\n        ]\r\n      },\r\n      \"priority\": \"Low\",\r\n      \"evictionPolicy\": \"Deallocate\",\r\n      \"billingProfile\": {\r\n        \"maxPrice\": 100.0\r\n      }\r\n    },\r\n    \"provisioningState\": \"Creating\",\r\n    \"overprovision\": true,\r\n    \"doNotRunExtensionsOnOverprovisionedVMs\": false,\r\n    \"uniqueId\": \"b96cf5ce-1e91-4be6-bf1c-fd57c77447b8\",\r\n    \"platformFaultDomainCount\": 1\r\n  }\r\n}",
      "StatusCode": 201
    },
    {
      "RequestUri": "/subscriptions/b936ff46-de59-4b9d-806e-00df62b1bfad/providers/Microsoft.Compute/locations/CentralUSEUAP/operations/276257d6-09c2-48ba-a272-f175c90468e9?api-version=2019-03-01",
      "EncodedRequestUri": "L3N1YnNjcmlwdGlvbnMvYjkzNmZmNDYtZGU1OS00YjlkLTgwNmUtMDBkZjYyYjFiZmFkL3Byb3ZpZGVycy9NaWNyb3NvZnQuQ29tcHV0ZS9sb2NhdGlvbnMvQ2VudHJhbFVTRVVBUC9vcGVyYXRpb25zLzI3NjI1N2Q2LTA5YzItNDhiYS1hMjcyLWYxNzVjOTA0NjhlOT9hcGktdmVyc2lvbj0yMDE5LTAzLTAx",
      "RequestMethod": "GET",
      "RequestBody": "",
      "RequestHeaders": {
        "User-Agent": [
          "FxVersion/4.6.27414.06",
          "OSName/Windows",
          "OSVersion/Microsoft.Windows.10.0.14393.",
          "Microsoft.Azure.Management.Compute.ComputeManagementClient/27.1.0.0"
        ]
      },
      "ResponseHeaders": {
        "Cache-Control": [
          "no-cache"
        ],
        "Pragma": [
          "no-cache"
        ],
        "Retry-After": [
          "97"
        ],
        "x-ms-ratelimit-remaining-resource": [
          "Microsoft.Compute/GetOperation3Min;14999,Microsoft.Compute/GetOperation30Min;29960"
        ],
        "Strict-Transport-Security": [
          "max-age=31536000; includeSubDomains"
        ],
        "x-ms-request-id": [
          "7efd473c-4606-48dd-a6b5-3d1b2accdce8"
        ],
        "Server": [
          "Microsoft-HTTPAPI/2.0",
          "Microsoft-HTTPAPI/2.0"
        ],
        "x-ms-ratelimit-remaining-subscription-reads": [
          "11987"
        ],
        "x-ms-correlation-request-id": [
          "121cf91f-3c63-41d6-aaa6-1f51bef9b195"
        ],
        "x-ms-routing-request-id": [
          "WESTUS:20190708T225703Z:121cf91f-3c63-41d6-aaa6-1f51bef9b195"
        ],
        "X-Content-Type-Options": [
          "nosniff"
        ],
        "Date": [
          "Mon, 08 Jul 2019 22:57:02 GMT"
        ],
        "Content-Length": [
          "134"
        ],
        "Content-Type": [
          "application/json; charset=utf-8"
        ],
        "Expires": [
          "-1"
        ]
      },
      "ResponseBody": "{\r\n  \"startTime\": \"2019-07-08T15:56:52.5209358-07:00\",\r\n  \"status\": \"InProgress\",\r\n  \"name\": \"276257d6-09c2-48ba-a272-f175c90468e9\"\r\n}",
      "StatusCode": 200
    },
    {
      "RequestUri": "/subscriptions/b936ff46-de59-4b9d-806e-00df62b1bfad/providers/Microsoft.Compute/locations/CentralUSEUAP/operations/276257d6-09c2-48ba-a272-f175c90468e9?api-version=2019-03-01",
      "EncodedRequestUri": "L3N1YnNjcmlwdGlvbnMvYjkzNmZmNDYtZGU1OS00YjlkLTgwNmUtMDBkZjYyYjFiZmFkL3Byb3ZpZGVycy9NaWNyb3NvZnQuQ29tcHV0ZS9sb2NhdGlvbnMvQ2VudHJhbFVTRVVBUC9vcGVyYXRpb25zLzI3NjI1N2Q2LTA5YzItNDhiYS1hMjcyLWYxNzVjOTA0NjhlOT9hcGktdmVyc2lvbj0yMDE5LTAzLTAx",
      "RequestMethod": "GET",
      "RequestBody": "",
      "RequestHeaders": {
        "User-Agent": [
          "FxVersion/4.6.27414.06",
          "OSName/Windows",
          "OSVersion/Microsoft.Windows.10.0.14393.",
          "Microsoft.Azure.Management.Compute.ComputeManagementClient/27.1.0.0"
        ]
      },
      "ResponseHeaders": {
        "Cache-Control": [
          "no-cache"
        ],
        "Pragma": [
          "no-cache"
        ],
        "x-ms-ratelimit-remaining-resource": [
          "Microsoft.Compute/GetOperation3Min;14998,Microsoft.Compute/GetOperation30Min;29959"
        ],
        "Strict-Transport-Security": [
          "max-age=31536000; includeSubDomains"
        ],
        "x-ms-request-id": [
          "0e73dfdb-8478-4ce7-a7e5-aba3908436e1"
        ],
        "Server": [
          "Microsoft-HTTPAPI/2.0",
          "Microsoft-HTTPAPI/2.0"
        ],
        "x-ms-ratelimit-remaining-subscription-reads": [
          "11986"
        ],
        "x-ms-correlation-request-id": [
          "2fe19758-840c-4daa-af80-764c51efb52c"
        ],
        "x-ms-routing-request-id": [
          "WESTUS:20190708T225840Z:2fe19758-840c-4daa-af80-764c51efb52c"
        ],
        "X-Content-Type-Options": [
          "nosniff"
        ],
        "Date": [
          "Mon, 08 Jul 2019 22:58:39 GMT"
        ],
        "Content-Length": [
          "134"
        ],
        "Content-Type": [
          "application/json; charset=utf-8"
        ],
        "Expires": [
          "-1"
        ]
      },
      "ResponseBody": "{\r\n  \"startTime\": \"2019-07-08T15:56:52.5209358-07:00\",\r\n  \"status\": \"InProgress\",\r\n  \"name\": \"276257d6-09c2-48ba-a272-f175c90468e9\"\r\n}",
      "StatusCode": 200
    },
    {
      "RequestUri": "/subscriptions/b936ff46-de59-4b9d-806e-00df62b1bfad/providers/Microsoft.Compute/locations/CentralUSEUAP/operations/276257d6-09c2-48ba-a272-f175c90468e9?api-version=2019-03-01",
      "EncodedRequestUri": "L3N1YnNjcmlwdGlvbnMvYjkzNmZmNDYtZGU1OS00YjlkLTgwNmUtMDBkZjYyYjFiZmFkL3Byb3ZpZGVycy9NaWNyb3NvZnQuQ29tcHV0ZS9sb2NhdGlvbnMvQ2VudHJhbFVTRVVBUC9vcGVyYXRpb25zLzI3NjI1N2Q2LTA5YzItNDhiYS1hMjcyLWYxNzVjOTA0NjhlOT9hcGktdmVyc2lvbj0yMDE5LTAzLTAx",
      "RequestMethod": "GET",
      "RequestBody": "",
      "RequestHeaders": {
        "User-Agent": [
          "FxVersion/4.6.27414.06",
          "OSName/Windows",
          "OSVersion/Microsoft.Windows.10.0.14393.",
          "Microsoft.Azure.Management.Compute.ComputeManagementClient/27.1.0.0"
        ]
      },
      "ResponseHeaders": {
        "Cache-Control": [
          "no-cache"
        ],
        "Pragma": [
          "no-cache"
        ],
        "x-ms-ratelimit-remaining-resource": [
          "Microsoft.Compute/GetOperation3Min;14992,Microsoft.Compute/GetOperation30Min;29952"
        ],
        "Strict-Transport-Security": [
          "max-age=31536000; includeSubDomains"
        ],
        "x-ms-request-id": [
          "b4640055-7e5d-478d-b02d-9e3a31a47b89"
        ],
        "Server": [
          "Microsoft-HTTPAPI/2.0",
          "Microsoft-HTTPAPI/2.0"
        ],
        "x-ms-ratelimit-remaining-subscription-reads": [
          "11985"
        ],
        "x-ms-correlation-request-id": [
          "c2eb9866-0699-425c-8d03-2f28c84a9c19"
        ],
        "x-ms-routing-request-id": [
          "WESTUS:20190708T230017Z:c2eb9866-0699-425c-8d03-2f28c84a9c19"
        ],
        "X-Content-Type-Options": [
          "nosniff"
        ],
        "Date": [
          "Mon, 08 Jul 2019 23:00:16 GMT"
        ],
        "Content-Length": [
          "134"
        ],
        "Content-Type": [
          "application/json; charset=utf-8"
        ],
        "Expires": [
          "-1"
        ]
      },
      "ResponseBody": "{\r\n  \"startTime\": \"2019-07-08T15:56:52.5209358-07:00\",\r\n  \"status\": \"InProgress\",\r\n  \"name\": \"276257d6-09c2-48ba-a272-f175c90468e9\"\r\n}",
      "StatusCode": 200
    },
    {
      "RequestUri": "/subscriptions/b936ff46-de59-4b9d-806e-00df62b1bfad/providers/Microsoft.Compute/locations/CentralUSEUAP/operations/276257d6-09c2-48ba-a272-f175c90468e9?api-version=2019-03-01",
      "EncodedRequestUri": "L3N1YnNjcmlwdGlvbnMvYjkzNmZmNDYtZGU1OS00YjlkLTgwNmUtMDBkZjYyYjFiZmFkL3Byb3ZpZGVycy9NaWNyb3NvZnQuQ29tcHV0ZS9sb2NhdGlvbnMvQ2VudHJhbFVTRVVBUC9vcGVyYXRpb25zLzI3NjI1N2Q2LTA5YzItNDhiYS1hMjcyLWYxNzVjOTA0NjhlOT9hcGktdmVyc2lvbj0yMDE5LTAzLTAx",
      "RequestMethod": "GET",
      "RequestBody": "",
      "RequestHeaders": {
        "User-Agent": [
          "FxVersion/4.6.27414.06",
          "OSName/Windows",
          "OSVersion/Microsoft.Windows.10.0.14393.",
          "Microsoft.Azure.Management.Compute.ComputeManagementClient/27.1.0.0"
        ]
      },
      "ResponseHeaders": {
        "Cache-Control": [
          "no-cache"
        ],
        "Pragma": [
          "no-cache"
        ],
        "x-ms-ratelimit-remaining-resource": [
          "Microsoft.Compute/GetOperation3Min;14987,Microsoft.Compute/GetOperation30Min;29945"
        ],
        "Strict-Transport-Security": [
          "max-age=31536000; includeSubDomains"
        ],
        "x-ms-request-id": [
          "707004fd-f3a5-475f-b6ee-afcb752606f6"
        ],
        "Server": [
          "Microsoft-HTTPAPI/2.0",
          "Microsoft-HTTPAPI/2.0"
        ],
        "x-ms-ratelimit-remaining-subscription-reads": [
          "11984"
        ],
        "x-ms-correlation-request-id": [
          "c8521001-0131-41a2-95e6-9636b7c20a63"
        ],
        "x-ms-routing-request-id": [
          "WESTUS:20190708T230154Z:c8521001-0131-41a2-95e6-9636b7c20a63"
        ],
        "X-Content-Type-Options": [
          "nosniff"
        ],
        "Date": [
          "Mon, 08 Jul 2019 23:01:54 GMT"
        ],
        "Content-Length": [
          "134"
        ],
        "Content-Type": [
          "application/json; charset=utf-8"
        ],
        "Expires": [
          "-1"
        ]
      },
      "ResponseBody": "{\r\n  \"startTime\": \"2019-07-08T15:56:52.5209358-07:00\",\r\n  \"status\": \"InProgress\",\r\n  \"name\": \"276257d6-09c2-48ba-a272-f175c90468e9\"\r\n}",
      "StatusCode": 200
    },
    {
      "RequestUri": "/subscriptions/b936ff46-de59-4b9d-806e-00df62b1bfad/providers/Microsoft.Compute/locations/CentralUSEUAP/operations/276257d6-09c2-48ba-a272-f175c90468e9?api-version=2019-03-01",
      "EncodedRequestUri": "L3N1YnNjcmlwdGlvbnMvYjkzNmZmNDYtZGU1OS00YjlkLTgwNmUtMDBkZjYyYjFiZmFkL3Byb3ZpZGVycy9NaWNyb3NvZnQuQ29tcHV0ZS9sb2NhdGlvbnMvQ2VudHJhbFVTRVVBUC9vcGVyYXRpb25zLzI3NjI1N2Q2LTA5YzItNDhiYS1hMjcyLWYxNzVjOTA0NjhlOT9hcGktdmVyc2lvbj0yMDE5LTAzLTAx",
      "RequestMethod": "GET",
      "RequestBody": "",
      "RequestHeaders": {
        "User-Agent": [
          "FxVersion/4.6.27414.06",
          "OSName/Windows",
          "OSVersion/Microsoft.Windows.10.0.14393.",
          "Microsoft.Azure.Management.Compute.ComputeManagementClient/27.1.0.0"
        ]
      },
      "ResponseHeaders": {
        "Cache-Control": [
          "no-cache"
        ],
        "Pragma": [
          "no-cache"
        ],
        "x-ms-ratelimit-remaining-resource": [
          "Microsoft.Compute/GetOperation3Min;14990,Microsoft.Compute/GetOperation30Min;29939"
        ],
        "Strict-Transport-Security": [
          "max-age=31536000; includeSubDomains"
        ],
        "x-ms-request-id": [
          "7af2b4bc-fe6a-4561-9d1b-6d94f83b33d9"
        ],
        "Server": [
          "Microsoft-HTTPAPI/2.0",
          "Microsoft-HTTPAPI/2.0"
        ],
        "x-ms-ratelimit-remaining-subscription-reads": [
          "11983"
        ],
        "x-ms-correlation-request-id": [
          "91d9edb3-8276-44bd-bdde-0cb58736267a"
        ],
        "x-ms-routing-request-id": [
          "WESTUS:20190708T230332Z:91d9edb3-8276-44bd-bdde-0cb58736267a"
        ],
        "X-Content-Type-Options": [
          "nosniff"
        ],
        "Date": [
          "Mon, 08 Jul 2019 23:03:31 GMT"
        ],
        "Content-Length": [
          "134"
        ],
        "Content-Type": [
          "application/json; charset=utf-8"
        ],
        "Expires": [
          "-1"
        ]
      },
      "ResponseBody": "{\r\n  \"startTime\": \"2019-07-08T15:56:52.5209358-07:00\",\r\n  \"status\": \"InProgress\",\r\n  \"name\": \"276257d6-09c2-48ba-a272-f175c90468e9\"\r\n}",
      "StatusCode": 200
    },
    {
      "RequestUri": "/subscriptions/b936ff46-de59-4b9d-806e-00df62b1bfad/providers/Microsoft.Compute/locations/CentralUSEUAP/operations/276257d6-09c2-48ba-a272-f175c90468e9?api-version=2019-03-01",
      "EncodedRequestUri": "L3N1YnNjcmlwdGlvbnMvYjkzNmZmNDYtZGU1OS00YjlkLTgwNmUtMDBkZjYyYjFiZmFkL3Byb3ZpZGVycy9NaWNyb3NvZnQuQ29tcHV0ZS9sb2NhdGlvbnMvQ2VudHJhbFVTRVVBUC9vcGVyYXRpb25zLzI3NjI1N2Q2LTA5YzItNDhiYS1hMjcyLWYxNzVjOTA0NjhlOT9hcGktdmVyc2lvbj0yMDE5LTAzLTAx",
      "RequestMethod": "GET",
      "RequestBody": "",
      "RequestHeaders": {
        "User-Agent": [
          "FxVersion/4.6.27414.06",
          "OSName/Windows",
          "OSVersion/Microsoft.Windows.10.0.14393.",
          "Microsoft.Azure.Management.Compute.ComputeManagementClient/27.1.0.0"
        ]
      },
      "ResponseHeaders": {
        "Cache-Control": [
          "no-cache"
        ],
        "Pragma": [
          "no-cache"
        ],
        "x-ms-ratelimit-remaining-resource": [
          "Microsoft.Compute/GetOperation3Min;14989,Microsoft.Compute/GetOperation30Min;29932"
        ],
        "Strict-Transport-Security": [
          "max-age=31536000; includeSubDomains"
        ],
        "x-ms-request-id": [
          "800350ce-8cb7-4634-934e-1dd3a73da5a9"
        ],
        "Server": [
          "Microsoft-HTTPAPI/2.0",
          "Microsoft-HTTPAPI/2.0"
        ],
        "x-ms-ratelimit-remaining-subscription-reads": [
          "11982"
        ],
        "x-ms-correlation-request-id": [
          "809ba1cb-933f-47e5-82fa-7b55c141b0a7"
        ],
        "x-ms-routing-request-id": [
          "WESTUS:20190708T230509Z:809ba1cb-933f-47e5-82fa-7b55c141b0a7"
        ],
        "X-Content-Type-Options": [
          "nosniff"
        ],
        "Date": [
          "Mon, 08 Jul 2019 23:05:09 GMT"
        ],
        "Content-Length": [
          "184"
        ],
        "Content-Type": [
          "application/json; charset=utf-8"
        ],
        "Expires": [
          "-1"
        ]
      },
      "ResponseBody": "{\r\n  \"startTime\": \"2019-07-08T15:56:52.5209358-07:00\",\r\n  \"endTime\": \"2019-07-08T16:04:44.8233506-07:00\",\r\n  \"status\": \"Succeeded\",\r\n  \"name\": \"276257d6-09c2-48ba-a272-f175c90468e9\"\r\n}",
      "StatusCode": 200
    },
    {
      "RequestUri": "/subscriptions/b936ff46-de59-4b9d-806e-00df62b1bfad/resourceGroups/crptestar6095/providers/Microsoft.Compute/virtualMachineScaleSets/vmss3421?api-version=2019-03-01",
      "EncodedRequestUri": "L3N1YnNjcmlwdGlvbnMvYjkzNmZmNDYtZGU1OS00YjlkLTgwNmUtMDBkZjYyYjFiZmFkL3Jlc291cmNlR3JvdXBzL2NycHRlc3RhcjYwOTUvcHJvdmlkZXJzL01pY3Jvc29mdC5Db21wdXRlL3ZpcnR1YWxNYWNoaW5lU2NhbGVTZXRzL3Ztc3MzNDIxP2FwaS12ZXJzaW9uPTIwMTktMDMtMDE=",
      "RequestMethod": "GET",
      "RequestBody": "",
      "RequestHeaders": {
        "User-Agent": [
          "FxVersion/4.6.27414.06",
          "OSName/Windows",
          "OSVersion/Microsoft.Windows.10.0.14393.",
          "Microsoft.Azure.Management.Compute.ComputeManagementClient/27.1.0.0"
        ]
      },
      "ResponseHeaders": {
        "Cache-Control": [
          "no-cache"
        ],
        "Pragma": [
          "no-cache"
        ],
        "x-ms-ratelimit-remaining-resource": [
          "Microsoft.Compute/GetVMScaleSet3Min;198,Microsoft.Compute/GetVMScaleSet30Min;1289"
        ],
        "Strict-Transport-Security": [
          "max-age=31536000; includeSubDomains"
        ],
        "x-ms-request-id": [
          "51420023-9699-4de9-925f-c8d4c7771098"
        ],
        "Server": [
          "Microsoft-HTTPAPI/2.0",
          "Microsoft-HTTPAPI/2.0"
        ],
        "x-ms-ratelimit-remaining-subscription-reads": [
          "11981"
        ],
        "x-ms-correlation-request-id": [
          "c76b8f33-9198-4f47-aa60-9a36b706eb5d"
        ],
        "x-ms-routing-request-id": [
          "WESTUS:20190708T230509Z:c76b8f33-9198-4f47-aa60-9a36b706eb5d"
        ],
        "X-Content-Type-Options": [
          "nosniff"
        ],
        "Date": [
          "Mon, 08 Jul 2019 23:05:09 GMT"
        ],
        "Content-Length": [
          "2233"
        ],
        "Content-Type": [
          "application/json; charset=utf-8"
        ],
        "Expires": [
          "-1"
        ]
      },
      "ResponseBody": "{\r\n  \"name\": \"vmss3421\",\r\n  \"id\": \"/subscriptions/b936ff46-de59-4b9d-806e-00df62b1bfad/resourceGroups/crptestar6095/providers/Microsoft.Compute/virtualMachineScaleSets/vmss3421\",\r\n  \"type\": \"Microsoft.Compute/virtualMachineScaleSets\",\r\n  \"location\": \"centraluseuap\",\r\n  \"tags\": {\r\n    \"RG\": \"rg\",\r\n    \"testTag\": \"1\"\r\n  },\r\n  \"sku\": {\r\n    \"name\": \"Standard_A1\",\r\n    \"tier\": \"Standard\",\r\n    \"capacity\": 2\r\n  },\r\n  \"properties\": {\r\n    \"singlePlacementGroup\": true,\r\n    \"upgradePolicy\": {\r\n      \"mode\": \"Automatic\"\r\n    },\r\n    \"virtualMachineProfile\": {\r\n      \"osProfile\": {\r\n        \"computerNamePrefix\": \"test\",\r\n        \"adminUsername\": \"Foo12\",\r\n        \"windowsConfiguration\": {\r\n          \"provisionVMAgent\": true,\r\n          \"enableAutomaticUpdates\": true\r\n        },\r\n        \"secrets\": [],\r\n        \"allowExtensionOperations\": true,\r\n        \"requireGuestProvisionSignal\": true\r\n      },\r\n      \"storageProfile\": {\r\n        \"osDisk\": {\r\n          \"vhdContainers\": [\r\n            \"https://crptestar322.blob.core.windows.net/crptestar7106\"\r\n          ],\r\n          \"name\": \"test\",\r\n          \"createOption\": \"FromImage\",\r\n          \"caching\": \"None\"\r\n        },\r\n        \"imageReference\": {\r\n          \"publisher\": \"MicrosoftWindowsServer\",\r\n          \"offer\": \"WindowsServer\",\r\n          \"sku\": \"2012-R2-Datacenter\",\r\n          \"version\": \"4.127.20180315\"\r\n        }\r\n      },\r\n      \"networkProfile\": {\r\n        \"networkInterfaceConfigurations\": [\r\n          {\r\n            \"name\": \"vmsstestnetconfig300\",\r\n            \"properties\": {\r\n              \"primary\": true,\r\n              \"enableAcceleratedNetworking\": false,\r\n              \"dnsSettings\": {\r\n                \"dnsServers\": []\r\n              },\r\n              \"enableIPForwarding\": false,\r\n              \"ipConfigurations\": [\r\n                {\r\n                  \"name\": \"vmsstestnetconfig6892\",\r\n                  \"properties\": {\r\n                    \"subnet\": {\r\n                      \"id\": \"/subscriptions/b936ff46-de59-4b9d-806e-00df62b1bfad/resourceGroups/crptestar6095/providers/Microsoft.Network/virtualNetworks/vn5673/subnets/sn1534\"\r\n                    },\r\n                    \"privateIPAddressVersion\": \"IPv4\"\r\n                  }\r\n                }\r\n              ]\r\n            }\r\n          }\r\n        ]\r\n      },\r\n      \"priority\": \"Low\",\r\n      \"evictionPolicy\": \"Deallocate\",\r\n      \"billingProfile\": {\r\n        \"maxPrice\": 100.0\r\n      }\r\n    },\r\n    \"provisioningState\": \"Succeeded\",\r\n    \"overprovision\": true,\r\n    \"doNotRunExtensionsOnOverprovisionedVMs\": false,\r\n    \"uniqueId\": \"b96cf5ce-1e91-4be6-bf1c-fd57c77447b8\",\r\n    \"platformFaultDomainCount\": 1\r\n  }\r\n}",
      "StatusCode": 200
    },
    {
      "RequestUri": "/subscriptions/b936ff46-de59-4b9d-806e-00df62b1bfad/resourceGroups/crptestar6095/providers/Microsoft.Compute/virtualMachineScaleSets/vmss3421?api-version=2019-03-01",
      "EncodedRequestUri": "L3N1YnNjcmlwdGlvbnMvYjkzNmZmNDYtZGU1OS00YjlkLTgwNmUtMDBkZjYyYjFiZmFkL3Jlc291cmNlR3JvdXBzL2NycHRlc3RhcjYwOTUvcHJvdmlkZXJzL01pY3Jvc29mdC5Db21wdXRlL3ZpcnR1YWxNYWNoaW5lU2NhbGVTZXRzL3Ztc3MzNDIxP2FwaS12ZXJzaW9uPTIwMTktMDMtMDE=",
      "RequestMethod": "GET",
      "RequestBody": "",
      "RequestHeaders": {
        "x-ms-client-request-id": [
          "1227131e-f6bd-49ef-b038-93f205a8cb39"
        ],
        "Accept-Language": [
          "en-US"
        ],
        "User-Agent": [
          "FxVersion/4.6.27414.06",
          "OSName/Windows",
          "OSVersion/Microsoft.Windows.10.0.14393.",
          "Microsoft.Azure.Management.Compute.ComputeManagementClient/27.1.0.0"
        ]
      },
      "ResponseHeaders": {
        "Cache-Control": [
          "no-cache"
        ],
        "Pragma": [
          "no-cache"
        ],
        "x-ms-ratelimit-remaining-resource": [
          "Microsoft.Compute/GetVMScaleSet3Min;197,Microsoft.Compute/GetVMScaleSet30Min;1288"
        ],
        "Strict-Transport-Security": [
          "max-age=31536000; includeSubDomains"
        ],
        "x-ms-request-id": [
          "0f8a61e7-316e-43fa-b265-4ea18710734c"
        ],
        "Server": [
          "Microsoft-HTTPAPI/2.0",
          "Microsoft-HTTPAPI/2.0"
        ],
        "x-ms-ratelimit-remaining-subscription-reads": [
          "11980"
        ],
        "x-ms-correlation-request-id": [
          "febe790c-0399-44ee-b55a-940770f5309e"
        ],
        "x-ms-routing-request-id": [
          "WESTUS:20190708T230509Z:febe790c-0399-44ee-b55a-940770f5309e"
        ],
        "X-Content-Type-Options": [
          "nosniff"
        ],
        "Date": [
          "Mon, 08 Jul 2019 23:05:09 GMT"
        ],
        "Content-Length": [
          "2233"
        ],
        "Content-Type": [
          "application/json; charset=utf-8"
        ],
        "Expires": [
          "-1"
        ]
      },
      "ResponseBody": "{\r\n  \"name\": \"vmss3421\",\r\n  \"id\": \"/subscriptions/b936ff46-de59-4b9d-806e-00df62b1bfad/resourceGroups/crptestar6095/providers/Microsoft.Compute/virtualMachineScaleSets/vmss3421\",\r\n  \"type\": \"Microsoft.Compute/virtualMachineScaleSets\",\r\n  \"location\": \"centraluseuap\",\r\n  \"tags\": {\r\n    \"RG\": \"rg\",\r\n    \"testTag\": \"1\"\r\n  },\r\n  \"sku\": {\r\n    \"name\": \"Standard_A1\",\r\n    \"tier\": \"Standard\",\r\n    \"capacity\": 2\r\n  },\r\n  \"properties\": {\r\n    \"singlePlacementGroup\": true,\r\n    \"upgradePolicy\": {\r\n      \"mode\": \"Automatic\"\r\n    },\r\n    \"virtualMachineProfile\": {\r\n      \"osProfile\": {\r\n        \"computerNamePrefix\": \"test\",\r\n        \"adminUsername\": \"Foo12\",\r\n        \"windowsConfiguration\": {\r\n          \"provisionVMAgent\": true,\r\n          \"enableAutomaticUpdates\": true\r\n        },\r\n        \"secrets\": [],\r\n        \"allowExtensionOperations\": true,\r\n        \"requireGuestProvisionSignal\": true\r\n      },\r\n      \"storageProfile\": {\r\n        \"osDisk\": {\r\n          \"vhdContainers\": [\r\n            \"https://crptestar322.blob.core.windows.net/crptestar7106\"\r\n          ],\r\n          \"name\": \"test\",\r\n          \"createOption\": \"FromImage\",\r\n          \"caching\": \"None\"\r\n        },\r\n        \"imageReference\": {\r\n          \"publisher\": \"MicrosoftWindowsServer\",\r\n          \"offer\": \"WindowsServer\",\r\n          \"sku\": \"2012-R2-Datacenter\",\r\n          \"version\": \"4.127.20180315\"\r\n        }\r\n      },\r\n      \"networkProfile\": {\r\n        \"networkInterfaceConfigurations\": [\r\n          {\r\n            \"name\": \"vmsstestnetconfig300\",\r\n            \"properties\": {\r\n              \"primary\": true,\r\n              \"enableAcceleratedNetworking\": false,\r\n              \"dnsSettings\": {\r\n                \"dnsServers\": []\r\n              },\r\n              \"enableIPForwarding\": false,\r\n              \"ipConfigurations\": [\r\n                {\r\n                  \"name\": \"vmsstestnetconfig6892\",\r\n                  \"properties\": {\r\n                    \"subnet\": {\r\n                      \"id\": \"/subscriptions/b936ff46-de59-4b9d-806e-00df62b1bfad/resourceGroups/crptestar6095/providers/Microsoft.Network/virtualNetworks/vn5673/subnets/sn1534\"\r\n                    },\r\n                    \"privateIPAddressVersion\": \"IPv4\"\r\n                  }\r\n                }\r\n              ]\r\n            }\r\n          }\r\n        ]\r\n      },\r\n      \"priority\": \"Low\",\r\n      \"evictionPolicy\": \"Deallocate\",\r\n      \"billingProfile\": {\r\n        \"maxPrice\": 100.0\r\n      }\r\n    },\r\n    \"provisioningState\": \"Succeeded\",\r\n    \"overprovision\": true,\r\n    \"doNotRunExtensionsOnOverprovisionedVMs\": false,\r\n    \"uniqueId\": \"b96cf5ce-1e91-4be6-bf1c-fd57c77447b8\",\r\n    \"platformFaultDomainCount\": 1\r\n  }\r\n}",
      "StatusCode": 200
    },
    {
      "RequestUri": "/subscriptions/b936ff46-de59-4b9d-806e-00df62b1bfad/resourceGroups/crptestar6095/providers/Microsoft.Compute/virtualMachineScaleSets/vmss3421/instanceView?api-version=2019-03-01",
      "EncodedRequestUri": "L3N1YnNjcmlwdGlvbnMvYjkzNmZmNDYtZGU1OS00YjlkLTgwNmUtMDBkZjYyYjFiZmFkL3Jlc291cmNlR3JvdXBzL2NycHRlc3RhcjYwOTUvcHJvdmlkZXJzL01pY3Jvc29mdC5Db21wdXRlL3ZpcnR1YWxNYWNoaW5lU2NhbGVTZXRzL3Ztc3MzNDIxL2luc3RhbmNlVmlldz9hcGktdmVyc2lvbj0yMDE5LTAzLTAx",
      "RequestMethod": "GET",
      "RequestBody": "",
      "RequestHeaders": {
        "x-ms-client-request-id": [
          "bc716a89-4ea2-48d4-8436-17db49fe1fe4"
        ],
        "Accept-Language": [
          "en-US"
        ],
        "User-Agent": [
          "FxVersion/4.6.27414.06",
          "OSName/Windows",
          "OSVersion/Microsoft.Windows.10.0.14393.",
          "Microsoft.Azure.Management.Compute.ComputeManagementClient/27.1.0.0"
        ]
      },
      "ResponseHeaders": {
        "Cache-Control": [
          "no-cache"
        ],
        "Pragma": [
          "no-cache"
        ],
        "x-ms-ratelimit-remaining-resource": [
          "Microsoft.Compute/HighCostGetVMScaleSet3Min;179,Microsoft.Compute/HighCostGetVMScaleSet30Min;897"
        ],
        "Strict-Transport-Security": [
          "max-age=31536000; includeSubDomains"
        ],
        "x-ms-request-id": [
          "60c6a725-d035-4df2-a293-ee03ae6f1f87"
        ],
        "Server": [
          "Microsoft-HTTPAPI/2.0",
          "Microsoft-HTTPAPI/2.0"
        ],
        "x-ms-ratelimit-remaining-subscription-reads": [
          "11979"
        ],
        "x-ms-correlation-request-id": [
          "38303903-3cff-4deb-bdfb-2fffe7e96263"
        ],
        "x-ms-routing-request-id": [
          "WESTUS:20190708T230509Z:38303903-3cff-4deb-bdfb-2fffe7e96263"
        ],
        "X-Content-Type-Options": [
          "nosniff"
        ],
        "Date": [
          "Mon, 08 Jul 2019 23:05:09 GMT"
        ],
        "Content-Length": [
          "12719"
        ],
        "Content-Type": [
          "application/json; charset=utf-8"
        ],
        "Expires": [
          "-1"
        ]
      },
      "ResponseBody": "{\r\n  \"virtualMachine\": {\r\n    \"statusesSummary\": [\r\n      {\r\n        \"code\": \"ProvisioningState/succeeded\",\r\n        \"count\": 2\r\n      }\r\n    ]\r\n  },\r\n  \"internalData\": {\r\n    \"propertyValueSettings\": [\r\n      {\r\n        \"Key\": \"TestVMHostRebootRepairJobTimeoutInSec\",\r\n        \"Value\": \"600\"\r\n      },\r\n      {\r\n        \"Key\": \"PolicyAgentDisabled\",\r\n        \"Value\": \"False\"\r\n      },\r\n      {\r\n        \"Key\": \"VendorRepairCompletionJobSupported\",\r\n        \"Value\": \"False\"\r\n      },\r\n      {\r\n        \"Key\": \"VendorRepairInitiationJobSupported\",\r\n        \"Value\": \"False\"\r\n      },\r\n      {\r\n        \"Key\": \"TenantManagedHEUpdateEnabled\",\r\n        \"Value\": \"False\"\r\n      },\r\n      {\r\n        \"Key\": \"TenantManagedHEUpdateFeatureInternallyEnabled\",\r\n        \"Value\": \"False\"\r\n      },\r\n      {\r\n        \"Key\": \"EscalationId\",\r\n        \"Value\": \"\"\r\n      },\r\n      {\r\n        \"Key\": \"PublicMRStatusExpirationTimeInUTC\",\r\n        \"Value\": \"<null>\"\r\n      },\r\n      {\r\n        \"Key\": \"PublicMRStatusRenewalPeriodInMinutes\",\r\n        \"Value\": \"1440\"\r\n      },\r\n      {\r\n        \"Key\": \"PublicMROptinForceDisabled\",\r\n        \"Value\": \"False\"\r\n      },\r\n      {\r\n        \"Key\": \"PublicMRUserEventsEnabled\",\r\n        \"Value\": \"True\"\r\n      },\r\n      {\r\n        \"Key\": \"TenantInitiatedRepairThrottlingIntervalInSeconds\",\r\n        \"Value\": \"0\"\r\n      },\r\n      {\r\n        \"Key\": \"SupportRollback\",\r\n        \"Value\": \"False\"\r\n      },\r\n      {\r\n        \"Key\": \"FailUpdateTenantDuringRollback\",\r\n        \"Value\": \"False\"\r\n      },\r\n      {\r\n        \"Key\": \"BlockNextRollingUpgradeTillDateTimeInUtc\",\r\n        \"Value\": \"12-30-0001 12:00:00 AM\"\r\n      },\r\n      {\r\n        \"Key\": \"MachinePoolMismatchMigrationStartTimeInUtc\",\r\n        \"Value\": \"12-30-0001 12:00:00 AM\"\r\n      },\r\n      {\r\n        \"Key\": \"MREnabledForUpdateNodeToCurrentHE\",\r\n        \"Value\": \"False\"\r\n      },\r\n      {\r\n        \"Key\": \"IsMREnabledForAllRoles\",\r\n        \"Value\": \"False\"\r\n      },\r\n      {\r\n        \"Key\": \"RestoreApprovalRequired\",\r\n        \"Value\": \"True\"\r\n      },\r\n      {\r\n        \"Key\": \"RestoreNotificationRequired\",\r\n        \"Value\": \"True\"\r\n      },\r\n      {\r\n        \"Key\": \"TenantUpdatePrepareApprovalRequired\",\r\n        \"Value\": \"True\"\r\n      },\r\n      {\r\n        \"Key\": \"TenantUpdateUnmanagedRollingUpgradePolicyEnabled\",\r\n        \"Value\": \"False\"\r\n      },\r\n      {\r\n        \"Key\": \"TenantRepairPrepareWaitTimeoutMilliseconds\",\r\n        \"Value\": \"9223372036854775807\"\r\n      },\r\n      {\r\n        \"Key\": \"TenantRepairPrepareWaitTimeoutMillisecondsPublicMRFullNode\",\r\n        \"Value\": \"7200000\"\r\n      },\r\n      {\r\n        \"Key\": \"EvictionPrepareWaitTimeoutMilliseconds\",\r\n        \"Value\": \"9223372036854775807\"\r\n      },\r\n      {\r\n        \"Key\": \"EnableDeleteRoleInstanceJob\",\r\n        \"Value\": \"False\"\r\n      },\r\n      {\r\n        \"Key\": \"TenantJobIncarnationRequiredForApproval\",\r\n        \"Value\": \"True\"\r\n      },\r\n      {\r\n        \"Key\": \"BlockTenantUpdateWithAnyOngoingFDHEUpdate\",\r\n        \"Value\": \"False\"\r\n      },\r\n      {\r\n        \"Key\": \"BlockTenantUpdateWithImpactfulOngoingFDHEUpdate\",\r\n        \"Value\": \"False\"\r\n      },\r\n      {\r\n        \"Key\": \"ManagedTenantType\",\r\n        \"Value\": \"Unprivileged\"\r\n      },\r\n      {\r\n        \"Key\": \"InfrastructureUpdateWaitTimeoutMilliseconds\",\r\n        \"Value\": \"900000\"\r\n      },\r\n      {\r\n        \"Key\": \"InfrastructureUpdateWaitTimeoutMillisecondsPublicMRFullNode\",\r\n        \"Value\": \"900000\"\r\n      },\r\n      {\r\n        \"Key\": \"InfrastructureRepairWaitTimeoutMilliseconds\",\r\n        \"Value\": \"600000\"\r\n      },\r\n      {\r\n        \"Key\": \"ContainerLiveMigrationWaitTimeoutMilliseconds\",\r\n        \"Value\": \"600000\"\r\n      },\r\n      {\r\n        \"Key\": \"InfrastructureRepairWaitTimeoutMillisecondsPublicMRFullNode\",\r\n        \"Value\": \"7200000\"\r\n      },\r\n      {\r\n        \"Key\": \"HealingInfraRepairWaitTimeoutInMilliseconds\",\r\n        \"Value\": \"600000\"\r\n      },\r\n      {\r\n        \"Key\": \"HealingInfraRepairWaitTimeoutMillisecondsPublicMRFullNode\",\r\n        \"Value\": \"7200000\"\r\n      },\r\n      {\r\n        \"Key\": \"HealingInfraRepairAlertOnTimeout\",\r\n        \"Value\": \"False\"\r\n      },\r\n      {\r\n        \"Key\": \"InfrastructureRepairAlertOnTimeoutPerTenantType\",\r\n        \"Value\": \"False\"\r\n      },\r\n      {\r\n        \"Key\": \"InfrastructureUpdateAlertOnTimeoutPerTenantType\",\r\n        \"Value\": \"False\"\r\n      },\r\n      {\r\n        \"Key\": \"OptedOutFromHEUpdate\",\r\n        \"Value\": \"False\"\r\n      },\r\n      {\r\n        \"Key\": \"ActionTakenOnPolicyAgentHealRequest\",\r\n        \"Value\": \"RelocateInstance\"\r\n      },\r\n      {\r\n        \"Key\": \"EnableFastServiceHealing\",\r\n        \"Value\": \"True\"\r\n      },\r\n      {\r\n        \"Key\": \"EnableLMForCustomerInitiatedMigration\",\r\n        \"Value\": \"False\"\r\n      },\r\n      {\r\n        \"Key\": \"TenantOverridableSettingSupportedRepairVerbsRegExpression\",\r\n        \"Value\": \".*(Reboot$|Heal$)\"\r\n      },\r\n      {\r\n        \"Key\": \"TenantCreatedBy\",\r\n        \"Value\": \"CRP\"\r\n      },\r\n      {\r\n        \"Key\": \"EnableUnrestrictedLowPriority\",\r\n        \"Value\": \"False\"\r\n      },\r\n      {\r\n        \"Key\": \"MaxTimeToLiveInMinutesForLowPriority\",\r\n        \"Value\": \"0\"\r\n      },\r\n      {\r\n        \"Key\": \"EnableSkipFSHQuorumValidationCheck\",\r\n        \"Value\": \"False\"\r\n      },\r\n      {\r\n        \"Key\": \"TenantOwners\",\r\n        \"Value\": \"System.Collections.Generic.List`1[RD.Fabric.Controller.ClientType]\"\r\n      },\r\n      {\r\n        \"Key\": \"CrpAuthMetadataUrl\",\r\n        \"Value\": \"https://centraluseuap.compute.azure.com:10011/AuthenticationMetadata\"\r\n      },\r\n      {\r\n        \"Key\": \"CrpCallbackUrl\",\r\n        \"Value\": \"https://centraluseuap.compute.azure.com:10010/internal/subscriptions/b936ff46-de59-4b9d-806e-00df62b1bfad/fabricCallback/tenants/d715f7ad-ef00-422e-be44-63fcddac2543\"\r\n      },\r\n      {\r\n        \"Key\": \"CrpLowPriorityPreemptionPolicy\",\r\n        \"Value\": \"Deallocate\"\r\n      },\r\n      {\r\n        \"Key\": \"PreferRestartDuringInfrastructureUpdates\",\r\n        \"Value\": \"True\"\r\n      },\r\n      {\r\n        \"Key\": \"TenantRoleInstanceStartupTimeoutInMilliseconds\",\r\n        \"Value\": \"1800000\"\r\n      },\r\n      {\r\n        \"Key\": \"TenantProtectionEnabled\",\r\n        \"Value\": \"False\"\r\n      },\r\n      {\r\n        \"Key\": \"NodeProtectionEnabled\",\r\n        \"Value\": \"False\"\r\n      },\r\n      {\r\n        \"Key\": \"ContainerProtectionEnabled\",\r\n        \"Value\": \"False\"\r\n      },\r\n      {\r\n        \"Key\": \"PartialUdWalkEnabled\",\r\n        \"Value\": \"False\"\r\n      },\r\n      {\r\n        \"Key\": \"UdWalkAvailabilityPolicyForTenant\",\r\n        \"Value\": \"RequireAllRoleInstancesInCurrentAndPreviousUDsToBeUp\"\r\n      },\r\n      {\r\n        \"Key\": \"MonitorConditionCheckerDisabled\",\r\n        \"Value\": \"False\"\r\n      },\r\n      {\r\n        \"Key\": \"EnableAllocatorSplitTransactionWorkflow\",\r\n        \"Value\": \"False\"\r\n      },\r\n      {\r\n        \"Key\": \"BootstrapTenantSubscriptionIdValue\",\r\n        \"Value\": \"\"\r\n      },\r\n      {\r\n        \"Key\": \"ProductionFeatureLmGenEnabled\",\r\n        \"Value\": \"None\"\r\n      },\r\n      {\r\n        \"Key\": \"AllowLiveMigrationForTenant\",\r\n        \"Value\": \"True\"\r\n      },\r\n      {\r\n        \"Key\": \"EnableVMFaultInjectorForTenant\",\r\n        \"Value\": \"None\"\r\n      },\r\n      {\r\n        \"Key\": \"EnableStopMigrateForTenant\",\r\n        \"Value\": \"None\"\r\n      },\r\n      {\r\n        \"Key\": \"StopMigrateSkipDiskCopyForTenant\",\r\n        \"Value\": \"None\"\r\n      },\r\n      {\r\n        \"Key\": \"DisableLiveMigrationStartTimeUtc\",\r\n        \"Value\": \"\"\r\n      },\r\n      {\r\n        \"Key\": \"DisableLiveMigrationEndTimeUtc\",\r\n        \"Value\": \"\"\r\n      },\r\n      {\r\n        \"Key\": \"TreatCertificateUpdateAsConfigUpdate\",\r\n        \"Value\": \"False\"\r\n      },\r\n      {\r\n        \"Key\": \"TenantSuspendedJobWaitTimeoutInMinutes\",\r\n        \"Value\": \"15\"\r\n      },\r\n      {\r\n        \"Key\": \"UseDifferentAlertBehaviorForTimeoutAndSignalError\",\r\n        \"Value\": \"True\"\r\n      },\r\n      {\r\n        \"Key\": \"JobTimeoutWarningThresholdInMilliseconds\",\r\n        \"Value\": \"0\"\r\n      },\r\n      {\r\n        \"Key\": \"JobParallelismEnabled\",\r\n        \"Value\": \"True\"\r\n      },\r\n      {\r\n        \"Key\": \"HealingThresholdForMaintenanceInSeconds\",\r\n        \"Value\": \"900\"\r\n      },\r\n      {\r\n        \"Key\": \"TopologyChangeDiscovery\",\r\n        \"Value\": \"Unknown\"\r\n      },\r\n      {\r\n        \"Key\": \"TopologyBlastEnabledForPortConfigurationChange\",\r\n        \"Value\": \"False\"\r\n      },\r\n      {\r\n        \"Key\": \"UseConnectedRoleInstanceInRCFGeneration\",\r\n        \"Value\": \"False\"\r\n      },\r\n      {\r\n        \"Key\": \"UseAllConnectedRoleInstancesAsOutputEndpointTargetInRcf\",\r\n        \"Value\": \"False\"\r\n      },\r\n      {\r\n        \"Key\": \"AllowDistributedRcfGenerationService\",\r\n        \"Value\": \"False\"\r\n      },\r\n      {\r\n        \"Key\": \"RoleConfigGenerationStrategy\",\r\n        \"Value\": \"None\"\r\n      },\r\n      {\r\n        \"Key\": \"WaitOnFshDuringTenantUpdateJobs\",\r\n        \"Value\": \"False\"\r\n      },\r\n      {\r\n        \"Key\": \"IsPinnedToCluster\",\r\n        \"Value\": \"False\"\r\n      },\r\n      {\r\n        \"Key\": \"RdfeIsPinnedToCluster\",\r\n        \"Value\": \"False\"\r\n      },\r\n      {\r\n        \"Key\": \"GuestOSOverrideForTenantUpdate\",\r\n        \"Value\": \"<null>\"\r\n      },\r\n      {\r\n        \"Key\": \"NodeFlightingEnabled\",\r\n        \"Value\": \"False\"\r\n      },\r\n      {\r\n        \"Key\": \"InPlaceRecoveryBudgetInMinutes\",\r\n        \"Value\": \"0\"\r\n      },\r\n      {\r\n        \"Key\": \"AllowNodeDiagnosingOrRecoveryForForServiceHealingAllocationFailure\",\r\n        \"Value\": \"False\"\r\n      },\r\n      {\r\n        \"Key\": \"DisableServiceHealing\",\r\n        \"Value\": \"False\"\r\n      },\r\n      {\r\n        \"Key\": \"AllowNodeDiagnosingOrRecovery\",\r\n        \"Value\": \"False\"\r\n      },\r\n      {\r\n        \"Key\": \"LeaseManagerUseRootLeaseForScaleUp\",\r\n        \"Value\": \"False\"\r\n      },\r\n      {\r\n        \"Key\": \"OverrideNetworkOperationUsingNsmWithRegionalResource\",\r\n        \"Value\": \"False\"\r\n      },\r\n      {\r\n        \"Key\": \"UseQuorumCheckUdWalkPolicy\",\r\n        \"Value\": \"False\"\r\n      },\r\n      {\r\n        \"Key\": \"NodeProtectionSupportForScalingEnabled\",\r\n        \"Value\": \"True\"\r\n      },\r\n      {\r\n        \"Key\": \"TipNodeSessionId\",\r\n        \"Value\": \"00000000-0000-0000-0000-000000000000\"\r\n      },\r\n      {\r\n        \"Key\": \"PFMigrationModeEnabled\",\r\n        \"Value\": \"False\"\r\n      },\r\n      {\r\n        \"Key\": \"BlockTenantUpdateInPFMigrationMode\",\r\n        \"Value\": \"False\"\r\n      },\r\n      {\r\n        \"Key\": \"TenantUpdateUdCleanupApprovalRequired\",\r\n        \"Value\": \"False\"\r\n      },\r\n      {\r\n        \"Key\": \"ApprovalUnavailableActionUpdateJobUntrustedTenant\",\r\n        \"Value\": \"Approve\"\r\n      },\r\n      {\r\n        \"Key\": \"UseTargetMachinePoolForAllocation\",\r\n        \"Value\": \"False\"\r\n      },\r\n      {\r\n        \"Key\": \"IsWorkloadTypeHardwareRepairValidation\",\r\n        \"Value\": \"False\"\r\n      },\r\n      {\r\n        \"Key\": \"SuspendAlertedParallelJobs\",\r\n        \"Value\": \"False\"\r\n      },\r\n      {\r\n        \"Key\": \"DisableDedicatedNodeGroupOverride\",\r\n        \"Value\": \"False\"\r\n      },\r\n      {\r\n        \"Key\": \"ApprovalUnavailableActionAllJobTrustedTenant\",\r\n        \"Value\": \"Unknown\"\r\n      },\r\n      {\r\n        \"Key\": \"AllowSeparateUdsDownForRootHEAndUDWalk\",\r\n        \"Value\": \"False\"\r\n      },\r\n      {\r\n        \"Key\": \"BlockTenantUpdateWithAnyOngoingOMUpdate\",\r\n        \"Value\": \"False\"\r\n      },\r\n      {\r\n        \"Key\": \"BlockTenantUpdateWithImpactfulOngoingOMUpdate\",\r\n        \"Value\": \"False\"\r\n      },\r\n      {\r\n        \"Key\": \"EnableOptimisticRoleConnectionOnScaleUp\",\r\n        \"Value\": \"False\"\r\n      },\r\n      {\r\n        \"Key\": \"TenantEnabledForDNGPublicMRTimeouts\",\r\n        \"Value\": \"False\"\r\n      },\r\n      {\r\n        \"Key\": \"TenantEnabledForDedicatedHostPublicMRTimeouts\",\r\n        \"Value\": \"False\"\r\n      },\r\n      {\r\n        \"Key\": \"AutoUnprotectNodes\",\r\n        \"Value\": \"True\"\r\n      },\r\n      {\r\n        \"Key\": \"AllowMRTenantLiveMigration\",\r\n        \"Value\": \"False\"\r\n      },\r\n      {\r\n        \"Key\": \"UseTenantProvidedFaultInfoForVendorRepairBegin\",\r\n        \"Value\": \"False\"\r\n      },\r\n      {\r\n        \"Key\": \"IsAzsmServiceHealingEnabled\",\r\n        \"Value\": \"True\"\r\n      },\r\n      {\r\n        \"Key\": \"IsAzPEEnabled\",\r\n        \"Value\": \"False\"\r\n      },\r\n      {\r\n        \"Key\": \"IsTenantSpanned\",\r\n        \"Value\": \"False\"\r\n      },\r\n      {\r\n        \"Key\": \"AzSMTenantSliceLocation\",\r\n        \"Value\": \"uscentraleuap-prod-b.azcp.fc.core.windows.net/debug/Manual/AzSM-Slice0-Lifecycle-1\"\r\n      },\r\n      {\r\n        \"Key\": \"PreferredRolesToStartFirst\",\r\n        \"Value\": \"\"\r\n      },\r\n      {\r\n        \"Key\": \"PreferredRolesToStopLast\",\r\n        \"Value\": \"\"\r\n      }\r\n    ]\r\n  },\r\n  \"statuses\": [\r\n    {\r\n      \"code\": \"ProvisioningState/succeeded\",\r\n      \"level\": \"Info\",\r\n      \"displayStatus\": \"Provisioning succeeded\",\r\n      \"time\": \"2019-07-08T16:04:44.7764986-07:00\"\r\n    }\r\n  ]\r\n}",
      "StatusCode": 200
    },
    {
      "RequestUri": "/subscriptions/b936ff46-de59-4b9d-806e-00df62b1bfad/resourceGroups/crptestar6095/providers/Microsoft.Compute/virtualMachineScaleSets?api-version=2019-03-01",
      "EncodedRequestUri": "L3N1YnNjcmlwdGlvbnMvYjkzNmZmNDYtZGU1OS00YjlkLTgwNmUtMDBkZjYyYjFiZmFkL3Jlc291cmNlR3JvdXBzL2NycHRlc3RhcjYwOTUvcHJvdmlkZXJzL01pY3Jvc29mdC5Db21wdXRlL3ZpcnR1YWxNYWNoaW5lU2NhbGVTZXRzP2FwaS12ZXJzaW9uPTIwMTktMDMtMDE=",
      "RequestMethod": "GET",
      "RequestBody": "",
      "RequestHeaders": {
        "x-ms-client-request-id": [
          "b0161841-d65b-452b-91fe-6c8a8c099a90"
        ],
        "Accept-Language": [
          "en-US"
        ],
        "User-Agent": [
          "FxVersion/4.6.27414.06",
          "OSName/Windows",
          "OSVersion/Microsoft.Windows.10.0.14393.",
          "Microsoft.Azure.Management.Compute.ComputeManagementClient/27.1.0.0"
        ]
      },
      "ResponseHeaders": {
        "Cache-Control": [
          "no-cache"
        ],
        "Pragma": [
          "no-cache"
        ],
        "x-ms-ratelimit-remaining-resource": [
          "Microsoft.Compute/HighCostGetVMScaleSet3Min;178,Microsoft.Compute/HighCostGetVMScaleSet30Min;896"
        ],
        "Strict-Transport-Security": [
          "max-age=31536000; includeSubDomains"
        ],
        "x-ms-request-id": [
          "a56d6c90-b26c-4983-9275-d54f689d6803"
        ],
        "Server": [
          "Microsoft-HTTPAPI/2.0",
          "Microsoft-HTTPAPI/2.0"
        ],
        "x-ms-ratelimit-remaining-subscription-reads": [
          "11978"
        ],
        "x-ms-correlation-request-id": [
          "b7fbe921-7f1d-454f-a977-842584471414"
        ],
        "x-ms-routing-request-id": [
          "WESTUS:20190708T230510Z:b7fbe921-7f1d-454f-a977-842584471414"
        ],
        "X-Content-Type-Options": [
          "nosniff"
        ],
        "Date": [
          "Mon, 08 Jul 2019 23:05:09 GMT"
        ],
        "Content-Length": [
          "2502"
        ],
        "Content-Type": [
          "application/json; charset=utf-8"
        ],
        "Expires": [
          "-1"
        ]
      },
      "ResponseBody": "{\r\n  \"value\": [\r\n    {\r\n      \"name\": \"vmss3421\",\r\n      \"id\": \"/subscriptions/b936ff46-de59-4b9d-806e-00df62b1bfad/resourceGroups/crptestar6095/providers/Microsoft.Compute/virtualMachineScaleSets/vmss3421\",\r\n      \"type\": \"Microsoft.Compute/virtualMachineScaleSets\",\r\n      \"location\": \"centraluseuap\",\r\n      \"tags\": {\r\n        \"RG\": \"rg\",\r\n        \"testTag\": \"1\"\r\n      },\r\n      \"sku\": {\r\n        \"name\": \"Standard_A1\",\r\n        \"tier\": \"Standard\",\r\n        \"capacity\": 2\r\n      },\r\n      \"properties\": {\r\n        \"singlePlacementGroup\": true,\r\n        \"upgradePolicy\": {\r\n          \"mode\": \"Automatic\"\r\n        },\r\n        \"virtualMachineProfile\": {\r\n          \"osProfile\": {\r\n            \"computerNamePrefix\": \"test\",\r\n            \"adminUsername\": \"Foo12\",\r\n            \"windowsConfiguration\": {\r\n              \"provisionVMAgent\": true,\r\n              \"enableAutomaticUpdates\": true\r\n            },\r\n            \"secrets\": [],\r\n            \"allowExtensionOperations\": true,\r\n            \"requireGuestProvisionSignal\": true\r\n          },\r\n          \"storageProfile\": {\r\n            \"osDisk\": {\r\n              \"vhdContainers\": [\r\n                \"https://crptestar322.blob.core.windows.net/crptestar7106\"\r\n              ],\r\n              \"name\": \"test\",\r\n              \"createOption\": \"FromImage\",\r\n              \"caching\": \"None\"\r\n            },\r\n            \"imageReference\": {\r\n              \"publisher\": \"MicrosoftWindowsServer\",\r\n              \"offer\": \"WindowsServer\",\r\n              \"sku\": \"2012-R2-Datacenter\",\r\n              \"version\": \"4.127.20180315\"\r\n            }\r\n          },\r\n          \"networkProfile\": {\r\n            \"networkInterfaceConfigurations\": [\r\n              {\r\n                \"name\": \"vmsstestnetconfig300\",\r\n                \"properties\": {\r\n                  \"primary\": true,\r\n                  \"enableAcceleratedNetworking\": false,\r\n                  \"dnsSettings\": {\r\n                    \"dnsServers\": []\r\n                  },\r\n                  \"enableIPForwarding\": false,\r\n                  \"ipConfigurations\": [\r\n                    {\r\n                      \"name\": \"vmsstestnetconfig6892\",\r\n                      \"properties\": {\r\n                        \"subnet\": {\r\n                          \"id\": \"/subscriptions/b936ff46-de59-4b9d-806e-00df62b1bfad/resourceGroups/crptestar6095/providers/Microsoft.Network/virtualNetworks/vn5673/subnets/sn1534\"\r\n                        },\r\n                        \"privateIPAddressVersion\": \"IPv4\"\r\n                      }\r\n                    }\r\n                  ]\r\n                }\r\n              }\r\n            ]\r\n          },\r\n          \"priority\": \"Low\",\r\n          \"evictionPolicy\": \"Deallocate\",\r\n          \"billingProfile\": {\r\n            \"maxPrice\": 100.0\r\n          }\r\n        },\r\n        \"provisioningState\": \"Succeeded\",\r\n        \"overprovision\": true,\r\n        \"doNotRunExtensionsOnOverprovisionedVMs\": false,\r\n        \"uniqueId\": \"b96cf5ce-1e91-4be6-bf1c-fd57c77447b8\",\r\n        \"platformFaultDomainCount\": 1\r\n      }\r\n    }\r\n  ]\r\n}",
      "StatusCode": 200
    },
    {
      "RequestUri": "/subscriptions/b936ff46-de59-4b9d-806e-00df62b1bfad/resourceGroups/crptestar6095/providers/Microsoft.Compute/virtualMachineScaleSets/vmss3421/skus?api-version=2019-03-01",
      "EncodedRequestUri": "L3N1YnNjcmlwdGlvbnMvYjkzNmZmNDYtZGU1OS00YjlkLTgwNmUtMDBkZjYyYjFiZmFkL3Jlc291cmNlR3JvdXBzL2NycHRlc3RhcjYwOTUvcHJvdmlkZXJzL01pY3Jvc29mdC5Db21wdXRlL3ZpcnR1YWxNYWNoaW5lU2NhbGVTZXRzL3Ztc3MzNDIxL3NrdXM/YXBpLXZlcnNpb249MjAxOS0wMy0wMQ==",
      "RequestMethod": "GET",
      "RequestBody": "",
      "RequestHeaders": {
        "x-ms-client-request-id": [
          "523efec0-d9be-4c3d-8723-7918c2871eb2"
        ],
        "Accept-Language": [
          "en-US"
        ],
        "User-Agent": [
          "FxVersion/4.6.27414.06",
          "OSName/Windows",
          "OSVersion/Microsoft.Windows.10.0.14393.",
          "Microsoft.Azure.Management.Compute.ComputeManagementClient/27.1.0.0"
        ]
      },
      "ResponseHeaders": {
        "Cache-Control": [
          "no-cache"
        ],
        "Pragma": [
          "no-cache"
        ],
        "x-ms-ratelimit-remaining-resource": [
          "Microsoft.Compute/GetVMScaleSet3Min;196,Microsoft.Compute/GetVMScaleSet30Min;1287"
        ],
        "Strict-Transport-Security": [
          "max-age=31536000; includeSubDomains"
        ],
        "x-ms-request-id": [
          "683ed6f4-39e1-4ce7-8643-ff15da25db75"
        ],
        "Server": [
          "Microsoft-HTTPAPI/2.0",
          "Microsoft-HTTPAPI/2.0"
        ],
        "x-ms-ratelimit-remaining-subscription-reads": [
          "11977"
        ],
        "x-ms-correlation-request-id": [
          "4b3d9ea7-17df-4a03-b6fe-e7d1e34f4b59"
        ],
        "x-ms-routing-request-id": [
          "WESTUS:20190708T230510Z:4b3d9ea7-17df-4a03-b6fe-e7d1e34f4b59"
        ],
        "X-Content-Type-Options": [
          "nosniff"
        ],
        "Date": [
          "Mon, 08 Jul 2019 23:05:10 GMT"
        ],
        "Content-Length": [
          "24586"
        ],
        "Content-Type": [
          "application/json; charset=utf-8"
        ],
        "Expires": [
          "-1"
        ]
      },
      "ResponseBody": "{\r\n  \"value\": [\r\n    {\r\n      \"resourceType\": \"Microsoft.Compute/virtualMachineScaleSets\",\r\n      \"sku\": {\r\n        \"name\": \"Standard_F2s_v2\",\r\n        \"tier\": \"Standard\"\r\n      },\r\n      \"capacity\": {\r\n        \"minimum\": 0,\r\n        \"maximum\": 40,\r\n        \"defaultCapacity\": 1,\r\n        \"scaleType\": \"Automatic\"\r\n      }\r\n    },\r\n    {\r\n      \"resourceType\": \"Microsoft.Compute/virtualMachineScaleSets\",\r\n      \"sku\": {\r\n        \"name\": \"Standard_F4s_v2\",\r\n        \"tier\": \"Standard\"\r\n      },\r\n      \"capacity\": {\r\n        \"minimum\": 0,\r\n        \"maximum\": 40,\r\n        \"defaultCapacity\": 1,\r\n        \"scaleType\": \"Automatic\"\r\n      }\r\n    },\r\n    {\r\n      \"resourceType\": \"Microsoft.Compute/virtualMachineScaleSets\",\r\n      \"sku\": {\r\n        \"name\": \"Standard_F8s_v2\",\r\n        \"tier\": \"Standard\"\r\n      },\r\n      \"capacity\": {\r\n        \"minimum\": 0,\r\n        \"maximum\": 40,\r\n        \"defaultCapacity\": 1,\r\n        \"scaleType\": \"Automatic\"\r\n      }\r\n    },\r\n    {\r\n      \"resourceType\": \"Microsoft.Compute/virtualMachineScaleSets\",\r\n      \"sku\": {\r\n        \"name\": \"Standard_F16s_v2\",\r\n        \"tier\": \"Standard\"\r\n      },\r\n      \"capacity\": {\r\n        \"minimum\": 0,\r\n        \"maximum\": 40,\r\n        \"defaultCapacity\": 1,\r\n        \"scaleType\": \"Automatic\"\r\n      }\r\n    },\r\n    {\r\n      \"resourceType\": \"Microsoft.Compute/virtualMachineScaleSets\",\r\n      \"sku\": {\r\n        \"name\": \"Standard_F32s_v2\",\r\n        \"tier\": \"Standard\"\r\n      },\r\n      \"capacity\": {\r\n        \"minimum\": 0,\r\n        \"maximum\": 40,\r\n        \"defaultCapacity\": 1,\r\n        \"scaleType\": \"Automatic\"\r\n      }\r\n    },\r\n    {\r\n      \"resourceType\": \"Microsoft.Compute/virtualMachineScaleSets\",\r\n      \"sku\": {\r\n        \"name\": \"Standard_F48s_v2\",\r\n        \"tier\": \"Standard\"\r\n      },\r\n      \"capacity\": {\r\n        \"minimum\": 0,\r\n        \"maximum\": 40,\r\n        \"defaultCapacity\": 1,\r\n        \"scaleType\": \"Automatic\"\r\n      }\r\n    },\r\n    {\r\n      \"resourceType\": \"Microsoft.Compute/virtualMachineScaleSets\",\r\n      \"sku\": {\r\n        \"name\": \"Standard_F64s_v2\",\r\n        \"tier\": \"Standard\"\r\n      },\r\n      \"capacity\": {\r\n        \"minimum\": 0,\r\n        \"maximum\": 40,\r\n        \"defaultCapacity\": 1,\r\n        \"scaleType\": \"Automatic\"\r\n      }\r\n    },\r\n    {\r\n      \"resourceType\": \"Microsoft.Compute/virtualMachineScaleSets\",\r\n      \"sku\": {\r\n        \"name\": \"Standard_F72s_v2\",\r\n        \"tier\": \"Standard\"\r\n      },\r\n      \"capacity\": {\r\n        \"minimum\": 0,\r\n        \"maximum\": 40,\r\n        \"defaultCapacity\": 1,\r\n        \"scaleType\": \"Automatic\"\r\n      }\r\n    },\r\n    {\r\n      \"resourceType\": \"Microsoft.Compute/virtualMachineScaleSets\",\r\n      \"sku\": {\r\n        \"name\": \"Standard_A0\",\r\n        \"tier\": \"Standard\"\r\n      },\r\n      \"capacity\": {\r\n        \"minimum\": 0,\r\n        \"maximum\": 40,\r\n        \"defaultCapacity\": 1,\r\n        \"scaleType\": \"Automatic\"\r\n      }\r\n    },\r\n    {\r\n      \"resourceType\": \"Microsoft.Compute/virtualMachineScaleSets\",\r\n      \"sku\": {\r\n        \"name\": \"Standard_A1\",\r\n        \"tier\": \"Standard\"\r\n      },\r\n      \"capacity\": {\r\n        \"minimum\": 0,\r\n        \"maximum\": 40,\r\n        \"defaultCapacity\": 1,\r\n        \"scaleType\": \"Automatic\"\r\n      }\r\n    },\r\n    {\r\n      \"resourceType\": \"Microsoft.Compute/virtualMachineScaleSets\",\r\n      \"sku\": {\r\n        \"name\": \"Standard_A2\",\r\n        \"tier\": \"Standard\"\r\n      },\r\n      \"capacity\": {\r\n        \"minimum\": 0,\r\n        \"maximum\": 40,\r\n        \"defaultCapacity\": 1,\r\n        \"scaleType\": \"Automatic\"\r\n      }\r\n    },\r\n    {\r\n      \"resourceType\": \"Microsoft.Compute/virtualMachineScaleSets\",\r\n      \"sku\": {\r\n        \"name\": \"Standard_A3\",\r\n        \"tier\": \"Standard\"\r\n      },\r\n      \"capacity\": {\r\n        \"minimum\": 0,\r\n        \"maximum\": 40,\r\n        \"defaultCapacity\": 1,\r\n        \"scaleType\": \"Automatic\"\r\n      }\r\n    },\r\n    {\r\n      \"resourceType\": \"Microsoft.Compute/virtualMachineScaleSets\",\r\n      \"sku\": {\r\n        \"name\": \"Standard_A5\",\r\n        \"tier\": \"Standard\"\r\n      },\r\n      \"capacity\": {\r\n        \"minimum\": 0,\r\n        \"maximum\": 40,\r\n        \"defaultCapacity\": 1,\r\n        \"scaleType\": \"Automatic\"\r\n      }\r\n    },\r\n    {\r\n      \"resourceType\": \"Microsoft.Compute/virtualMachineScaleSets\",\r\n      \"sku\": {\r\n        \"name\": \"Standard_A4\",\r\n        \"tier\": \"Standard\"\r\n      },\r\n      \"capacity\": {\r\n        \"minimum\": 0,\r\n        \"maximum\": 40,\r\n        \"defaultCapacity\": 1,\r\n        \"scaleType\": \"Automatic\"\r\n      }\r\n    },\r\n    {\r\n      \"resourceType\": \"Microsoft.Compute/virtualMachineScaleSets\",\r\n      \"sku\": {\r\n        \"name\": \"Standard_A6\",\r\n        \"tier\": \"Standard\"\r\n      },\r\n      \"capacity\": {\r\n        \"minimum\": 0,\r\n        \"maximum\": 40,\r\n        \"defaultCapacity\": 1,\r\n        \"scaleType\": \"Automatic\"\r\n      }\r\n    },\r\n    {\r\n      \"resourceType\": \"Microsoft.Compute/virtualMachineScaleSets\",\r\n      \"sku\": {\r\n        \"name\": \"Standard_A7\",\r\n        \"tier\": \"Standard\"\r\n      },\r\n      \"capacity\": {\r\n        \"minimum\": 0,\r\n        \"maximum\": 40,\r\n        \"defaultCapacity\": 1,\r\n        \"scaleType\": \"Automatic\"\r\n      }\r\n    },\r\n    {\r\n      \"resourceType\": \"Microsoft.Compute/virtualMachineScaleSets\",\r\n      \"sku\": {\r\n        \"name\": \"Basic_A0\",\r\n        \"tier\": \"Basic\"\r\n      },\r\n      \"capacity\": {\r\n        \"minimum\": 0,\r\n        \"maximum\": 40,\r\n        \"defaultCapacity\": 1,\r\n        \"scaleType\": \"Automatic\"\r\n      }\r\n    },\r\n    {\r\n      \"resourceType\": \"Microsoft.Compute/virtualMachineScaleSets\",\r\n      \"sku\": {\r\n        \"name\": \"Basic_A1\",\r\n        \"tier\": \"Basic\"\r\n      },\r\n      \"capacity\": {\r\n        \"minimum\": 0,\r\n        \"maximum\": 40,\r\n        \"defaultCapacity\": 1,\r\n        \"scaleType\": \"Automatic\"\r\n      }\r\n    },\r\n    {\r\n      \"resourceType\": \"Microsoft.Compute/virtualMachineScaleSets\",\r\n      \"sku\": {\r\n        \"name\": \"Basic_A2\",\r\n        \"tier\": \"Basic\"\r\n      },\r\n      \"capacity\": {\r\n        \"minimum\": 0,\r\n        \"maximum\": 40,\r\n        \"defaultCapacity\": 1,\r\n        \"scaleType\": \"Automatic\"\r\n      }\r\n    },\r\n    {\r\n      \"resourceType\": \"Microsoft.Compute/virtualMachineScaleSets\",\r\n      \"sku\": {\r\n        \"name\": \"Basic_A3\",\r\n        \"tier\": \"Basic\"\r\n      },\r\n      \"capacity\": {\r\n        \"minimum\": 0,\r\n        \"maximum\": 40,\r\n        \"defaultCapacity\": 1,\r\n        \"scaleType\": \"Automatic\"\r\n      }\r\n    },\r\n    {\r\n      \"resourceType\": \"Microsoft.Compute/virtualMachineScaleSets\",\r\n      \"sku\": {\r\n        \"name\": \"Basic_A4\",\r\n        \"tier\": \"Basic\"\r\n      },\r\n      \"capacity\": {\r\n        \"minimum\": 0,\r\n        \"maximum\": 40,\r\n        \"defaultCapacity\": 1,\r\n        \"scaleType\": \"Automatic\"\r\n      }\r\n    },\r\n    {\r\n      \"resourceType\": \"Microsoft.Compute/virtualMachineScaleSets\",\r\n      \"sku\": {\r\n        \"name\": \"Standard_D1_v2\",\r\n        \"tier\": \"Standard\"\r\n      },\r\n      \"capacity\": {\r\n        \"minimum\": 0,\r\n        \"maximum\": 40,\r\n        \"defaultCapacity\": 1,\r\n        \"scaleType\": \"Automatic\"\r\n      }\r\n    },\r\n    {\r\n      \"resourceType\": \"Microsoft.Compute/virtualMachineScaleSets\",\r\n      \"sku\": {\r\n        \"name\": \"Standard_D2_v2\",\r\n        \"tier\": \"Standard\"\r\n      },\r\n      \"capacity\": {\r\n        \"minimum\": 0,\r\n        \"maximum\": 40,\r\n        \"defaultCapacity\": 1,\r\n        \"scaleType\": \"Automatic\"\r\n      }\r\n    },\r\n    {\r\n      \"resourceType\": \"Microsoft.Compute/virtualMachineScaleSets\",\r\n      \"sku\": {\r\n        \"name\": \"Standard_D3_v2\",\r\n        \"tier\": \"Standard\"\r\n      },\r\n      \"capacity\": {\r\n        \"minimum\": 0,\r\n        \"maximum\": 40,\r\n        \"defaultCapacity\": 1,\r\n        \"scaleType\": \"Automatic\"\r\n      }\r\n    },\r\n    {\r\n      \"resourceType\": \"Microsoft.Compute/virtualMachineScaleSets\",\r\n      \"sku\": {\r\n        \"name\": \"Standard_D4_v2\",\r\n        \"tier\": \"Standard\"\r\n      },\r\n      \"capacity\": {\r\n        \"minimum\": 0,\r\n        \"maximum\": 40,\r\n        \"defaultCapacity\": 1,\r\n        \"scaleType\": \"Automatic\"\r\n      }\r\n    },\r\n    {\r\n      \"resourceType\": \"Microsoft.Compute/virtualMachineScaleSets\",\r\n      \"sku\": {\r\n        \"name\": \"Standard_D5_v2\",\r\n        \"tier\": \"Standard\"\r\n      },\r\n      \"capacity\": {\r\n        \"minimum\": 0,\r\n        \"maximum\": 40,\r\n        \"defaultCapacity\": 1,\r\n        \"scaleType\": \"Automatic\"\r\n      }\r\n    },\r\n    {\r\n      \"resourceType\": \"Microsoft.Compute/virtualMachineScaleSets\",\r\n      \"sku\": {\r\n        \"name\": \"Standard_D11_v2\",\r\n        \"tier\": \"Standard\"\r\n      },\r\n      \"capacity\": {\r\n        \"minimum\": 0,\r\n        \"maximum\": 40,\r\n        \"defaultCapacity\": 1,\r\n        \"scaleType\": \"Automatic\"\r\n      }\r\n    },\r\n    {\r\n      \"resourceType\": \"Microsoft.Compute/virtualMachineScaleSets\",\r\n      \"sku\": {\r\n        \"name\": \"Standard_D12_v2\",\r\n        \"tier\": \"Standard\"\r\n      },\r\n      \"capacity\": {\r\n        \"minimum\": 0,\r\n        \"maximum\": 40,\r\n        \"defaultCapacity\": 1,\r\n        \"scaleType\": \"Automatic\"\r\n      }\r\n    },\r\n    {\r\n      \"resourceType\": \"Microsoft.Compute/virtualMachineScaleSets\",\r\n      \"sku\": {\r\n        \"name\": \"Standard_D13_v2\",\r\n        \"tier\": \"Standard\"\r\n      },\r\n      \"capacity\": {\r\n        \"minimum\": 0,\r\n        \"maximum\": 40,\r\n        \"defaultCapacity\": 1,\r\n        \"scaleType\": \"Automatic\"\r\n      }\r\n    },\r\n    {\r\n      \"resourceType\": \"Microsoft.Compute/virtualMachineScaleSets\",\r\n      \"sku\": {\r\n        \"name\": \"Standard_D14_v2\",\r\n        \"tier\": \"Standard\"\r\n      },\r\n      \"capacity\": {\r\n        \"minimum\": 0,\r\n        \"maximum\": 40,\r\n        \"defaultCapacity\": 1,\r\n        \"scaleType\": \"Automatic\"\r\n      }\r\n    },\r\n    {\r\n      \"resourceType\": \"Microsoft.Compute/virtualMachineScaleSets\",\r\n      \"sku\": {\r\n        \"name\": \"Standard_D15_v2\",\r\n        \"tier\": \"Standard\"\r\n      },\r\n      \"capacity\": {\r\n        \"minimum\": 0,\r\n        \"maximum\": 40,\r\n        \"defaultCapacity\": 1,\r\n        \"scaleType\": \"Automatic\"\r\n      }\r\n    },\r\n    {\r\n      \"resourceType\": \"Microsoft.Compute/virtualMachineScaleSets\",\r\n      \"sku\": {\r\n        \"name\": \"Standard_D2_v2_Promo\",\r\n        \"tier\": \"Standard\"\r\n      },\r\n      \"capacity\": {\r\n        \"minimum\": 0,\r\n        \"maximum\": 40,\r\n        \"defaultCapacity\": 1,\r\n        \"scaleType\": \"Automatic\"\r\n      }\r\n    },\r\n    {\r\n      \"resourceType\": \"Microsoft.Compute/virtualMachineScaleSets\",\r\n      \"sku\": {\r\n        \"name\": \"Standard_D3_v2_Promo\",\r\n        \"tier\": \"Standard\"\r\n      },\r\n      \"capacity\": {\r\n        \"minimum\": 0,\r\n        \"maximum\": 40,\r\n        \"defaultCapacity\": 1,\r\n        \"scaleType\": \"Automatic\"\r\n      }\r\n    },\r\n    {\r\n      \"resourceType\": \"Microsoft.Compute/virtualMachineScaleSets\",\r\n      \"sku\": {\r\n        \"name\": \"Standard_D4_v2_Promo\",\r\n        \"tier\": \"Standard\"\r\n      },\r\n      \"capacity\": {\r\n        \"minimum\": 0,\r\n        \"maximum\": 40,\r\n        \"defaultCapacity\": 1,\r\n        \"scaleType\": \"Automatic\"\r\n      }\r\n    },\r\n    {\r\n      \"resourceType\": \"Microsoft.Compute/virtualMachineScaleSets\",\r\n      \"sku\": {\r\n        \"name\": \"Standard_D5_v2_Promo\",\r\n        \"tier\": \"Standard\"\r\n      },\r\n      \"capacity\": {\r\n        \"minimum\": 0,\r\n        \"maximum\": 40,\r\n        \"defaultCapacity\": 1,\r\n        \"scaleType\": \"Automatic\"\r\n      }\r\n    },\r\n    {\r\n      \"resourceType\": \"Microsoft.Compute/virtualMachineScaleSets\",\r\n      \"sku\": {\r\n        \"name\": \"Standard_D11_v2_Promo\",\r\n        \"tier\": \"Standard\"\r\n      },\r\n      \"capacity\": {\r\n        \"minimum\": 0,\r\n        \"maximum\": 40,\r\n        \"defaultCapacity\": 1,\r\n        \"scaleType\": \"Automatic\"\r\n      }\r\n    },\r\n    {\r\n      \"resourceType\": \"Microsoft.Compute/virtualMachineScaleSets\",\r\n      \"sku\": {\r\n        \"name\": \"Standard_D12_v2_Promo\",\r\n        \"tier\": \"Standard\"\r\n      },\r\n      \"capacity\": {\r\n        \"minimum\": 0,\r\n        \"maximum\": 40,\r\n        \"defaultCapacity\": 1,\r\n        \"scaleType\": \"Automatic\"\r\n      }\r\n    },\r\n    {\r\n      \"resourceType\": \"Microsoft.Compute/virtualMachineScaleSets\",\r\n      \"sku\": {\r\n        \"name\": \"Standard_D13_v2_Promo\",\r\n        \"tier\": \"Standard\"\r\n      },\r\n      \"capacity\": {\r\n        \"minimum\": 0,\r\n        \"maximum\": 40,\r\n        \"defaultCapacity\": 1,\r\n        \"scaleType\": \"Automatic\"\r\n      }\r\n    },\r\n    {\r\n      \"resourceType\": \"Microsoft.Compute/virtualMachineScaleSets\",\r\n      \"sku\": {\r\n        \"name\": \"Standard_D14_v2_Promo\",\r\n        \"tier\": \"Standard\"\r\n      },\r\n      \"capacity\": {\r\n        \"minimum\": 0,\r\n        \"maximum\": 40,\r\n        \"defaultCapacity\": 1,\r\n        \"scaleType\": \"Automatic\"\r\n      }\r\n    },\r\n    {\r\n      \"resourceType\": \"Microsoft.Compute/virtualMachineScaleSets\",\r\n      \"sku\": {\r\n        \"name\": \"Standard_F1\",\r\n        \"tier\": \"Standard\"\r\n      },\r\n      \"capacity\": {\r\n        \"minimum\": 0,\r\n        \"maximum\": 40,\r\n        \"defaultCapacity\": 1,\r\n        \"scaleType\": \"Automatic\"\r\n      }\r\n    },\r\n    {\r\n      \"resourceType\": \"Microsoft.Compute/virtualMachineScaleSets\",\r\n      \"sku\": {\r\n        \"name\": \"Standard_F2\",\r\n        \"tier\": \"Standard\"\r\n      },\r\n      \"capacity\": {\r\n        \"minimum\": 0,\r\n        \"maximum\": 40,\r\n        \"defaultCapacity\": 1,\r\n        \"scaleType\": \"Automatic\"\r\n      }\r\n    },\r\n    {\r\n      \"resourceType\": \"Microsoft.Compute/virtualMachineScaleSets\",\r\n      \"sku\": {\r\n        \"name\": \"Standard_F4\",\r\n        \"tier\": \"Standard\"\r\n      },\r\n      \"capacity\": {\r\n        \"minimum\": 0,\r\n        \"maximum\": 40,\r\n        \"defaultCapacity\": 1,\r\n        \"scaleType\": \"Automatic\"\r\n      }\r\n    },\r\n    {\r\n      \"resourceType\": \"Microsoft.Compute/virtualMachineScaleSets\",\r\n      \"sku\": {\r\n        \"name\": \"Standard_F8\",\r\n        \"tier\": \"Standard\"\r\n      },\r\n      \"capacity\": {\r\n        \"minimum\": 0,\r\n        \"maximum\": 40,\r\n        \"defaultCapacity\": 1,\r\n        \"scaleType\": \"Automatic\"\r\n      }\r\n    },\r\n    {\r\n      \"resourceType\": \"Microsoft.Compute/virtualMachineScaleSets\",\r\n      \"sku\": {\r\n        \"name\": \"Standard_F16\",\r\n        \"tier\": \"Standard\"\r\n      },\r\n      \"capacity\": {\r\n        \"minimum\": 0,\r\n        \"maximum\": 40,\r\n        \"defaultCapacity\": 1,\r\n        \"scaleType\": \"Automatic\"\r\n      }\r\n    },\r\n    {\r\n      \"resourceType\": \"Microsoft.Compute/virtualMachineScaleSets\",\r\n      \"sku\": {\r\n        \"name\": \"Standard_DS1_v2\",\r\n        \"tier\": \"Standard\"\r\n      },\r\n      \"capacity\": {\r\n        \"minimum\": 0,\r\n        \"maximum\": 40,\r\n        \"defaultCapacity\": 1,\r\n        \"scaleType\": \"Automatic\"\r\n      }\r\n    },\r\n    {\r\n      \"resourceType\": \"Microsoft.Compute/virtualMachineScaleSets\",\r\n      \"sku\": {\r\n        \"name\": \"Standard_DS2_v2\",\r\n        \"tier\": \"Standard\"\r\n      },\r\n      \"capacity\": {\r\n        \"minimum\": 0,\r\n        \"maximum\": 40,\r\n        \"defaultCapacity\": 1,\r\n        \"scaleType\": \"Automatic\"\r\n      }\r\n    },\r\n    {\r\n      \"resourceType\": \"Microsoft.Compute/virtualMachineScaleSets\",\r\n      \"sku\": {\r\n        \"name\": \"Standard_DS3_v2\",\r\n        \"tier\": \"Standard\"\r\n      },\r\n      \"capacity\": {\r\n        \"minimum\": 0,\r\n        \"maximum\": 40,\r\n        \"defaultCapacity\": 1,\r\n        \"scaleType\": \"Automatic\"\r\n      }\r\n    },\r\n    {\r\n      \"resourceType\": \"Microsoft.Compute/virtualMachineScaleSets\",\r\n      \"sku\": {\r\n        \"name\": \"Standard_DS4_v2\",\r\n        \"tier\": \"Standard\"\r\n      },\r\n      \"capacity\": {\r\n        \"minimum\": 0,\r\n        \"maximum\": 40,\r\n        \"defaultCapacity\": 1,\r\n        \"scaleType\": \"Automatic\"\r\n      }\r\n    },\r\n    {\r\n      \"resourceType\": \"Microsoft.Compute/virtualMachineScaleSets\",\r\n      \"sku\": {\r\n        \"name\": \"Standard_DS5_v2\",\r\n        \"tier\": \"Standard\"\r\n      },\r\n      \"capacity\": {\r\n        \"minimum\": 0,\r\n        \"maximum\": 40,\r\n        \"defaultCapacity\": 1,\r\n        \"scaleType\": \"Automatic\"\r\n      }\r\n    },\r\n    {\r\n      \"resourceType\": \"Microsoft.Compute/virtualMachineScaleSets\",\r\n      \"sku\": {\r\n        \"name\": \"Standard_DS11_v2\",\r\n        \"tier\": \"Standard\"\r\n      },\r\n      \"capacity\": {\r\n        \"minimum\": 0,\r\n        \"maximum\": 40,\r\n        \"defaultCapacity\": 1,\r\n        \"scaleType\": \"Automatic\"\r\n      }\r\n    },\r\n    {\r\n      \"resourceType\": \"Microsoft.Compute/virtualMachineScaleSets\",\r\n      \"sku\": {\r\n        \"name\": \"Standard_DS12_v2\",\r\n        \"tier\": \"Standard\"\r\n      },\r\n      \"capacity\": {\r\n        \"minimum\": 0,\r\n        \"maximum\": 40,\r\n        \"defaultCapacity\": 1,\r\n        \"scaleType\": \"Automatic\"\r\n      }\r\n    },\r\n    {\r\n      \"resourceType\": \"Microsoft.Compute/virtualMachineScaleSets\",\r\n      \"sku\": {\r\n        \"name\": \"Standard_DS13-2_v2\",\r\n        \"tier\": \"Standard\"\r\n      },\r\n      \"capacity\": {\r\n        \"minimum\": 0,\r\n        \"maximum\": 40,\r\n        \"defaultCapacity\": 1,\r\n        \"scaleType\": \"Automatic\"\r\n      }\r\n    },\r\n    {\r\n      \"resourceType\": \"Microsoft.Compute/virtualMachineScaleSets\",\r\n      \"sku\": {\r\n        \"name\": \"Standard_DS13-4_v2\",\r\n        \"tier\": \"Standard\"\r\n      },\r\n      \"capacity\": {\r\n        \"minimum\": 0,\r\n        \"maximum\": 40,\r\n        \"defaultCapacity\": 1,\r\n        \"scaleType\": \"Automatic\"\r\n      }\r\n    },\r\n    {\r\n      \"resourceType\": \"Microsoft.Compute/virtualMachineScaleSets\",\r\n      \"sku\": {\r\n        \"name\": \"Standard_DS13_v2\",\r\n        \"tier\": \"Standard\"\r\n      },\r\n      \"capacity\": {\r\n        \"minimum\": 0,\r\n        \"maximum\": 40,\r\n        \"defaultCapacity\": 1,\r\n        \"scaleType\": \"Automatic\"\r\n      }\r\n    },\r\n    {\r\n      \"resourceType\": \"Microsoft.Compute/virtualMachineScaleSets\",\r\n      \"sku\": {\r\n        \"name\": \"Standard_DS14-4_v2\",\r\n        \"tier\": \"Standard\"\r\n      },\r\n      \"capacity\": {\r\n        \"minimum\": 0,\r\n        \"maximum\": 40,\r\n        \"defaultCapacity\": 1,\r\n        \"scaleType\": \"Automatic\"\r\n      }\r\n    },\r\n    {\r\n      \"resourceType\": \"Microsoft.Compute/virtualMachineScaleSets\",\r\n      \"sku\": {\r\n        \"name\": \"Standard_DS14-8_v2\",\r\n        \"tier\": \"Standard\"\r\n      },\r\n      \"capacity\": {\r\n        \"minimum\": 0,\r\n        \"maximum\": 40,\r\n        \"defaultCapacity\": 1,\r\n        \"scaleType\": \"Automatic\"\r\n      }\r\n    },\r\n    {\r\n      \"resourceType\": \"Microsoft.Compute/virtualMachineScaleSets\",\r\n      \"sku\": {\r\n        \"name\": \"Standard_DS14_v2\",\r\n        \"tier\": \"Standard\"\r\n      },\r\n      \"capacity\": {\r\n        \"minimum\": 0,\r\n        \"maximum\": 40,\r\n        \"defaultCapacity\": 1,\r\n        \"scaleType\": \"Automatic\"\r\n      }\r\n    },\r\n    {\r\n      \"resourceType\": \"Microsoft.Compute/virtualMachineScaleSets\",\r\n      \"sku\": {\r\n        \"name\": \"Standard_DS15_v2\",\r\n        \"tier\": \"Standard\"\r\n      },\r\n      \"capacity\": {\r\n        \"minimum\": 0,\r\n        \"maximum\": 40,\r\n        \"defaultCapacity\": 1,\r\n        \"scaleType\": \"Automatic\"\r\n      }\r\n    },\r\n    {\r\n      \"resourceType\": \"Microsoft.Compute/virtualMachineScaleSets\",\r\n      \"sku\": {\r\n        \"name\": \"Standard_DS2_v2_Promo\",\r\n        \"tier\": \"Standard\"\r\n      },\r\n      \"capacity\": {\r\n        \"minimum\": 0,\r\n        \"maximum\": 40,\r\n        \"defaultCapacity\": 1,\r\n        \"scaleType\": \"Automatic\"\r\n      }\r\n    },\r\n    {\r\n      \"resourceType\": \"Microsoft.Compute/virtualMachineScaleSets\",\r\n      \"sku\": {\r\n        \"name\": \"Standard_DS3_v2_Promo\",\r\n        \"tier\": \"Standard\"\r\n      },\r\n      \"capacity\": {\r\n        \"minimum\": 0,\r\n        \"maximum\": 40,\r\n        \"defaultCapacity\": 1,\r\n        \"scaleType\": \"Automatic\"\r\n      }\r\n    },\r\n    {\r\n      \"resourceType\": \"Microsoft.Compute/virtualMachineScaleSets\",\r\n      \"sku\": {\r\n        \"name\": \"Standard_DS4_v2_Promo\",\r\n        \"tier\": \"Standard\"\r\n      },\r\n      \"capacity\": {\r\n        \"minimum\": 0,\r\n        \"maximum\": 40,\r\n        \"defaultCapacity\": 1,\r\n        \"scaleType\": \"Automatic\"\r\n      }\r\n    },\r\n    {\r\n      \"resourceType\": \"Microsoft.Compute/virtualMachineScaleSets\",\r\n      \"sku\": {\r\n        \"name\": \"Standard_DS5_v2_Promo\",\r\n        \"tier\": \"Standard\"\r\n      },\r\n      \"capacity\": {\r\n        \"minimum\": 0,\r\n        \"maximum\": 40,\r\n        \"defaultCapacity\": 1,\r\n        \"scaleType\": \"Automatic\"\r\n      }\r\n    },\r\n    {\r\n      \"resourceType\": \"Microsoft.Compute/virtualMachineScaleSets\",\r\n      \"sku\": {\r\n        \"name\": \"Standard_DS11_v2_Promo\",\r\n        \"tier\": \"Standard\"\r\n      },\r\n      \"capacity\": {\r\n        \"minimum\": 0,\r\n        \"maximum\": 40,\r\n        \"defaultCapacity\": 1,\r\n        \"scaleType\": \"Automatic\"\r\n      }\r\n    },\r\n    {\r\n      \"resourceType\": \"Microsoft.Compute/virtualMachineScaleSets\",\r\n      \"sku\": {\r\n        \"name\": \"Standard_DS12_v2_Promo\",\r\n        \"tier\": \"Standard\"\r\n      },\r\n      \"capacity\": {\r\n        \"minimum\": 0,\r\n        \"maximum\": 40,\r\n        \"defaultCapacity\": 1,\r\n        \"scaleType\": \"Automatic\"\r\n      }\r\n    },\r\n    {\r\n      \"resourceType\": \"Microsoft.Compute/virtualMachineScaleSets\",\r\n      \"sku\": {\r\n        \"name\": \"Standard_DS13_v2_Promo\",\r\n        \"tier\": \"Standard\"\r\n      },\r\n      \"capacity\": {\r\n        \"minimum\": 0,\r\n        \"maximum\": 40,\r\n        \"defaultCapacity\": 1,\r\n        \"scaleType\": \"Automatic\"\r\n      }\r\n    },\r\n    {\r\n      \"resourceType\": \"Microsoft.Compute/virtualMachineScaleSets\",\r\n      \"sku\": {\r\n        \"name\": \"Standard_DS14_v2_Promo\",\r\n        \"tier\": \"Standard\"\r\n      },\r\n      \"capacity\": {\r\n        \"minimum\": 0,\r\n        \"maximum\": 40,\r\n        \"defaultCapacity\": 1,\r\n        \"scaleType\": \"Automatic\"\r\n      }\r\n    },\r\n    {\r\n      \"resourceType\": \"Microsoft.Compute/virtualMachineScaleSets\",\r\n      \"sku\": {\r\n        \"name\": \"Standard_F1s\",\r\n        \"tier\": \"Standard\"\r\n      },\r\n      \"capacity\": {\r\n        \"minimum\": 0,\r\n        \"maximum\": 40,\r\n        \"defaultCapacity\": 1,\r\n        \"scaleType\": \"Automatic\"\r\n      }\r\n    },\r\n    {\r\n      \"resourceType\": \"Microsoft.Compute/virtualMachineScaleSets\",\r\n      \"sku\": {\r\n        \"name\": \"Standard_F2s\",\r\n        \"tier\": \"Standard\"\r\n      },\r\n      \"capacity\": {\r\n        \"minimum\": 0,\r\n        \"maximum\": 40,\r\n        \"defaultCapacity\": 1,\r\n        \"scaleType\": \"Automatic\"\r\n      }\r\n    },\r\n    {\r\n      \"resourceType\": \"Microsoft.Compute/virtualMachineScaleSets\",\r\n      \"sku\": {\r\n        \"name\": \"Standard_F4s\",\r\n        \"tier\": \"Standard\"\r\n      },\r\n      \"capacity\": {\r\n        \"minimum\": 0,\r\n        \"maximum\": 40,\r\n        \"defaultCapacity\": 1,\r\n        \"scaleType\": \"Automatic\"\r\n      }\r\n    },\r\n    {\r\n      \"resourceType\": \"Microsoft.Compute/virtualMachineScaleSets\",\r\n      \"sku\": {\r\n        \"name\": \"Standard_F8s\",\r\n        \"tier\": \"Standard\"\r\n      },\r\n      \"capacity\": {\r\n        \"minimum\": 0,\r\n        \"maximum\": 40,\r\n        \"defaultCapacity\": 1,\r\n        \"scaleType\": \"Automatic\"\r\n      }\r\n    },\r\n    {\r\n      \"resourceType\": \"Microsoft.Compute/virtualMachineScaleSets\",\r\n      \"sku\": {\r\n        \"name\": \"Standard_F16s\",\r\n        \"tier\": \"Standard\"\r\n      },\r\n      \"capacity\": {\r\n        \"minimum\": 0,\r\n        \"maximum\": 40,\r\n        \"defaultCapacity\": 1,\r\n        \"scaleType\": \"Automatic\"\r\n      }\r\n    },\r\n    {\r\n      \"resourceType\": \"Microsoft.Compute/virtualMachineScaleSets\",\r\n      \"sku\": {\r\n        \"name\": \"Standard_A1_v2\",\r\n        \"tier\": \"Standard\"\r\n      },\r\n      \"capacity\": {\r\n        \"minimum\": 0,\r\n        \"maximum\": 40,\r\n        \"defaultCapacity\": 1,\r\n        \"scaleType\": \"Automatic\"\r\n      }\r\n    },\r\n    {\r\n      \"resourceType\": \"Microsoft.Compute/virtualMachineScaleSets\",\r\n      \"sku\": {\r\n        \"name\": \"Standard_A2m_v2\",\r\n        \"tier\": \"Standard\"\r\n      },\r\n      \"capacity\": {\r\n        \"minimum\": 0,\r\n        \"maximum\": 40,\r\n        \"defaultCapacity\": 1,\r\n        \"scaleType\": \"Automatic\"\r\n      }\r\n    },\r\n    {\r\n      \"resourceType\": \"Microsoft.Compute/virtualMachineScaleSets\",\r\n      \"sku\": {\r\n        \"name\": \"Standard_A2_v2\",\r\n        \"tier\": \"Standard\"\r\n      },\r\n      \"capacity\": {\r\n        \"minimum\": 0,\r\n        \"maximum\": 40,\r\n        \"defaultCapacity\": 1,\r\n        \"scaleType\": \"Automatic\"\r\n      }\r\n    },\r\n    {\r\n      \"resourceType\": \"Microsoft.Compute/virtualMachineScaleSets\",\r\n      \"sku\": {\r\n        \"name\": \"Standard_A4m_v2\",\r\n        \"tier\": \"Standard\"\r\n      },\r\n      \"capacity\": {\r\n        \"minimum\": 0,\r\n        \"maximum\": 40,\r\n        \"defaultCapacity\": 1,\r\n        \"scaleType\": \"Automatic\"\r\n      }\r\n    },\r\n    {\r\n      \"resourceType\": \"Microsoft.Compute/virtualMachineScaleSets\",\r\n      \"sku\": {\r\n        \"name\": \"Standard_A4_v2\",\r\n        \"tier\": \"Standard\"\r\n      },\r\n      \"capacity\": {\r\n        \"minimum\": 0,\r\n        \"maximum\": 40,\r\n        \"defaultCapacity\": 1,\r\n        \"scaleType\": \"Automatic\"\r\n      }\r\n    },\r\n    {\r\n      \"resourceType\": \"Microsoft.Compute/virtualMachineScaleSets\",\r\n      \"sku\": {\r\n        \"name\": \"Standard_A8m_v2\",\r\n        \"tier\": \"Standard\"\r\n      },\r\n      \"capacity\": {\r\n        \"minimum\": 0,\r\n        \"maximum\": 40,\r\n        \"defaultCapacity\": 1,\r\n        \"scaleType\": \"Automatic\"\r\n      }\r\n    },\r\n    {\r\n      \"resourceType\": \"Microsoft.Compute/virtualMachineScaleSets\",\r\n      \"sku\": {\r\n        \"name\": \"Standard_A8_v2\",\r\n        \"tier\": \"Standard\"\r\n      },\r\n      \"capacity\": {\r\n        \"minimum\": 0,\r\n        \"maximum\": 40,\r\n        \"defaultCapacity\": 1,\r\n        \"scaleType\": \"Automatic\"\r\n      }\r\n    }\r\n  ]\r\n}",
      "StatusCode": 200
    },
    {
      "RequestUri": "/subscriptions/b936ff46-de59-4b9d-806e-00df62b1bfad/resourceGroups/crptestar6095/providers/Microsoft.Compute/virtualMachineScaleSets/vmss3421?api-version=2019-03-01",
      "EncodedRequestUri": "L3N1YnNjcmlwdGlvbnMvYjkzNmZmNDYtZGU1OS00YjlkLTgwNmUtMDBkZjYyYjFiZmFkL3Jlc291cmNlR3JvdXBzL2NycHRlc3RhcjYwOTUvcHJvdmlkZXJzL01pY3Jvc29mdC5Db21wdXRlL3ZpcnR1YWxNYWNoaW5lU2NhbGVTZXRzL3Ztc3MzNDIxP2FwaS12ZXJzaW9uPTIwMTktMDMtMDE=",
      "RequestMethod": "DELETE",
      "RequestBody": "",
      "RequestHeaders": {
        "x-ms-client-request-id": [
          "3e2a4d7f-74f8-4727-995b-6dbfc7a614e8"
        ],
        "Accept-Language": [
          "en-US"
        ],
        "User-Agent": [
          "FxVersion/4.6.27414.06",
          "OSName/Windows",
          "OSVersion/Microsoft.Windows.10.0.14393.",
          "Microsoft.Azure.Management.Compute.ComputeManagementClient/27.1.0.0"
        ]
      },
      "ResponseHeaders": {
        "Cache-Control": [
          "no-cache"
        ],
        "Pragma": [
          "no-cache"
        ],
        "Location": [
          "https://management.azure.com/subscriptions/b936ff46-de59-4b9d-806e-00df62b1bfad/providers/Microsoft.Compute/locations/CentralUSEUAP/operations/0cf0eb24-04e0-44b3-9c2a-c9734adb7946?monitor=true&api-version=2019-03-01"
        ],
        "Retry-After": [
          "10"
        ],
        "Azure-AsyncOperation": [
          "https://management.azure.com/subscriptions/b936ff46-de59-4b9d-806e-00df62b1bfad/providers/Microsoft.Compute/locations/CentralUSEUAP/operations/0cf0eb24-04e0-44b3-9c2a-c9734adb7946?api-version=2019-03-01"
        ],
        "Azure-AsyncNotification": [
          "Enabled"
        ],
        "x-ms-ratelimit-remaining-resource": [
          "Microsoft.Compute/DeleteVMScaleSet3Min;79,Microsoft.Compute/DeleteVMScaleSet30Min;398,Microsoft.Compute/VMScaleSetBatchedVMRequests5Min;1968,Microsoft.Compute/VmssQueuedVMOperations;4796"
        ],
        "x-ms-request-charge": [
          "4"
        ],
        "Strict-Transport-Security": [
          "max-age=31536000; includeSubDomains"
        ],
        "x-ms-request-id": [
          "0cf0eb24-04e0-44b3-9c2a-c9734adb7946"
        ],
        "Server": [
          "Microsoft-HTTPAPI/2.0",
          "Microsoft-HTTPAPI/2.0"
        ],
        "x-ms-ratelimit-remaining-subscription-deletes": [
          "14997"
        ],
        "x-ms-correlation-request-id": [
          "0ae8e8f0-a9d6-4c3b-9185-c076403a76d0"
        ],
        "x-ms-routing-request-id": [
          "WESTUS:20190708T230510Z:0ae8e8f0-a9d6-4c3b-9185-c076403a76d0"
        ],
        "X-Content-Type-Options": [
          "nosniff"
        ],
        "Date": [
          "Mon, 08 Jul 2019 23:05:10 GMT"
        ],
        "Expires": [
          "-1"
        ],
        "Content-Length": [
          "0"
        ]
      },
      "ResponseBody": "",
      "StatusCode": 202
    },
    {
      "RequestUri": "/subscriptions/b936ff46-de59-4b9d-806e-00df62b1bfad/providers/Microsoft.Compute/locations/CentralUSEUAP/operations/0cf0eb24-04e0-44b3-9c2a-c9734adb7946?api-version=2019-03-01",
      "EncodedRequestUri": "L3N1YnNjcmlwdGlvbnMvYjkzNmZmNDYtZGU1OS00YjlkLTgwNmUtMDBkZjYyYjFiZmFkL3Byb3ZpZGVycy9NaWNyb3NvZnQuQ29tcHV0ZS9sb2NhdGlvbnMvQ2VudHJhbFVTRVVBUC9vcGVyYXRpb25zLzBjZjBlYjI0LTA0ZTAtNDRiMy05YzJhLWM5NzM0YWRiNzk0Nj9hcGktdmVyc2lvbj0yMDE5LTAzLTAx",
      "RequestMethod": "GET",
      "RequestBody": "",
      "RequestHeaders": {
        "User-Agent": [
          "FxVersion/4.6.27414.06",
          "OSName/Windows",
          "OSVersion/Microsoft.Windows.10.0.14393.",
          "Microsoft.Azure.Management.Compute.ComputeManagementClient/27.1.0.0"
        ]
      },
      "ResponseHeaders": {
        "Cache-Control": [
          "no-cache"
        ],
        "Pragma": [
          "no-cache"
        ],
        "Retry-After": [
          "11"
        ],
        "x-ms-ratelimit-remaining-resource": [
          "Microsoft.Compute/GetOperation3Min;14988,Microsoft.Compute/GetOperation30Min;29931"
        ],
        "Strict-Transport-Security": [
          "max-age=31536000; includeSubDomains"
        ],
        "x-ms-request-id": [
          "12a87bc6-e40d-46bd-be87-2bf0e6b14b0b"
        ],
        "Server": [
          "Microsoft-HTTPAPI/2.0",
          "Microsoft-HTTPAPI/2.0"
        ],
        "x-ms-ratelimit-remaining-subscription-reads": [
          "11976"
        ],
        "x-ms-correlation-request-id": [
          "7befb183-cf7a-4231-b501-8119fff6e9e6"
        ],
        "x-ms-routing-request-id": [
          "WESTUS:20190708T230520Z:7befb183-cf7a-4231-b501-8119fff6e9e6"
        ],
        "X-Content-Type-Options": [
          "nosniff"
        ],
        "Date": [
          "Mon, 08 Jul 2019 23:05:20 GMT"
        ],
        "Content-Length": [
          "132"
        ],
        "Content-Type": [
          "application/json; charset=utf-8"
        ],
        "Expires": [
          "-1"
        ]
      },
      "ResponseBody": "{\r\n  \"startTime\": \"2019-07-08T16:05:10.46684-07:00\",\r\n  \"status\": \"InProgress\",\r\n  \"name\": \"0cf0eb24-04e0-44b3-9c2a-c9734adb7946\"\r\n}",
      "StatusCode": 200
    },
    {
      "RequestUri": "/subscriptions/b936ff46-de59-4b9d-806e-00df62b1bfad/providers/Microsoft.Compute/locations/CentralUSEUAP/operations/0cf0eb24-04e0-44b3-9c2a-c9734adb7946?api-version=2019-03-01",
      "EncodedRequestUri": "L3N1YnNjcmlwdGlvbnMvYjkzNmZmNDYtZGU1OS00YjlkLTgwNmUtMDBkZjYyYjFiZmFkL3Byb3ZpZGVycy9NaWNyb3NvZnQuQ29tcHV0ZS9sb2NhdGlvbnMvQ2VudHJhbFVTRVVBUC9vcGVyYXRpb25zLzBjZjBlYjI0LTA0ZTAtNDRiMy05YzJhLWM5NzM0YWRiNzk0Nj9hcGktdmVyc2lvbj0yMDE5LTAzLTAx",
      "RequestMethod": "GET",
      "RequestBody": "",
      "RequestHeaders": {
        "User-Agent": [
          "FxVersion/4.6.27414.06",
          "OSName/Windows",
          "OSVersion/Microsoft.Windows.10.0.14393.",
          "Microsoft.Azure.Management.Compute.ComputeManagementClient/27.1.0.0"
        ]
      },
      "ResponseHeaders": {
        "Cache-Control": [
          "no-cache"
        ],
        "Pragma": [
          "no-cache"
        ],
        "x-ms-ratelimit-remaining-resource": [
          "Microsoft.Compute/GetOperation3Min;14988,Microsoft.Compute/GetOperation30Min;29930"
        ],
        "Strict-Transport-Security": [
          "max-age=31536000; includeSubDomains"
        ],
        "x-ms-request-id": [
          "9143d199-2b06-432f-bee3-4ec07bdbb0ec"
        ],
        "Server": [
          "Microsoft-HTTPAPI/2.0",
          "Microsoft-HTTPAPI/2.0"
        ],
        "x-ms-ratelimit-remaining-subscription-reads": [
          "11975"
        ],
        "x-ms-correlation-request-id": [
          "379848ea-6346-411a-a98a-c1dccb8e809c"
        ],
        "x-ms-routing-request-id": [
          "WESTUS:20190708T230531Z:379848ea-6346-411a-a98a-c1dccb8e809c"
        ],
        "X-Content-Type-Options": [
          "nosniff"
        ],
        "Date": [
          "Mon, 08 Jul 2019 23:05:31 GMT"
        ],
        "Content-Length": [
          "132"
        ],
        "Content-Type": [
          "application/json; charset=utf-8"
        ],
        "Expires": [
          "-1"
        ]
      },
      "ResponseBody": "{\r\n  \"startTime\": \"2019-07-08T16:05:10.46684-07:00\",\r\n  \"status\": \"InProgress\",\r\n  \"name\": \"0cf0eb24-04e0-44b3-9c2a-c9734adb7946\"\r\n}",
      "StatusCode": 200
    },
    {
      "RequestUri": "/subscriptions/b936ff46-de59-4b9d-806e-00df62b1bfad/providers/Microsoft.Compute/locations/CentralUSEUAP/operations/0cf0eb24-04e0-44b3-9c2a-c9734adb7946?api-version=2019-03-01",
      "EncodedRequestUri": "L3N1YnNjcmlwdGlvbnMvYjkzNmZmNDYtZGU1OS00YjlkLTgwNmUtMDBkZjYyYjFiZmFkL3Byb3ZpZGVycy9NaWNyb3NvZnQuQ29tcHV0ZS9sb2NhdGlvbnMvQ2VudHJhbFVTRVVBUC9vcGVyYXRpb25zLzBjZjBlYjI0LTA0ZTAtNDRiMy05YzJhLWM5NzM0YWRiNzk0Nj9hcGktdmVyc2lvbj0yMDE5LTAzLTAx",
      "RequestMethod": "GET",
      "RequestBody": "",
      "RequestHeaders": {
        "User-Agent": [
          "FxVersion/4.6.27414.06",
          "OSName/Windows",
          "OSVersion/Microsoft.Windows.10.0.14393.",
          "Microsoft.Azure.Management.Compute.ComputeManagementClient/27.1.0.0"
        ]
      },
      "ResponseHeaders": {
        "Cache-Control": [
          "no-cache"
        ],
        "Pragma": [
          "no-cache"
        ],
        "x-ms-ratelimit-remaining-resource": [
          "Microsoft.Compute/GetOperation3Min;14987,Microsoft.Compute/GetOperation30Min;29929"
        ],
        "Strict-Transport-Security": [
          "max-age=31536000; includeSubDomains"
        ],
        "x-ms-request-id": [
          "e11ed84c-4c21-4e0b-a28b-1b5a20650b90"
        ],
        "Server": [
          "Microsoft-HTTPAPI/2.0",
          "Microsoft-HTTPAPI/2.0"
        ],
        "x-ms-ratelimit-remaining-subscription-reads": [
          "11974"
        ],
        "x-ms-correlation-request-id": [
          "5384c604-c7cb-41fe-bbb8-701f9676597b"
        ],
        "x-ms-routing-request-id": [
          "WESTUS:20190708T230542Z:5384c604-c7cb-41fe-bbb8-701f9676597b"
        ],
        "X-Content-Type-Options": [
          "nosniff"
        ],
        "Date": [
          "Mon, 08 Jul 2019 23:05:42 GMT"
        ],
        "Content-Length": [
          "132"
        ],
        "Content-Type": [
          "application/json; charset=utf-8"
        ],
        "Expires": [
          "-1"
        ]
      },
      "ResponseBody": "{\r\n  \"startTime\": \"2019-07-08T16:05:10.46684-07:00\",\r\n  \"status\": \"InProgress\",\r\n  \"name\": \"0cf0eb24-04e0-44b3-9c2a-c9734adb7946\"\r\n}",
      "StatusCode": 200
    },
    {
      "RequestUri": "/subscriptions/b936ff46-de59-4b9d-806e-00df62b1bfad/providers/Microsoft.Compute/locations/CentralUSEUAP/operations/0cf0eb24-04e0-44b3-9c2a-c9734adb7946?api-version=2019-03-01",
      "EncodedRequestUri": "L3N1YnNjcmlwdGlvbnMvYjkzNmZmNDYtZGU1OS00YjlkLTgwNmUtMDBkZjYyYjFiZmFkL3Byb3ZpZGVycy9NaWNyb3NvZnQuQ29tcHV0ZS9sb2NhdGlvbnMvQ2VudHJhbFVTRVVBUC9vcGVyYXRpb25zLzBjZjBlYjI0LTA0ZTAtNDRiMy05YzJhLWM5NzM0YWRiNzk0Nj9hcGktdmVyc2lvbj0yMDE5LTAzLTAx",
      "RequestMethod": "GET",
      "RequestBody": "",
      "RequestHeaders": {
        "User-Agent": [
          "FxVersion/4.6.27414.06",
          "OSName/Windows",
          "OSVersion/Microsoft.Windows.10.0.14393.",
          "Microsoft.Azure.Management.Compute.ComputeManagementClient/27.1.0.0"
        ]
      },
      "ResponseHeaders": {
        "Cache-Control": [
          "no-cache"
        ],
        "Pragma": [
          "no-cache"
        ],
        "x-ms-ratelimit-remaining-resource": [
          "Microsoft.Compute/GetOperation3Min;14986,Microsoft.Compute/GetOperation30Min;29928"
        ],
        "Strict-Transport-Security": [
          "max-age=31536000; includeSubDomains"
        ],
        "x-ms-request-id": [
          "b1fe05bc-520a-4886-87cc-66b82c104f4a"
        ],
        "Server": [
          "Microsoft-HTTPAPI/2.0",
          "Microsoft-HTTPAPI/2.0"
        ],
        "x-ms-ratelimit-remaining-subscription-reads": [
          "11973"
        ],
        "x-ms-correlation-request-id": [
          "4aa0f0a9-ed5b-47c7-a8cc-eec12e3c64ab"
        ],
        "x-ms-routing-request-id": [
          "WESTUS:20190708T230553Z:4aa0f0a9-ed5b-47c7-a8cc-eec12e3c64ab"
        ],
        "X-Content-Type-Options": [
          "nosniff"
        ],
        "Date": [
          "Mon, 08 Jul 2019 23:05:53 GMT"
        ],
        "Content-Length": [
          "132"
        ],
        "Content-Type": [
          "application/json; charset=utf-8"
        ],
        "Expires": [
          "-1"
        ]
      },
      "ResponseBody": "{\r\n  \"startTime\": \"2019-07-08T16:05:10.46684-07:00\",\r\n  \"status\": \"InProgress\",\r\n  \"name\": \"0cf0eb24-04e0-44b3-9c2a-c9734adb7946\"\r\n}",
      "StatusCode": 200
    },
    {
      "RequestUri": "/subscriptions/b936ff46-de59-4b9d-806e-00df62b1bfad/providers/Microsoft.Compute/locations/CentralUSEUAP/operations/0cf0eb24-04e0-44b3-9c2a-c9734adb7946?api-version=2019-03-01",
      "EncodedRequestUri": "L3N1YnNjcmlwdGlvbnMvYjkzNmZmNDYtZGU1OS00YjlkLTgwNmUtMDBkZjYyYjFiZmFkL3Byb3ZpZGVycy9NaWNyb3NvZnQuQ29tcHV0ZS9sb2NhdGlvbnMvQ2VudHJhbFVTRVVBUC9vcGVyYXRpb25zLzBjZjBlYjI0LTA0ZTAtNDRiMy05YzJhLWM5NzM0YWRiNzk0Nj9hcGktdmVyc2lvbj0yMDE5LTAzLTAx",
      "RequestMethod": "GET",
      "RequestBody": "",
      "RequestHeaders": {
        "User-Agent": [
          "FxVersion/4.6.27414.06",
          "OSName/Windows",
          "OSVersion/Microsoft.Windows.10.0.14393.",
          "Microsoft.Azure.Management.Compute.ComputeManagementClient/27.1.0.0"
        ]
      },
      "ResponseHeaders": {
        "Cache-Control": [
          "no-cache"
        ],
        "Pragma": [
          "no-cache"
        ],
        "x-ms-ratelimit-remaining-resource": [
          "Microsoft.Compute/GetOperation3Min;14987,Microsoft.Compute/GetOperation30Min;29927"
        ],
        "Strict-Transport-Security": [
          "max-age=31536000; includeSubDomains"
        ],
        "x-ms-request-id": [
          "4ad3289c-e59e-4292-bf7c-664acdf9e93c"
        ],
        "Server": [
          "Microsoft-HTTPAPI/2.0",
          "Microsoft-HTTPAPI/2.0"
        ],
        "x-ms-ratelimit-remaining-subscription-reads": [
          "11972"
        ],
        "x-ms-correlation-request-id": [
          "88474148-7782-45fa-9d7e-6d15fa83805e"
        ],
        "x-ms-routing-request-id": [
          "WESTUS:20190708T230605Z:88474148-7782-45fa-9d7e-6d15fa83805e"
        ],
        "X-Content-Type-Options": [
          "nosniff"
        ],
        "Date": [
          "Mon, 08 Jul 2019 23:06:04 GMT"
        ],
        "Content-Length": [
          "132"
        ],
        "Content-Type": [
          "application/json; charset=utf-8"
        ],
        "Expires": [
          "-1"
        ]
      },
      "ResponseBody": "{\r\n  \"startTime\": \"2019-07-08T16:05:10.46684-07:00\",\r\n  \"status\": \"InProgress\",\r\n  \"name\": \"0cf0eb24-04e0-44b3-9c2a-c9734adb7946\"\r\n}",
      "StatusCode": 200
    },
    {
      "RequestUri": "/subscriptions/b936ff46-de59-4b9d-806e-00df62b1bfad/providers/Microsoft.Compute/locations/CentralUSEUAP/operations/0cf0eb24-04e0-44b3-9c2a-c9734adb7946?api-version=2019-03-01",
      "EncodedRequestUri": "L3N1YnNjcmlwdGlvbnMvYjkzNmZmNDYtZGU1OS00YjlkLTgwNmUtMDBkZjYyYjFiZmFkL3Byb3ZpZGVycy9NaWNyb3NvZnQuQ29tcHV0ZS9sb2NhdGlvbnMvQ2VudHJhbFVTRVVBUC9vcGVyYXRpb25zLzBjZjBlYjI0LTA0ZTAtNDRiMy05YzJhLWM5NzM0YWRiNzk0Nj9hcGktdmVyc2lvbj0yMDE5LTAzLTAx",
      "RequestMethod": "GET",
      "RequestBody": "",
      "RequestHeaders": {
        "User-Agent": [
          "FxVersion/4.6.27414.06",
          "OSName/Windows",
          "OSVersion/Microsoft.Windows.10.0.14393.",
          "Microsoft.Azure.Management.Compute.ComputeManagementClient/27.1.0.0"
        ]
      },
      "ResponseHeaders": {
        "Cache-Control": [
          "no-cache"
        ],
        "Pragma": [
          "no-cache"
        ],
        "x-ms-ratelimit-remaining-resource": [
          "Microsoft.Compute/GetOperation3Min;14986,Microsoft.Compute/GetOperation30Min;29926"
        ],
        "Strict-Transport-Security": [
          "max-age=31536000; includeSubDomains"
        ],
        "x-ms-request-id": [
          "f124f1f6-763d-49bc-a1ab-671d8fdf473d"
        ],
        "Server": [
          "Microsoft-HTTPAPI/2.0",
          "Microsoft-HTTPAPI/2.0"
        ],
        "x-ms-ratelimit-remaining-subscription-reads": [
          "11971"
        ],
        "x-ms-correlation-request-id": [
          "a8967708-e106-4dc0-b980-e3dc75733ea5"
        ],
        "x-ms-routing-request-id": [
          "WESTUS:20190708T230616Z:a8967708-e106-4dc0-b980-e3dc75733ea5"
        ],
        "X-Content-Type-Options": [
          "nosniff"
        ],
        "Date": [
          "Mon, 08 Jul 2019 23:06:15 GMT"
        ],
        "Content-Length": [
          "132"
        ],
        "Content-Type": [
          "application/json; charset=utf-8"
        ],
        "Expires": [
          "-1"
        ]
      },
      "ResponseBody": "{\r\n  \"startTime\": \"2019-07-08T16:05:10.46684-07:00\",\r\n  \"status\": \"InProgress\",\r\n  \"name\": \"0cf0eb24-04e0-44b3-9c2a-c9734adb7946\"\r\n}",
      "StatusCode": 200
    },
    {
      "RequestUri": "/subscriptions/b936ff46-de59-4b9d-806e-00df62b1bfad/providers/Microsoft.Compute/locations/CentralUSEUAP/operations/0cf0eb24-04e0-44b3-9c2a-c9734adb7946?api-version=2019-03-01",
      "EncodedRequestUri": "L3N1YnNjcmlwdGlvbnMvYjkzNmZmNDYtZGU1OS00YjlkLTgwNmUtMDBkZjYyYjFiZmFkL3Byb3ZpZGVycy9NaWNyb3NvZnQuQ29tcHV0ZS9sb2NhdGlvbnMvQ2VudHJhbFVTRVVBUC9vcGVyYXRpb25zLzBjZjBlYjI0LTA0ZTAtNDRiMy05YzJhLWM5NzM0YWRiNzk0Nj9hcGktdmVyc2lvbj0yMDE5LTAzLTAx",
      "RequestMethod": "GET",
      "RequestBody": "",
      "RequestHeaders": {
        "User-Agent": [
          "FxVersion/4.6.27414.06",
          "OSName/Windows",
          "OSVersion/Microsoft.Windows.10.0.14393.",
          "Microsoft.Azure.Management.Compute.ComputeManagementClient/27.1.0.0"
        ]
      },
      "ResponseHeaders": {
        "Cache-Control": [
          "no-cache"
        ],
        "Pragma": [
          "no-cache"
        ],
        "x-ms-ratelimit-remaining-resource": [
          "Microsoft.Compute/GetOperation3Min;14985,Microsoft.Compute/GetOperation30Min;29925"
        ],
        "Strict-Transport-Security": [
          "max-age=31536000; includeSubDomains"
        ],
        "x-ms-request-id": [
          "3f4ddbe6-187f-4f95-b99b-2cc5d324575a"
        ],
        "x-ms-ratelimit-remaining-subscription-reads": [
          "11970"
        ],
        "Server": [
          "Microsoft-HTTPAPI/2.0",
          "Microsoft-HTTPAPI/2.0"
        ],
        "x-ms-correlation-request-id": [
          "460c26b2-76ad-4cda-86f5-6c070ecf25b0"
        ],
        "x-ms-routing-request-id": [
          "WESTUS:20190708T230627Z:460c26b2-76ad-4cda-86f5-6c070ecf25b0"
        ],
        "X-Content-Type-Options": [
          "nosniff"
        ],
        "Date": [
          "Mon, 08 Jul 2019 23:06:27 GMT"
        ],
        "Content-Length": [
          "132"
        ],
        "Content-Type": [
          "application/json; charset=utf-8"
        ],
        "Expires": [
          "-1"
        ]
      },
      "ResponseBody": "{\r\n  \"startTime\": \"2019-07-08T16:05:10.46684-07:00\",\r\n  \"status\": \"InProgress\",\r\n  \"name\": \"0cf0eb24-04e0-44b3-9c2a-c9734adb7946\"\r\n}",
      "StatusCode": 200
    },
    {
      "RequestUri": "/subscriptions/b936ff46-de59-4b9d-806e-00df62b1bfad/providers/Microsoft.Compute/locations/CentralUSEUAP/operations/0cf0eb24-04e0-44b3-9c2a-c9734adb7946?api-version=2019-03-01",
      "EncodedRequestUri": "L3N1YnNjcmlwdGlvbnMvYjkzNmZmNDYtZGU1OS00YjlkLTgwNmUtMDBkZjYyYjFiZmFkL3Byb3ZpZGVycy9NaWNyb3NvZnQuQ29tcHV0ZS9sb2NhdGlvbnMvQ2VudHJhbFVTRVVBUC9vcGVyYXRpb25zLzBjZjBlYjI0LTA0ZTAtNDRiMy05YzJhLWM5NzM0YWRiNzk0Nj9hcGktdmVyc2lvbj0yMDE5LTAzLTAx",
      "RequestMethod": "GET",
      "RequestBody": "",
      "RequestHeaders": {
        "User-Agent": [
          "FxVersion/4.6.27414.06",
          "OSName/Windows",
          "OSVersion/Microsoft.Windows.10.0.14393.",
          "Microsoft.Azure.Management.Compute.ComputeManagementClient/27.1.0.0"
        ]
      },
      "ResponseHeaders": {
        "Cache-Control": [
          "no-cache"
        ],
        "Pragma": [
          "no-cache"
        ],
        "x-ms-ratelimit-remaining-resource": [
          "Microsoft.Compute/GetOperation3Min;14987,Microsoft.Compute/GetOperation30Min;29924"
        ],
        "Strict-Transport-Security": [
          "max-age=31536000; includeSubDomains"
        ],
        "x-ms-request-id": [
          "4391945f-0659-4c42-b6fd-968be896707e"
        ],
        "Server": [
          "Microsoft-HTTPAPI/2.0",
          "Microsoft-HTTPAPI/2.0"
        ],
        "x-ms-ratelimit-remaining-subscription-reads": [
          "11969"
        ],
        "x-ms-correlation-request-id": [
          "0953f729-9f84-4381-99bd-5eaf58f699bf"
        ],
        "x-ms-routing-request-id": [
          "WESTUS:20190708T230638Z:0953f729-9f84-4381-99bd-5eaf58f699bf"
        ],
        "X-Content-Type-Options": [
          "nosniff"
        ],
        "Date": [
          "Mon, 08 Jul 2019 23:06:38 GMT"
        ],
        "Content-Length": [
          "132"
        ],
        "Content-Type": [
          "application/json; charset=utf-8"
        ],
        "Expires": [
          "-1"
        ]
      },
      "ResponseBody": "{\r\n  \"startTime\": \"2019-07-08T16:05:10.46684-07:00\",\r\n  \"status\": \"InProgress\",\r\n  \"name\": \"0cf0eb24-04e0-44b3-9c2a-c9734adb7946\"\r\n}",
      "StatusCode": 200
    },
    {
      "RequestUri": "/subscriptions/b936ff46-de59-4b9d-806e-00df62b1bfad/providers/Microsoft.Compute/locations/CentralUSEUAP/operations/0cf0eb24-04e0-44b3-9c2a-c9734adb7946?api-version=2019-03-01",
      "EncodedRequestUri": "L3N1YnNjcmlwdGlvbnMvYjkzNmZmNDYtZGU1OS00YjlkLTgwNmUtMDBkZjYyYjFiZmFkL3Byb3ZpZGVycy9NaWNyb3NvZnQuQ29tcHV0ZS9sb2NhdGlvbnMvQ2VudHJhbFVTRVVBUC9vcGVyYXRpb25zLzBjZjBlYjI0LTA0ZTAtNDRiMy05YzJhLWM5NzM0YWRiNzk0Nj9hcGktdmVyc2lvbj0yMDE5LTAzLTAx",
      "RequestMethod": "GET",
      "RequestBody": "",
      "RequestHeaders": {
        "User-Agent": [
          "FxVersion/4.6.27414.06",
          "OSName/Windows",
          "OSVersion/Microsoft.Windows.10.0.14393.",
          "Microsoft.Azure.Management.Compute.ComputeManagementClient/27.1.0.0"
        ]
      },
      "ResponseHeaders": {
        "Cache-Control": [
          "no-cache"
        ],
        "Pragma": [
          "no-cache"
        ],
        "x-ms-ratelimit-remaining-resource": [
          "Microsoft.Compute/GetOperation3Min;14986,Microsoft.Compute/GetOperation30Min;29923"
        ],
        "Strict-Transport-Security": [
          "max-age=31536000; includeSubDomains"
        ],
        "x-ms-request-id": [
          "b5f0bcb5-a1b5-47ba-b540-795e549134d2"
        ],
        "Server": [
          "Microsoft-HTTPAPI/2.0",
          "Microsoft-HTTPAPI/2.0"
        ],
        "x-ms-ratelimit-remaining-subscription-reads": [
          "11968"
        ],
        "x-ms-correlation-request-id": [
          "85bd8c91-6c6b-46c7-946f-3b4ac0b380f3"
        ],
        "x-ms-routing-request-id": [
          "WESTUS:20190708T230649Z:85bd8c91-6c6b-46c7-946f-3b4ac0b380f3"
        ],
        "X-Content-Type-Options": [
          "nosniff"
        ],
        "Date": [
          "Mon, 08 Jul 2019 23:06:49 GMT"
        ],
        "Content-Length": [
          "132"
        ],
        "Content-Type": [
          "application/json; charset=utf-8"
        ],
        "Expires": [
          "-1"
        ]
      },
      "ResponseBody": "{\r\n  \"startTime\": \"2019-07-08T16:05:10.46684-07:00\",\r\n  \"status\": \"InProgress\",\r\n  \"name\": \"0cf0eb24-04e0-44b3-9c2a-c9734adb7946\"\r\n}",
      "StatusCode": 200
    },
    {
      "RequestUri": "/subscriptions/b936ff46-de59-4b9d-806e-00df62b1bfad/providers/Microsoft.Compute/locations/CentralUSEUAP/operations/0cf0eb24-04e0-44b3-9c2a-c9734adb7946?api-version=2019-03-01",
      "EncodedRequestUri": "L3N1YnNjcmlwdGlvbnMvYjkzNmZmNDYtZGU1OS00YjlkLTgwNmUtMDBkZjYyYjFiZmFkL3Byb3ZpZGVycy9NaWNyb3NvZnQuQ29tcHV0ZS9sb2NhdGlvbnMvQ2VudHJhbFVTRVVBUC9vcGVyYXRpb25zLzBjZjBlYjI0LTA0ZTAtNDRiMy05YzJhLWM5NzM0YWRiNzk0Nj9hcGktdmVyc2lvbj0yMDE5LTAzLTAx",
      "RequestMethod": "GET",
      "RequestBody": "",
      "RequestHeaders": {
        "User-Agent": [
          "FxVersion/4.6.27414.06",
          "OSName/Windows",
          "OSVersion/Microsoft.Windows.10.0.14393.",
          "Microsoft.Azure.Management.Compute.ComputeManagementClient/27.1.0.0"
        ]
      },
      "ResponseHeaders": {
        "Cache-Control": [
          "no-cache"
        ],
        "Pragma": [
          "no-cache"
        ],
        "x-ms-ratelimit-remaining-resource": [
          "Microsoft.Compute/GetOperation3Min;14987,Microsoft.Compute/GetOperation30Min;29922"
        ],
        "Strict-Transport-Security": [
          "max-age=31536000; includeSubDomains"
        ],
        "x-ms-request-id": [
          "45fef771-6dc0-4357-9eb5-c2dbdced668b"
        ],
        "Server": [
          "Microsoft-HTTPAPI/2.0",
          "Microsoft-HTTPAPI/2.0"
        ],
        "x-ms-ratelimit-remaining-subscription-reads": [
          "11967"
        ],
        "x-ms-correlation-request-id": [
          "c10e555f-cb44-49d2-be87-2a55667d17b3"
        ],
        "x-ms-routing-request-id": [
          "WESTUS:20190708T230700Z:c10e555f-cb44-49d2-be87-2a55667d17b3"
        ],
        "X-Content-Type-Options": [
          "nosniff"
        ],
        "Date": [
          "Mon, 08 Jul 2019 23:07:00 GMT"
        ],
        "Content-Length": [
          "132"
        ],
        "Content-Type": [
          "application/json; charset=utf-8"
        ],
        "Expires": [
          "-1"
        ]
      },
      "ResponseBody": "{\r\n  \"startTime\": \"2019-07-08T16:05:10.46684-07:00\",\r\n  \"status\": \"InProgress\",\r\n  \"name\": \"0cf0eb24-04e0-44b3-9c2a-c9734adb7946\"\r\n}",
      "StatusCode": 200
    },
    {
      "RequestUri": "/subscriptions/b936ff46-de59-4b9d-806e-00df62b1bfad/providers/Microsoft.Compute/locations/CentralUSEUAP/operations/0cf0eb24-04e0-44b3-9c2a-c9734adb7946?api-version=2019-03-01",
      "EncodedRequestUri": "L3N1YnNjcmlwdGlvbnMvYjkzNmZmNDYtZGU1OS00YjlkLTgwNmUtMDBkZjYyYjFiZmFkL3Byb3ZpZGVycy9NaWNyb3NvZnQuQ29tcHV0ZS9sb2NhdGlvbnMvQ2VudHJhbFVTRVVBUC9vcGVyYXRpb25zLzBjZjBlYjI0LTA0ZTAtNDRiMy05YzJhLWM5NzM0YWRiNzk0Nj9hcGktdmVyc2lvbj0yMDE5LTAzLTAx",
      "RequestMethod": "GET",
      "RequestBody": "",
      "RequestHeaders": {
        "User-Agent": [
          "FxVersion/4.6.27414.06",
          "OSName/Windows",
          "OSVersion/Microsoft.Windows.10.0.14393.",
          "Microsoft.Azure.Management.Compute.ComputeManagementClient/27.1.0.0"
        ]
      },
      "ResponseHeaders": {
        "Cache-Control": [
          "no-cache"
        ],
        "Pragma": [
          "no-cache"
        ],
        "x-ms-ratelimit-remaining-resource": [
          "Microsoft.Compute/GetOperation3Min;14985,Microsoft.Compute/GetOperation30Min;29920"
        ],
        "Strict-Transport-Security": [
          "max-age=31536000; includeSubDomains"
        ],
        "x-ms-request-id": [
          "7a92c458-5f5d-414a-bf81-cf0de37eb71d"
        ],
        "Server": [
          "Microsoft-HTTPAPI/2.0",
          "Microsoft-HTTPAPI/2.0"
        ],
        "x-ms-ratelimit-remaining-subscription-reads": [
          "11966"
        ],
        "x-ms-correlation-request-id": [
          "e536fd2b-e41d-43e5-8e59-9c9b723403d1"
        ],
        "x-ms-routing-request-id": [
          "WESTUS:20190708T230711Z:e536fd2b-e41d-43e5-8e59-9c9b723403d1"
        ],
        "X-Content-Type-Options": [
          "nosniff"
        ],
        "Date": [
          "Mon, 08 Jul 2019 23:07:10 GMT"
        ],
        "Content-Length": [
          "182"
        ],
        "Content-Type": [
          "application/json; charset=utf-8"
        ],
        "Expires": [
          "-1"
        ]
      },
      "ResponseBody": "{\r\n  \"startTime\": \"2019-07-08T16:05:10.46684-07:00\",\r\n  \"endTime\": \"2019-07-08T16:07:01.7246261-07:00\",\r\n  \"status\": \"Succeeded\",\r\n  \"name\": \"0cf0eb24-04e0-44b3-9c2a-c9734adb7946\"\r\n}",
      "StatusCode": 200
    },
    {
      "RequestUri": "/subscriptions/b936ff46-de59-4b9d-806e-00df62b1bfad/providers/Microsoft.Compute/locations/CentralUSEUAP/operations/0cf0eb24-04e0-44b3-9c2a-c9734adb7946?monitor=true&api-version=2019-03-01",
      "EncodedRequestUri": "L3N1YnNjcmlwdGlvbnMvYjkzNmZmNDYtZGU1OS00YjlkLTgwNmUtMDBkZjYyYjFiZmFkL3Byb3ZpZGVycy9NaWNyb3NvZnQuQ29tcHV0ZS9sb2NhdGlvbnMvQ2VudHJhbFVTRVVBUC9vcGVyYXRpb25zLzBjZjBlYjI0LTA0ZTAtNDRiMy05YzJhLWM5NzM0YWRiNzk0Nj9tb25pdG9yPXRydWUmYXBpLXZlcnNpb249MjAxOS0wMy0wMQ==",
      "RequestMethod": "GET",
      "RequestBody": "",
      "RequestHeaders": {
        "User-Agent": [
          "FxVersion/4.6.27414.06",
          "OSName/Windows",
          "OSVersion/Microsoft.Windows.10.0.14393.",
          "Microsoft.Azure.Management.Compute.ComputeManagementClient/27.1.0.0"
        ]
      },
      "ResponseHeaders": {
        "Cache-Control": [
          "no-cache"
        ],
        "Pragma": [
          "no-cache"
        ],
        "x-ms-ratelimit-remaining-resource": [
          "Microsoft.Compute/GetOperation3Min;14984,Microsoft.Compute/GetOperation30Min;29919"
        ],
        "Strict-Transport-Security": [
          "max-age=31536000; includeSubDomains"
        ],
        "x-ms-request-id": [
          "576fd17b-890f-4505-921a-76e379a491e3"
        ],
        "Server": [
          "Microsoft-HTTPAPI/2.0",
          "Microsoft-HTTPAPI/2.0"
        ],
        "x-ms-ratelimit-remaining-subscription-reads": [
          "11965"
        ],
        "x-ms-correlation-request-id": [
          "ccb16e08-7993-4f0b-b85b-84ee0b20e7d7"
        ],
        "x-ms-routing-request-id": [
          "WESTUS:20190708T230711Z:ccb16e08-7993-4f0b-b85b-84ee0b20e7d7"
        ],
        "X-Content-Type-Options": [
          "nosniff"
        ],
        "Date": [
          "Mon, 08 Jul 2019 23:07:11 GMT"
        ],
        "Expires": [
          "-1"
        ],
        "Content-Length": [
          "0"
        ]
      },
      "ResponseBody": "",
      "StatusCode": 200
    },
    {
      "RequestUri": "/subscriptions/b936ff46-de59-4b9d-806e-00df62b1bfad/resourcegroups/crptestar6095?api-version=2017-05-10",
      "EncodedRequestUri": "L3N1YnNjcmlwdGlvbnMvYjkzNmZmNDYtZGU1OS00YjlkLTgwNmUtMDBkZjYyYjFiZmFkL3Jlc291cmNlZ3JvdXBzL2NycHRlc3RhcjYwOTU/YXBpLXZlcnNpb249MjAxNy0wNS0xMA==",
      "RequestMethod": "DELETE",
      "RequestBody": "",
      "RequestHeaders": {
        "x-ms-client-request-id": [
          "9571e3d8-bf74-4b0a-b861-7978142a573a"
        ],
        "Accept-Language": [
          "en-US"
        ],
        "User-Agent": [
          "FxVersion/4.6.27414.06",
          "OSName/Windows",
          "OSVersion/Microsoft.Windows.10.0.14393.",
          "Microsoft.Azure.Management.ResourceManager.ResourceManagementClient/1.6.0.0"
        ]
      },
      "ResponseHeaders": {
        "Cache-Control": [
          "no-cache"
        ],
        "Pragma": [
          "no-cache"
        ],
        "Location": [
          "https://management.azure.com/subscriptions/b936ff46-de59-4b9d-806e-00df62b1bfad/operationresults/eyJqb2JJZCI6IlJFU09VUkNFR1JPVVBERUxFVElPTkpPQi1DUlBURVNUQVI2MDk1LUNFTlRSQUxVU0VVQVAiLCJqb2JMb2NhdGlvbiI6ImNlbnRyYWx1c2V1YXAifQ?api-version=2017-05-10"
        ],
        "Retry-After": [
          "15"
        ],
        "x-ms-ratelimit-remaining-subscription-deletes": [
          "14999"
        ],
        "x-ms-request-id": [
          "d9a79c0f-a710-4b92-a39e-27bb323bf5b1"
        ],
        "x-ms-correlation-request-id": [
          "d9a79c0f-a710-4b92-a39e-27bb323bf5b1"
        ],
        "x-ms-routing-request-id": [
          "WESTUS:20190708T230714Z:d9a79c0f-a710-4b92-a39e-27bb323bf5b1"
        ],
        "Strict-Transport-Security": [
          "max-age=31536000; includeSubDomains"
        ],
        "X-Content-Type-Options": [
          "nosniff"
        ],
        "Date": [
          "Mon, 08 Jul 2019 23:07:14 GMT"
        ],
        "Expires": [
          "-1"
        ],
        "Content-Length": [
          "0"
        ]
      },
      "ResponseBody": "",
      "StatusCode": 202
    },
    {
      "RequestUri": "/subscriptions/b936ff46-de59-4b9d-806e-00df62b1bfad/operationresults/eyJqb2JJZCI6IlJFU09VUkNFR1JPVVBERUxFVElPTkpPQi1DUlBURVNUQVI2MDk1LUNFTlRSQUxVU0VVQVAiLCJqb2JMb2NhdGlvbiI6ImNlbnRyYWx1c2V1YXAifQ?api-version=2017-05-10",
      "EncodedRequestUri": "L3N1YnNjcmlwdGlvbnMvYjkzNmZmNDYtZGU1OS00YjlkLTgwNmUtMDBkZjYyYjFiZmFkL29wZXJhdGlvbnJlc3VsdHMvZXlKcWIySkpaQ0k2SWxKRlUwOVZVa05GUjFKUFZWQkVSVXhGVkVsUFRrcFBRaTFEVWxCVVJWTlVRVkkyTURrMUxVTkZUbFJTUVV4VlUwVlZRVkFpTENKcWIySk1iMk5oZEdsdmJpSTZJbU5sYm5SeVlXeDFjMlYxWVhBaWZRP2FwaS12ZXJzaW9uPTIwMTctMDUtMTA=",
      "RequestMethod": "GET",
      "RequestBody": "",
      "RequestHeaders": {
        "User-Agent": [
          "FxVersion/4.6.27414.06",
          "OSName/Windows",
          "OSVersion/Microsoft.Windows.10.0.14393.",
          "Microsoft.Azure.Management.ResourceManager.ResourceManagementClient/1.6.0.0"
        ]
      },
      "ResponseHeaders": {
        "Cache-Control": [
          "no-cache"
        ],
        "Pragma": [
          "no-cache"
        ],
        "Location": [
          "https://management.azure.com/subscriptions/b936ff46-de59-4b9d-806e-00df62b1bfad/operationresults/eyJqb2JJZCI6IlJFU09VUkNFR1JPVVBERUxFVElPTkpPQi1DUlBURVNUQVI2MDk1LUNFTlRSQUxVU0VVQVAiLCJqb2JMb2NhdGlvbiI6ImNlbnRyYWx1c2V1YXAifQ?api-version=2017-05-10"
        ],
        "Retry-After": [
          "15"
        ],
        "x-ms-ratelimit-remaining-subscription-reads": [
          "11999"
        ],
        "x-ms-request-id": [
          "dbcc552e-f969-4eb0-a805-e73f82c447ff"
        ],
        "x-ms-correlation-request-id": [
          "dbcc552e-f969-4eb0-a805-e73f82c447ff"
        ],
        "x-ms-routing-request-id": [
          "WESTUS:20190708T230729Z:dbcc552e-f969-4eb0-a805-e73f82c447ff"
        ],
        "Strict-Transport-Security": [
          "max-age=31536000; includeSubDomains"
        ],
        "X-Content-Type-Options": [
          "nosniff"
        ],
        "Date": [
          "Mon, 08 Jul 2019 23:07:29 GMT"
        ],
        "Expires": [
          "-1"
        ],
        "Content-Length": [
          "0"
        ]
      },
      "ResponseBody": "",
      "StatusCode": 202
    },
    {
      "RequestUri": "/subscriptions/b936ff46-de59-4b9d-806e-00df62b1bfad/operationresults/eyJqb2JJZCI6IlJFU09VUkNFR1JPVVBERUxFVElPTkpPQi1DUlBURVNUQVI2MDk1LUNFTlRSQUxVU0VVQVAiLCJqb2JMb2NhdGlvbiI6ImNlbnRyYWx1c2V1YXAifQ?api-version=2017-05-10",
      "EncodedRequestUri": "L3N1YnNjcmlwdGlvbnMvYjkzNmZmNDYtZGU1OS00YjlkLTgwNmUtMDBkZjYyYjFiZmFkL29wZXJhdGlvbnJlc3VsdHMvZXlKcWIySkpaQ0k2SWxKRlUwOVZVa05GUjFKUFZWQkVSVXhGVkVsUFRrcFBRaTFEVWxCVVJWTlVRVkkyTURrMUxVTkZUbFJTUVV4VlUwVlZRVkFpTENKcWIySk1iMk5oZEdsdmJpSTZJbU5sYm5SeVlXeDFjMlYxWVhBaWZRP2FwaS12ZXJzaW9uPTIwMTctMDUtMTA=",
      "RequestMethod": "GET",
      "RequestBody": "",
      "RequestHeaders": {
        "User-Agent": [
          "FxVersion/4.6.27414.06",
          "OSName/Windows",
          "OSVersion/Microsoft.Windows.10.0.14393.",
          "Microsoft.Azure.Management.ResourceManager.ResourceManagementClient/1.6.0.0"
        ]
      },
      "ResponseHeaders": {
        "Cache-Control": [
          "no-cache"
        ],
        "Pragma": [
          "no-cache"
        ],
        "Location": [
          "https://management.azure.com/subscriptions/b936ff46-de59-4b9d-806e-00df62b1bfad/operationresults/eyJqb2JJZCI6IlJFU09VUkNFR1JPVVBERUxFVElPTkpPQi1DUlBURVNUQVI2MDk1LUNFTlRSQUxVU0VVQVAiLCJqb2JMb2NhdGlvbiI6ImNlbnRyYWx1c2V1YXAifQ?api-version=2017-05-10"
        ],
        "Retry-After": [
          "15"
        ],
        "x-ms-ratelimit-remaining-subscription-reads": [
          "11998"
        ],
        "x-ms-request-id": [
          "0899ade6-e262-49df-8913-5f078a3d89c8"
        ],
        "x-ms-correlation-request-id": [
          "0899ade6-e262-49df-8913-5f078a3d89c8"
        ],
        "x-ms-routing-request-id": [
          "WESTUS:20190708T230744Z:0899ade6-e262-49df-8913-5f078a3d89c8"
        ],
        "Strict-Transport-Security": [
          "max-age=31536000; includeSubDomains"
        ],
        "X-Content-Type-Options": [
          "nosniff"
        ],
        "Date": [
          "Mon, 08 Jul 2019 23:07:44 GMT"
        ],
        "Expires": [
          "-1"
        ],
        "Content-Length": [
          "0"
        ]
      },
      "ResponseBody": "",
      "StatusCode": 202
    },
    {
      "RequestUri": "/subscriptions/b936ff46-de59-4b9d-806e-00df62b1bfad/operationresults/eyJqb2JJZCI6IlJFU09VUkNFR1JPVVBERUxFVElPTkpPQi1DUlBURVNUQVI2MDk1LUNFTlRSQUxVU0VVQVAiLCJqb2JMb2NhdGlvbiI6ImNlbnRyYWx1c2V1YXAifQ?api-version=2017-05-10",
      "EncodedRequestUri": "L3N1YnNjcmlwdGlvbnMvYjkzNmZmNDYtZGU1OS00YjlkLTgwNmUtMDBkZjYyYjFiZmFkL29wZXJhdGlvbnJlc3VsdHMvZXlKcWIySkpaQ0k2SWxKRlUwOVZVa05GUjFKUFZWQkVSVXhGVkVsUFRrcFBRaTFEVWxCVVJWTlVRVkkyTURrMUxVTkZUbFJTUVV4VlUwVlZRVkFpTENKcWIySk1iMk5oZEdsdmJpSTZJbU5sYm5SeVlXeDFjMlYxWVhBaWZRP2FwaS12ZXJzaW9uPTIwMTctMDUtMTA=",
      "RequestMethod": "GET",
      "RequestBody": "",
      "RequestHeaders": {
        "User-Agent": [
          "FxVersion/4.6.27414.06",
          "OSName/Windows",
          "OSVersion/Microsoft.Windows.10.0.14393.",
          "Microsoft.Azure.Management.ResourceManager.ResourceManagementClient/1.6.0.0"
        ]
      },
      "ResponseHeaders": {
        "Cache-Control": [
          "no-cache"
        ],
        "Pragma": [
          "no-cache"
        ],
        "Location": [
          "https://management.azure.com/subscriptions/b936ff46-de59-4b9d-806e-00df62b1bfad/operationresults/eyJqb2JJZCI6IlJFU09VUkNFR1JPVVBERUxFVElPTkpPQi1DUlBURVNUQVI2MDk1LUNFTlRSQUxVU0VVQVAiLCJqb2JMb2NhdGlvbiI6ImNlbnRyYWx1c2V1YXAifQ?api-version=2017-05-10"
        ],
        "Retry-After": [
          "15"
        ],
        "x-ms-ratelimit-remaining-subscription-reads": [
          "11997"
        ],
        "x-ms-request-id": [
          "b35d4103-b84d-43a8-a506-cd9fd30daf69"
        ],
        "x-ms-correlation-request-id": [
          "b35d4103-b84d-43a8-a506-cd9fd30daf69"
        ],
        "x-ms-routing-request-id": [
          "WESTUS:20190708T230759Z:b35d4103-b84d-43a8-a506-cd9fd30daf69"
        ],
        "Strict-Transport-Security": [
          "max-age=31536000; includeSubDomains"
        ],
        "X-Content-Type-Options": [
          "nosniff"
        ],
        "Date": [
          "Mon, 08 Jul 2019 23:07:59 GMT"
        ],
        "Expires": [
          "-1"
        ],
        "Content-Length": [
          "0"
        ]
      },
      "ResponseBody": "",
      "StatusCode": 202
    },
    {
      "RequestUri": "/subscriptions/b936ff46-de59-4b9d-806e-00df62b1bfad/operationresults/eyJqb2JJZCI6IlJFU09VUkNFR1JPVVBERUxFVElPTkpPQi1DUlBURVNUQVI2MDk1LUNFTlRSQUxVU0VVQVAiLCJqb2JMb2NhdGlvbiI6ImNlbnRyYWx1c2V1YXAifQ?api-version=2017-05-10",
      "EncodedRequestUri": "L3N1YnNjcmlwdGlvbnMvYjkzNmZmNDYtZGU1OS00YjlkLTgwNmUtMDBkZjYyYjFiZmFkL29wZXJhdGlvbnJlc3VsdHMvZXlKcWIySkpaQ0k2SWxKRlUwOVZVa05GUjFKUFZWQkVSVXhGVkVsUFRrcFBRaTFEVWxCVVJWTlVRVkkyTURrMUxVTkZUbFJTUVV4VlUwVlZRVkFpTENKcWIySk1iMk5oZEdsdmJpSTZJbU5sYm5SeVlXeDFjMlYxWVhBaWZRP2FwaS12ZXJzaW9uPTIwMTctMDUtMTA=",
      "RequestMethod": "GET",
      "RequestBody": "",
      "RequestHeaders": {
        "User-Agent": [
          "FxVersion/4.6.27414.06",
          "OSName/Windows",
          "OSVersion/Microsoft.Windows.10.0.14393.",
          "Microsoft.Azure.Management.ResourceManager.ResourceManagementClient/1.6.0.0"
        ]
      },
      "ResponseHeaders": {
        "Cache-Control": [
          "no-cache"
        ],
        "Pragma": [
          "no-cache"
        ],
        "Location": [
          "https://management.azure.com/subscriptions/b936ff46-de59-4b9d-806e-00df62b1bfad/operationresults/eyJqb2JJZCI6IlJFU09VUkNFR1JPVVBERUxFVElPTkpPQi1DUlBURVNUQVI2MDk1LUNFTlRSQUxVU0VVQVAiLCJqb2JMb2NhdGlvbiI6ImNlbnRyYWx1c2V1YXAifQ?api-version=2017-05-10"
        ],
        "Retry-After": [
          "15"
        ],
        "x-ms-ratelimit-remaining-subscription-reads": [
          "11996"
        ],
        "x-ms-request-id": [
          "eeaf6fa9-602f-4626-b09b-7f1f9d5fc517"
        ],
        "x-ms-correlation-request-id": [
          "eeaf6fa9-602f-4626-b09b-7f1f9d5fc517"
        ],
        "x-ms-routing-request-id": [
          "WESTUS:20190708T230814Z:eeaf6fa9-602f-4626-b09b-7f1f9d5fc517"
        ],
        "Strict-Transport-Security": [
          "max-age=31536000; includeSubDomains"
        ],
        "X-Content-Type-Options": [
          "nosniff"
        ],
        "Date": [
          "Mon, 08 Jul 2019 23:08:13 GMT"
        ],
        "Expires": [
          "-1"
        ],
        "Content-Length": [
          "0"
        ]
      },
      "ResponseBody": "",
      "StatusCode": 202
    },
    {
      "RequestUri": "/subscriptions/b936ff46-de59-4b9d-806e-00df62b1bfad/operationresults/eyJqb2JJZCI6IlJFU09VUkNFR1JPVVBERUxFVElPTkpPQi1DUlBURVNUQVI2MDk1LUNFTlRSQUxVU0VVQVAiLCJqb2JMb2NhdGlvbiI6ImNlbnRyYWx1c2V1YXAifQ?api-version=2017-05-10",
      "EncodedRequestUri": "L3N1YnNjcmlwdGlvbnMvYjkzNmZmNDYtZGU1OS00YjlkLTgwNmUtMDBkZjYyYjFiZmFkL29wZXJhdGlvbnJlc3VsdHMvZXlKcWIySkpaQ0k2SWxKRlUwOVZVa05GUjFKUFZWQkVSVXhGVkVsUFRrcFBRaTFEVWxCVVJWTlVRVkkyTURrMUxVTkZUbFJTUVV4VlUwVlZRVkFpTENKcWIySk1iMk5oZEdsdmJpSTZJbU5sYm5SeVlXeDFjMlYxWVhBaWZRP2FwaS12ZXJzaW9uPTIwMTctMDUtMTA=",
      "RequestMethod": "GET",
      "RequestBody": "",
      "RequestHeaders": {
        "User-Agent": [
          "FxVersion/4.6.27414.06",
          "OSName/Windows",
          "OSVersion/Microsoft.Windows.10.0.14393.",
          "Microsoft.Azure.Management.ResourceManager.ResourceManagementClient/1.6.0.0"
        ]
      },
      "ResponseHeaders": {
        "Cache-Control": [
          "no-cache"
        ],
        "Pragma": [
          "no-cache"
        ],
        "Location": [
          "https://management.azure.com/subscriptions/b936ff46-de59-4b9d-806e-00df62b1bfad/operationresults/eyJqb2JJZCI6IlJFU09VUkNFR1JPVVBERUxFVElPTkpPQi1DUlBURVNUQVI2MDk1LUNFTlRSQUxVU0VVQVAiLCJqb2JMb2NhdGlvbiI6ImNlbnRyYWx1c2V1YXAifQ?api-version=2017-05-10"
        ],
        "Retry-After": [
          "15"
        ],
        "x-ms-ratelimit-remaining-subscription-reads": [
          "11995"
        ],
        "x-ms-request-id": [
          "111e3231-3598-47c9-be19-3675aec4770f"
        ],
        "x-ms-correlation-request-id": [
          "111e3231-3598-47c9-be19-3675aec4770f"
        ],
        "x-ms-routing-request-id": [
          "WESTUS:20190708T230829Z:111e3231-3598-47c9-be19-3675aec4770f"
        ],
        "Strict-Transport-Security": [
          "max-age=31536000; includeSubDomains"
        ],
        "X-Content-Type-Options": [
          "nosniff"
        ],
        "Date": [
          "Mon, 08 Jul 2019 23:08:28 GMT"
        ],
        "Expires": [
          "-1"
        ],
        "Content-Length": [
          "0"
        ]
      },
      "ResponseBody": "",
      "StatusCode": 202
    },
    {
      "RequestUri": "/subscriptions/b936ff46-de59-4b9d-806e-00df62b1bfad/operationresults/eyJqb2JJZCI6IlJFU09VUkNFR1JPVVBERUxFVElPTkpPQi1DUlBURVNUQVI2MDk1LUNFTlRSQUxVU0VVQVAiLCJqb2JMb2NhdGlvbiI6ImNlbnRyYWx1c2V1YXAifQ?api-version=2017-05-10",
      "EncodedRequestUri": "L3N1YnNjcmlwdGlvbnMvYjkzNmZmNDYtZGU1OS00YjlkLTgwNmUtMDBkZjYyYjFiZmFkL29wZXJhdGlvbnJlc3VsdHMvZXlKcWIySkpaQ0k2SWxKRlUwOVZVa05GUjFKUFZWQkVSVXhGVkVsUFRrcFBRaTFEVWxCVVJWTlVRVkkyTURrMUxVTkZUbFJTUVV4VlUwVlZRVkFpTENKcWIySk1iMk5oZEdsdmJpSTZJbU5sYm5SeVlXeDFjMlYxWVhBaWZRP2FwaS12ZXJzaW9uPTIwMTctMDUtMTA=",
      "RequestMethod": "GET",
      "RequestBody": "",
      "RequestHeaders": {
        "User-Agent": [
          "FxVersion/4.6.27414.06",
          "OSName/Windows",
          "OSVersion/Microsoft.Windows.10.0.14393.",
          "Microsoft.Azure.Management.ResourceManager.ResourceManagementClient/1.6.0.0"
        ]
      },
      "ResponseHeaders": {
        "Cache-Control": [
          "no-cache"
        ],
        "Pragma": [
          "no-cache"
        ],
        "Location": [
          "https://management.azure.com/subscriptions/b936ff46-de59-4b9d-806e-00df62b1bfad/operationresults/eyJqb2JJZCI6IlJFU09VUkNFR1JPVVBERUxFVElPTkpPQi1DUlBURVNUQVI2MDk1LUNFTlRSQUxVU0VVQVAiLCJqb2JMb2NhdGlvbiI6ImNlbnRyYWx1c2V1YXAifQ?api-version=2017-05-10"
        ],
        "Retry-After": [
          "15"
        ],
        "x-ms-ratelimit-remaining-subscription-reads": [
          "11994"
        ],
        "x-ms-request-id": [
          "781894e7-3336-46e0-a4f8-0457c93cbb1d"
        ],
        "x-ms-correlation-request-id": [
          "781894e7-3336-46e0-a4f8-0457c93cbb1d"
        ],
        "x-ms-routing-request-id": [
          "WESTUS:20190708T230845Z:781894e7-3336-46e0-a4f8-0457c93cbb1d"
        ],
        "Strict-Transport-Security": [
          "max-age=31536000; includeSubDomains"
        ],
        "X-Content-Type-Options": [
          "nosniff"
        ],
        "Date": [
          "Mon, 08 Jul 2019 23:08:44 GMT"
        ],
        "Expires": [
          "-1"
        ],
        "Content-Length": [
          "0"
        ]
      },
      "ResponseBody": "",
      "StatusCode": 202
    },
    {
      "RequestUri": "/subscriptions/b936ff46-de59-4b9d-806e-00df62b1bfad/operationresults/eyJqb2JJZCI6IlJFU09VUkNFR1JPVVBERUxFVElPTkpPQi1DUlBURVNUQVI2MDk1LUNFTlRSQUxVU0VVQVAiLCJqb2JMb2NhdGlvbiI6ImNlbnRyYWx1c2V1YXAifQ?api-version=2017-05-10",
      "EncodedRequestUri": "L3N1YnNjcmlwdGlvbnMvYjkzNmZmNDYtZGU1OS00YjlkLTgwNmUtMDBkZjYyYjFiZmFkL29wZXJhdGlvbnJlc3VsdHMvZXlKcWIySkpaQ0k2SWxKRlUwOVZVa05GUjFKUFZWQkVSVXhGVkVsUFRrcFBRaTFEVWxCVVJWTlVRVkkyTURrMUxVTkZUbFJTUVV4VlUwVlZRVkFpTENKcWIySk1iMk5oZEdsdmJpSTZJbU5sYm5SeVlXeDFjMlYxWVhBaWZRP2FwaS12ZXJzaW9uPTIwMTctMDUtMTA=",
      "RequestMethod": "GET",
      "RequestBody": "",
      "RequestHeaders": {
        "User-Agent": [
          "FxVersion/4.6.27414.06",
          "OSName/Windows",
          "OSVersion/Microsoft.Windows.10.0.14393.",
          "Microsoft.Azure.Management.ResourceManager.ResourceManagementClient/1.6.0.0"
        ]
      },
      "ResponseHeaders": {
        "Cache-Control": [
          "no-cache"
        ],
        "Pragma": [
          "no-cache"
        ],
        "Location": [
          "https://management.azure.com/subscriptions/b936ff46-de59-4b9d-806e-00df62b1bfad/operationresults/eyJqb2JJZCI6IlJFU09VUkNFR1JPVVBERUxFVElPTkpPQi1DUlBURVNUQVI2MDk1LUNFTlRSQUxVU0VVQVAiLCJqb2JMb2NhdGlvbiI6ImNlbnRyYWx1c2V1YXAifQ?api-version=2017-05-10"
        ],
        "Retry-After": [
          "15"
        ],
        "x-ms-ratelimit-remaining-subscription-reads": [
          "11993"
        ],
        "x-ms-request-id": [
          "25dff8ed-7c3f-4fb5-9c98-01b9cab68f65"
        ],
        "x-ms-correlation-request-id": [
          "25dff8ed-7c3f-4fb5-9c98-01b9cab68f65"
        ],
        "x-ms-routing-request-id": [
          "WESTUS:20190708T230900Z:25dff8ed-7c3f-4fb5-9c98-01b9cab68f65"
        ],
        "Strict-Transport-Security": [
          "max-age=31536000; includeSubDomains"
        ],
        "X-Content-Type-Options": [
          "nosniff"
        ],
        "Date": [
          "Mon, 08 Jul 2019 23:08:59 GMT"
        ],
        "Expires": [
          "-1"
        ],
        "Content-Length": [
          "0"
        ]
      },
      "ResponseBody": "",
      "StatusCode": 202
    },
    {
      "RequestUri": "/subscriptions/b936ff46-de59-4b9d-806e-00df62b1bfad/operationresults/eyJqb2JJZCI6IlJFU09VUkNFR1JPVVBERUxFVElPTkpPQi1DUlBURVNUQVI2MDk1LUNFTlRSQUxVU0VVQVAiLCJqb2JMb2NhdGlvbiI6ImNlbnRyYWx1c2V1YXAifQ?api-version=2017-05-10",
      "EncodedRequestUri": "L3N1YnNjcmlwdGlvbnMvYjkzNmZmNDYtZGU1OS00YjlkLTgwNmUtMDBkZjYyYjFiZmFkL29wZXJhdGlvbnJlc3VsdHMvZXlKcWIySkpaQ0k2SWxKRlUwOVZVa05GUjFKUFZWQkVSVXhGVkVsUFRrcFBRaTFEVWxCVVJWTlVRVkkyTURrMUxVTkZUbFJTUVV4VlUwVlZRVkFpTENKcWIySk1iMk5oZEdsdmJpSTZJbU5sYm5SeVlXeDFjMlYxWVhBaWZRP2FwaS12ZXJzaW9uPTIwMTctMDUtMTA=",
      "RequestMethod": "GET",
      "RequestBody": "",
      "RequestHeaders": {
        "User-Agent": [
          "FxVersion/4.6.27414.06",
          "OSName/Windows",
          "OSVersion/Microsoft.Windows.10.0.14393.",
          "Microsoft.Azure.Management.ResourceManager.ResourceManagementClient/1.6.0.0"
        ]
      },
      "ResponseHeaders": {
        "Cache-Control": [
          "no-cache"
        ],
        "Pragma": [
          "no-cache"
        ],
        "Location": [
          "https://management.azure.com/subscriptions/b936ff46-de59-4b9d-806e-00df62b1bfad/operationresults/eyJqb2JJZCI6IlJFU09VUkNFR1JPVVBERUxFVElPTkpPQi1DUlBURVNUQVI2MDk1LUNFTlRSQUxVU0VVQVAiLCJqb2JMb2NhdGlvbiI6ImNlbnRyYWx1c2V1YXAifQ?api-version=2017-05-10"
        ],
        "Retry-After": [
          "15"
        ],
        "x-ms-ratelimit-remaining-subscription-reads": [
          "11992"
        ],
        "x-ms-request-id": [
          "72417c3d-ff52-4ae3-9640-1cdf6a6c7694"
        ],
        "x-ms-correlation-request-id": [
          "72417c3d-ff52-4ae3-9640-1cdf6a6c7694"
        ],
        "x-ms-routing-request-id": [
          "WESTUS:20190708T230915Z:72417c3d-ff52-4ae3-9640-1cdf6a6c7694"
        ],
        "Strict-Transport-Security": [
          "max-age=31536000; includeSubDomains"
        ],
        "X-Content-Type-Options": [
          "nosniff"
        ],
        "Date": [
          "Mon, 08 Jul 2019 23:09:14 GMT"
        ],
        "Expires": [
          "-1"
        ],
        "Content-Length": [
          "0"
        ]
      },
      "ResponseBody": "",
      "StatusCode": 202
    },
    {
      "RequestUri": "/subscriptions/b936ff46-de59-4b9d-806e-00df62b1bfad/operationresults/eyJqb2JJZCI6IlJFU09VUkNFR1JPVVBERUxFVElPTkpPQi1DUlBURVNUQVI2MDk1LUNFTlRSQUxVU0VVQVAiLCJqb2JMb2NhdGlvbiI6ImNlbnRyYWx1c2V1YXAifQ?api-version=2017-05-10",
      "EncodedRequestUri": "L3N1YnNjcmlwdGlvbnMvYjkzNmZmNDYtZGU1OS00YjlkLTgwNmUtMDBkZjYyYjFiZmFkL29wZXJhdGlvbnJlc3VsdHMvZXlKcWIySkpaQ0k2SWxKRlUwOVZVa05GUjFKUFZWQkVSVXhGVkVsUFRrcFBRaTFEVWxCVVJWTlVRVkkyTURrMUxVTkZUbFJTUVV4VlUwVlZRVkFpTENKcWIySk1iMk5oZEdsdmJpSTZJbU5sYm5SeVlXeDFjMlYxWVhBaWZRP2FwaS12ZXJzaW9uPTIwMTctMDUtMTA=",
      "RequestMethod": "GET",
      "RequestBody": "",
      "RequestHeaders": {
        "User-Agent": [
          "FxVersion/4.6.27414.06",
          "OSName/Windows",
          "OSVersion/Microsoft.Windows.10.0.14393.",
          "Microsoft.Azure.Management.ResourceManager.ResourceManagementClient/1.6.0.0"
        ]
      },
      "ResponseHeaders": {
        "Cache-Control": [
          "no-cache"
        ],
        "Pragma": [
          "no-cache"
        ],
        "Location": [
          "https://management.azure.com/subscriptions/b936ff46-de59-4b9d-806e-00df62b1bfad/operationresults/eyJqb2JJZCI6IlJFU09VUkNFR1JPVVBERUxFVElPTkpPQi1DUlBURVNUQVI2MDk1LUNFTlRSQUxVU0VVQVAiLCJqb2JMb2NhdGlvbiI6ImNlbnRyYWx1c2V1YXAifQ?api-version=2017-05-10"
        ],
        "Retry-After": [
          "15"
        ],
        "x-ms-ratelimit-remaining-subscription-reads": [
          "11991"
        ],
        "x-ms-request-id": [
          "3c5f169d-2342-485c-b97d-bc3dbff849b2"
        ],
        "x-ms-correlation-request-id": [
          "3c5f169d-2342-485c-b97d-bc3dbff849b2"
        ],
        "x-ms-routing-request-id": [
          "WESTUS:20190708T230930Z:3c5f169d-2342-485c-b97d-bc3dbff849b2"
        ],
        "Strict-Transport-Security": [
          "max-age=31536000; includeSubDomains"
        ],
        "X-Content-Type-Options": [
          "nosniff"
        ],
        "Date": [
          "Mon, 08 Jul 2019 23:09:29 GMT"
        ],
        "Expires": [
          "-1"
        ],
        "Content-Length": [
          "0"
        ]
      },
      "ResponseBody": "",
      "StatusCode": 202
    },
    {
      "RequestUri": "/subscriptions/b936ff46-de59-4b9d-806e-00df62b1bfad/operationresults/eyJqb2JJZCI6IlJFU09VUkNFR1JPVVBERUxFVElPTkpPQi1DUlBURVNUQVI2MDk1LUNFTlRSQUxVU0VVQVAiLCJqb2JMb2NhdGlvbiI6ImNlbnRyYWx1c2V1YXAifQ?api-version=2017-05-10",
      "EncodedRequestUri": "L3N1YnNjcmlwdGlvbnMvYjkzNmZmNDYtZGU1OS00YjlkLTgwNmUtMDBkZjYyYjFiZmFkL29wZXJhdGlvbnJlc3VsdHMvZXlKcWIySkpaQ0k2SWxKRlUwOVZVa05GUjFKUFZWQkVSVXhGVkVsUFRrcFBRaTFEVWxCVVJWTlVRVkkyTURrMUxVTkZUbFJTUVV4VlUwVlZRVkFpTENKcWIySk1iMk5oZEdsdmJpSTZJbU5sYm5SeVlXeDFjMlYxWVhBaWZRP2FwaS12ZXJzaW9uPTIwMTctMDUtMTA=",
      "RequestMethod": "GET",
      "RequestBody": "",
      "RequestHeaders": {
        "User-Agent": [
          "FxVersion/4.6.27414.06",
          "OSName/Windows",
          "OSVersion/Microsoft.Windows.10.0.14393.",
          "Microsoft.Azure.Management.ResourceManager.ResourceManagementClient/1.6.0.0"
        ]
      },
      "ResponseHeaders": {
        "Cache-Control": [
          "no-cache"
        ],
        "Pragma": [
          "no-cache"
        ],
        "x-ms-ratelimit-remaining-subscription-reads": [
          "11990"
        ],
        "x-ms-request-id": [
          "2ba5c3f8-4b3e-4ba3-8834-b90cf4733cf4"
        ],
        "x-ms-correlation-request-id": [
          "2ba5c3f8-4b3e-4ba3-8834-b90cf4733cf4"
        ],
        "x-ms-routing-request-id": [
          "WESTUS:20190708T230945Z:2ba5c3f8-4b3e-4ba3-8834-b90cf4733cf4"
        ],
        "Strict-Transport-Security": [
          "max-age=31536000; includeSubDomains"
        ],
        "X-Content-Type-Options": [
          "nosniff"
        ],
        "Date": [
          "Mon, 08 Jul 2019 23:09:45 GMT"
        ],
        "Expires": [
          "-1"
        ],
        "Content-Length": [
          "0"
        ]
      },
      "ResponseBody": "",
      "StatusCode": 200
    },
    {
      "RequestUri": "/subscriptions/b936ff46-de59-4b9d-806e-00df62b1bfad/operationresults/eyJqb2JJZCI6IlJFU09VUkNFR1JPVVBERUxFVElPTkpPQi1DUlBURVNUQVI2MDk1LUNFTlRSQUxVU0VVQVAiLCJqb2JMb2NhdGlvbiI6ImNlbnRyYWx1c2V1YXAifQ?api-version=2017-05-10",
      "EncodedRequestUri": "L3N1YnNjcmlwdGlvbnMvYjkzNmZmNDYtZGU1OS00YjlkLTgwNmUtMDBkZjYyYjFiZmFkL29wZXJhdGlvbnJlc3VsdHMvZXlKcWIySkpaQ0k2SWxKRlUwOVZVa05GUjFKUFZWQkVSVXhGVkVsUFRrcFBRaTFEVWxCVVJWTlVRVkkyTURrMUxVTkZUbFJTUVV4VlUwVlZRVkFpTENKcWIySk1iMk5oZEdsdmJpSTZJbU5sYm5SeVlXeDFjMlYxWVhBaWZRP2FwaS12ZXJzaW9uPTIwMTctMDUtMTA=",
      "RequestMethod": "GET",
      "RequestBody": "",
      "RequestHeaders": {
        "User-Agent": [
          "FxVersion/4.6.27414.06",
          "OSName/Windows",
          "OSVersion/Microsoft.Windows.10.0.14393.",
          "Microsoft.Azure.Management.ResourceManager.ResourceManagementClient/1.6.0.0"
        ]
      },
      "ResponseHeaders": {
        "Cache-Control": [
          "no-cache"
        ],
        "Pragma": [
          "no-cache"
        ],
        "x-ms-ratelimit-remaining-subscription-reads": [
          "11989"
        ],
        "x-ms-request-id": [
          "342d617b-2ae4-43a7-91aa-a685cfad8200"
        ],
        "x-ms-correlation-request-id": [
          "342d617b-2ae4-43a7-91aa-a685cfad8200"
        ],
        "x-ms-routing-request-id": [
          "WESTUS:20190708T230945Z:342d617b-2ae4-43a7-91aa-a685cfad8200"
        ],
        "Strict-Transport-Security": [
          "max-age=31536000; includeSubDomains"
        ],
        "X-Content-Type-Options": [
          "nosniff"
        ],
        "Date": [
          "Mon, 08 Jul 2019 23:09:45 GMT"
        ],
        "Expires": [
          "-1"
        ],
        "Content-Length": [
          "0"
        ]
      },
      "ResponseBody": "",
      "StatusCode": 200
    }
  ],
  "Names": {
    "TestVMScaleSetPriorityOperationsInternal": [
      "crptestar6095",
      "vmss3421",
      "crptestar322"
    ],
    "CreatePublicIP": [
      "pip1559",
      "dn5963"
    ],
    "CreateVNET": [
      "vn5673",
      "sn1534"
    ],
    "CreateNIC": [
      "nic7957",
      "ip2224"
    ],
    "CreateDefaultVMScaleSetInput": [
      "crptestar7106",
      "vmss8534",
      "vmsstestnetconfig300",
      "vmsstestnetconfig6892"
    ]
  },
  "Variables": {
    "SubscriptionId": "b936ff46-de59-4b9d-806e-00df62b1bfad"
  }
}